ARM Linker, 4.1 [Build 894] [Lite256]

==============================================================================

Section Cross References

    startup_stm32f4xx.o(RESET) refers to startup_stm32f4xx.o(STACK) for __initial_sp
    startup_stm32f4xx.o(RESET) refers to startup_stm32f4xx.o(.text) for Reset_Handler
    startup_stm32f4xx.o(RESET) refers to stm32f4xx_it.o(i.NMI_Handler) for NMI_Handler
    startup_stm32f4xx.o(RESET) refers to stm32f4xx_it.o(i.HardFault_Handler) for HardFault_Handler
    startup_stm32f4xx.o(RESET) refers to stm32f4xx_it.o(i.MemManage_Handler) for MemManage_Handler
    startup_stm32f4xx.o(RESET) refers to stm32f4xx_it.o(i.BusFault_Handler) for BusFault_Handler
    startup_stm32f4xx.o(RESET) refers to stm32f4xx_it.o(i.UsageFault_Handler) for UsageFault_Handler
    startup_stm32f4xx.o(RESET) refers to stm32f4xx_it.o(i.SVC_Handler) for SVC_Handler
    startup_stm32f4xx.o(RESET) refers to stm32f4xx_it.o(i.DebugMon_Handler) for DebugMon_Handler
    startup_stm32f4xx.o(RESET) refers to stm32f4xx_it.o(i.PendSV_Handler) for PendSV_Handler
    startup_stm32f4xx.o(RESET) refers to stm32f4xx_it.o(i.SysTick_Handler) for SysTick_Handler
    startup_stm32f4xx.o(RESET) refers to stm32f4xx_it.o(i.EXTI0_IRQHandler) for EXTI0_IRQHandler
    startup_stm32f4xx.o(RESET) refers to stm32f4xx_it.o(i.EXTI1_IRQHandler) for EXTI1_IRQHandler
    startup_stm32f4xx.o(RESET) refers to stm32f4xx_it.o(i.TIM2_IRQHandler) for TIM2_IRQHandler
    startup_stm32f4xx.o(RESET) refers to stm32f4xx_it.o(i.TIM3_IRQHandler) for TIM3_IRQHandler
    startup_stm32f4xx.o(RESET) refers to stm32f4xx_it.o(i.TIM4_IRQHandler) for TIM4_IRQHandler
    startup_stm32f4xx.o(RESET) refers to stm32f4xx_it.o(i.USART1_IRQHandler) for USART1_IRQHandler
    startup_stm32f4xx.o(RESET) refers to stm32f4xx_it.o(i.TIM5_IRQHandler) for TIM5_IRQHandler
    startup_stm32f4xx.o(RESET) refers to stm32f4xx_it.o(i.OTG_FS_IRQHandler) for OTG_FS_IRQHandler
    startup_stm32f4xx.o(.text) refers to system_stm32f4xx.o(i.SystemInit) for SystemInit
    startup_stm32f4xx.o(.text) refers to entry.o(.ARM.Collect$$$$00000000) for __main
    rwfile.o(i.Code_read_data) refers to ff.o(i.f_opendir) for f_opendir
    rwfile.o(i.Code_read_data) refers to stm32f4_discovery.o(i.STM_EVAL_LEDToggle) for STM_EVAL_LEDToggle
    rwfile.o(i.Code_read_data) refers to rwfile.o(i.Delay) for Delay
    rwfile.o(i.Code_read_data) refers to ff.o(i.f_open) for f_open
    rwfile.o(i.Code_read_data) refers to stm32f4_discovery.o(i.STM_EVAL_LEDOn) for STM_EVAL_LEDOn
    rwfile.o(i.Code_read_data) refers to ff.o(i.f_lseek) for f_lseek
    rwfile.o(i.Code_read_data) refers to ff.o(i.f_read) for f_read
    rwfile.o(i.Code_read_data) refers to usbh_usr.o(.bss) for dir
    rwfile.o(i.Code_read_data) refers to rwfile.o(.data) for .data
    rwfile.o(i.Code_read_data) refers to usbh_usr.o(.bss) for fileR
    rwfile.o(i.Delay) refers to rwfile.o(.data) for .data
    rwfile.o(i.ReadPara) refers to ff.o(i.f_opendir) for f_opendir
    rwfile.o(i.ReadPara) refers to stm32f4_discovery.o(i.STM_EVAL_LEDToggle) for STM_EVAL_LEDToggle
    rwfile.o(i.ReadPara) refers to rwfile.o(i.Delay) for Delay
    rwfile.o(i.ReadPara) refers to ff.o(i.f_open) for f_open
    rwfile.o(i.ReadPara) refers to stm32f4_discovery.o(i.STM_EVAL_LEDOn) for STM_EVAL_LEDOn
    rwfile.o(i.ReadPara) refers to ff.o(i.f_read) for f_read
    rwfile.o(i.ReadPara) refers to usbh_usr.o(.bss) for dir
    rwfile.o(i.ReadPara) refers to rwfile.o(.data) for .data
    rwfile.o(i.ReadPara) refers to usbh_usr.o(.bss) for fileR
    rwfile.o(i.TimingDelay_Decrement) refers to rwfile.o(.data) for .data
    stm32f4xx_it.o(i.Dis_Cursor_Horizontal) refers to stm32f4xx_it.o(i.Tx_Start) for Tx_Start
    stm32f4xx_it.o(i.Dis_Cursor_Horizontal) refers to stm32f4xx_it.o(i.Tx_Send) for Tx_Send
    stm32f4xx_it.o(i.Dis_Cursor_Horizontal) refers to stm32f4xx_it.o(i.Tx_End) for Tx_End
    stm32f4xx_it.o(i.Dis_Cursor_Horizontal) refers to stm32f4xx_it.o(.data) for .data
    stm32f4xx_it.o(i.Dis_Cursor_Vertical) refers to stm32f4xx_it.o(i.Tx_Start) for Tx_Start
    stm32f4xx_it.o(i.Dis_Cursor_Vertical) refers to stm32f4xx_it.o(i.Tx_Send) for Tx_Send
    stm32f4xx_it.o(i.Dis_Cursor_Vertical) refers to stm32f4xx_it.o(i.Tx_End) for Tx_End
    stm32f4xx_it.o(i.Dis_Cursor_Vertical) refers to stm32f4xx_it.o(.data) for .data
    stm32f4xx_it.o(i.Display_Config) refers to stm32f4xx_it.o(i.Tx_Start) for Tx_Start
    stm32f4xx_it.o(i.Display_Config) refers to stm32f4xx_it.o(i.Tx_Send) for Tx_Send
    stm32f4xx_it.o(i.Display_Config) refers to stm32f4xx_it.o(i.Tx_End) for Tx_End
    stm32f4xx_it.o(i.Display_Config) refers to rwfile.o(i.Delay) for Delay
    stm32f4xx_it.o(i.Display_Config) refers to stm32f4xx_it.o(i.Dis_Cursor_Vertical) for Dis_Cursor_Vertical
    stm32f4xx_it.o(i.Display_Config) refers to stm32f4xx_it.o(i.SendStr_Uart) for SendStr_Uart
[...]
    i.f_read                                 0x08006b76   Section        0  ff.o(i.f_read)
    i.fabs                                   0x08006cf0   Section        0  fabs.o(i.fabs)
    i.follow_path                            0x08006d10   Section        0  ff.o(i.follow_path)
    follow_path                              0x08006d11   Thumb Code   194  ff.o(i.follow_path)
    i.freq_data_cal                          0x08006dd4   Section        0  data_deal_sub.o(i.freq_data_cal)
    i.get_fat                                0x08006f1c   Section        0  ff.o(i.get_fat)
    i.get_fattime                            0x08006fea   Section        0  fattime.o(i.get_fattime)
    i.insert_dwell_time                      0x08006ff0   Section        0  auto_ctrl_sub.o(i.insert_dwell_time)
    i.interp_segment_init                    0x08007014   Section        0  auto_ctrl_sub.o(i.interp_segment_init)
    i.line_interp_deal                       0x08007054   Section        0  inter_polate_sub.o(i.line_interp_deal)
    i.line_interp_plan                       0x080070b8   Section        0  inter_polate_sub.o(i.line_interp_plan)
    i.linear_vel_ctrl                        0x080072fc   Section        0  inter_polate_sub.o(i.linear_vel_ctrl)
    i.main                                   0x080073a0   Section        0  main.o(i.main)
    i.margin_check                           0x08007574   Section        0  data_deal_sub.o(i.margin_check)
    i.mech_code_load                         0x080075ec   Section        0  data_deal_sub.o(i.mech_code_load)
    i.mech_code_load_FL                      0x0800765c   Section        0  data_deal_sub.o(i.mech_code_load_FL)
    i.mech_status_init                       0x080076b8   Section        0  data_deal_sub.o(i.mech_status_init)
    i.mem_cpy                                0x0800770c   Section        0  ff.o(i.mem_cpy)
    mem_cpy                                  0x0800770d   Thumb Code    18  ff.o(i.mem_cpy)
    i.mem_set                                0x0800771e   Section        0  ff.o(i.mem_set)
    mem_set                                  0x0800771f   Thumb Code    14  ff.o(i.mem_set)
    i.move_window                            0x0800772c   Section        0  ff.o(i.move_window)
    move_window                              0x0800772d   Thumb Code   106  ff.o(i.move_window)
    i.public_para_init                       0x08007798   Section        0  data_deal_sub.o(i.public_para_init)
    i.put_fat                                0x08007810   Section        0  ff.o(i.put_fat)
    i.remove_chain                           0x0800794e   Section        0  ff.o(i.remove_chain)
    remove_chain                             0x0800794f   Thumb Code    98  ff.o(i.remove_chain)
    i.segment_plan                           0x080079b0   Section        0  inter_polate_sub.o(i.segment_plan)
    i.segment_process                        0x08007a2c   Section        0  inter_polate_sub.o(i.segment_process)
    i.system_para_dispatch                   0x08007a84   Section        0  data_deal_sub.o(i.system_para_dispatch)
    i.system_para_load                       0x08007ac0   Section        0  data_deal_sub.o(i.system_para_load)
    i.validate                               0x08007b04   Section        0  ff.o(i.validate)
    validate                                 0x08007b05   Thumb Code    32  ff.o(i.validate)
    .constdata                               0x08007b24   Section        8  stm32f4xx_it.o(.constdata)
    .constdata                               0x08007b2c   Section      194  ff.o(.constdata)
    cvt                                      0x08007b2c   Data         128  ff.o(.constdata)
    sstbl                                    0x08007bac   Data          44  ff.o(.constdata)
    cstbl                                    0x08007bd8   Data          22  ff.o(.constdata)
    .constdata                               0x08007bf0   Section       36  stm32f4_discovery.o(.constdata)
    .constdata                               0x08007c18   Section       48  cos_i.o(.constdata)
    C                                        0x08007c18   Data          48  cos_i.o(.constdata)
    .constdata                               0x08007c48   Section      200  rred.o(.constdata)
    pio2s                                    0x08007c48   Data          48  rred.o(.constdata)
    twooverpi                                0x08007c78   Data         152  rred.o(.constdata)
    .constdata                               0x08007d10   Section       40  sin_i.o(.constdata)
    S                                        0x08007d10   Data          40  sin_i.o(.constdata)
    .data                                    0x20000000   Section       12  rwfile.o(.data)
    FileName                                 0x20000004   Data           4  rwfile.o(.data)
    TimingDelay                              0x20000008   Data           4  rwfile.o(.data)
    .data                                    0x2000000c   Section      286  stm32f4xx_it.o(.data)
    .data                                    0x2000012a   Section        1  stm32f4xx_it.o(.data)
    .data                                    0x2000012c   Section        4  usb_bsp.o(.data)
    .data                                    0x20000130   Section        2  usbh_usr.o(.data)
    USBH_USR_ApplicationState                0x20000131   Data           1  usbh_usr.o(.data)
    .data                                    0x20000134   Section       72  usbh_usr.o(.data)
    .data                                    0x2000017c   Section        1  main.o(.data)
    .data                                    0x2000017e   Section       13  main.o(.data)
    .data                                    0x2000018b   Section       16  stm32f4xx_rcc.o(.data)
    APBAHBPrescTable                         0x2000018b   Data          16  stm32f4xx_rcc.o(.data)
    .data                                    0x2000019c   Section       16  usbh_core.o(.data)
    timeout                                  0x2000019c   Data           2  usbh_core.o(.data)
    .data                                    0x200001ac   Section        1  usbh_msc_fatfs.o(.data)
    Stat                                     0x200001ac   Data           1  usbh_msc_fatfs.o(.data)
    .data                                    0x200001ad   Section        1  usbh_msc_scsi.o(.data)
    status                                   0x200001ad   Data           1  usbh_msc_scsi.o(.data)
    .data                                    0x200001b0   Section       16  usbh_msc_bot.o(.data)
    error_direction                          0x200001b0   Data           1  usbh_msc_bot.o(.data)
    remainingDataLength                      0x200001b4   Data           4  usbh_msc_bot.o(.data)
    datapointer                              0x200001b8   Data           4  usbh_msc_bot.o(.data)
    BOTStallErrorCount                       0x200001bc   Data           4  usbh_msc_bot.o(.data)
    .data                                    0x200001c0   Section        2  usbh_msc_core.o(.data)
    maxLunExceed                             0x200001c1   Data           1  usbh_msc_core.o(.data)
    .data                                    0x200001c4   Section       16  usbh_msc_core.o(.data)
    .data                                    0x200001d4   Section        8  ff.o(.data)
    Fsid                                     0x200001d4   Data           2  ff.o(.data)
    FatFs                                    0x200001d8   Data           4  ff.o(.data)
    .data                                    0x200001dc   Section       20  stm32f4_discovery.o(.data)
    .data                                    0x200001f0   Section       20  auto_ctrl_sub.o(.data)
    .data                                    0x20000204   Section       48  data_deal_sub.o(.data)
    .data                                    0x20000234   Section        4  data_deal_sub.o(.data)
    .data                                    0x20000238   Section        4  data_deal_sub.o(.data)
    .data                                    0x2000023c   Section        1  data_deal_sub.o(.data)
    .data                                    0x20000240   Section        4  data_deal_sub.o(.data)
    .data                                    0x20000244   Section        4  data_deal_sub.o(.data)
    .data                                    0x20000248   Section        4  data_deal_sub.o(.data)
    .data                                    0x2000024c   Section        4  errno.o(.data)
    _errno                                   0x2000024c   Data           4  errno.o(.data)
    .bss                                     0x20000250   Section     1072  usbh_usr.o(.bss)
    .bss                                     0x20000680   Section     1060  usbh_usr.o(.bss)
    .bss                                     0x20000aa4   Section       28  usbh_usr.o(.bss)
    .bss                                     0x20000ac0   Section     1348  main.o(.bss)
    .bss                                     0x20001004   Section      528  usbh_msc_scsi.o(.bss)
    .bss                                     0x20001214   Section       64  usbh_msc_bot.o(.bss)
    .bss                                     0x20001254   Section       74  usbh_msc_core.o(.bss)
    .bss                                     0x200012a0   Section      384  auto_ctrl_sub.o(.bss)
    .bss                                     0x20001420   Section     1328  data_deal_sub.o(.bss)
    STACK                                    0x20001950   Section     1024  startup_stm32f4xx.o(STACK)

    Global Symbols

    Symbol Name                              Value     Ov Type        Size  Object(Section)

    BuildAttributes$$THM_ISAv4$E$P$D$K$B$S$7EM$VFPi3$EXTD16$VFPS$VFMA$PE$A:L22UL41UL21$X:L11$S22US41US21$IEEE1$IW$USESV6$~STKCKD$USESV7$~SHL$OTIME$ROPI$IEEEX$EBA8$MICROLIB$REQ8$PRES8$EABIv2 0x00000000   Number         0  anon$$obj.o ABSOLUTE
    __ARM_use_no_argv                        0x00000000   Number         0  main.o ABSOLUTE
    _clock_init                               - Undefined Weak Reference
    __Vectors_Size                           0x00000188   Number         0  startup_stm32f4xx.o ABSOLUTE
    __Vectors                                0x08000000   Data           4  startup_stm32f4xx.o(RESET)
    __Vectors_End                            0x08000188   Data           0  startup_stm32f4xx.o(RESET)
    __main                                   0x08000189   Thumb Code     0  entry.o(.ARM.Collect$$$$00000000)
    _main_stk                                0x08000189   Thumb Code     0  entry2.o(.ARM.Collect$$$$00000001)
    _main_scatterload                        0x0800018d   Thumb Code     0  entry5.o(.ARM.Collect$$$$00000004)
    __main_after_scatterload                 0x08000191   Thumb Code     0  entry5.o(.ARM.Collect$$$$00000004)
    _main_clock                              0x08000191   Thumb Code     0  entry7b.o(.ARM.Collect$$$$00000008)
    _main_init                               0x08000191   Thumb Code     0  entry8.o(.ARM.Collect$$$$00000009)
    Reset_Handler                            0x0800019d   Thumb Code    18  startup_stm32f4xx.o(.text)
    ADC_IRQHandler                           0x080001c1   Thumb Code     0  startup_stm32f4xx.o(.text)
    CAN1_RX0_IRQHandler                      0x080001c1   Thumb Code     0  startup_stm32f4xx.o(.text)
    CAN1_RX1_IRQHandler                      0x080001c1   Thumb Code     0  startup_stm32f4xx.o(.text)
    CAN1_SCE_IRQHandler                      0x080001c1   Thumb Code     0  startup_stm32f4xx.o(.text)
    CAN1_TX_IRQHandler                       0x080001c1   Thumb Code     0  startup_stm32f4xx.o(.text)
    CAN2_RX0_IRQHandler                      0x080001c1   Thumb Code     0  startup_stm32f4xx.o(.text)
    CAN2_RX1_IRQHandler                      0x080001c1   Thumb Code     0  startup_stm32f4xx.o(.text)
    CAN2_SCE_IRQHandler                      0x080001c1   Thumb Code     0  startup_stm32f4xx.o(.text)
    CAN2_TX_IRQHandler                       0x080001c1   Thumb Code     0  startup_stm32f4xx.o(.text)
    CRYP_IRQHandler                          0x080001c1   Thumb Code     0  startup_stm32f4xx.o(.text)
    DCMI_IRQHandler                          0x080001c1   Thumb Code     0  startup_stm32f4xx.o(.text)
    DMA1_Stream0_IRQHandler                  0x080001c1   Thumb Code     0  startup_stm32f4xx.o(.text)
    DMA1_Stream1_IRQHandler                  0x080001c1   Thumb Code     0  startup_stm32f4xx.o(.text)
    DMA1_Stream2_IRQHandler                  0x080001c1   Thumb Code     0  startup_stm32f4xx.o(.text)
    DMA1_Stream3_IRQHandler                  0x080001c1   Thumb Code     0  startup_stm32f4xx.o(.text)
    DMA1_Stream4_IRQHandler                  0x080001c1   Thumb Code     0  startup_stm32f4xx.o(.text)
    DMA1_Stream5_IRQHandler                  0x080001c1   Thumb Code     0  startup_stm32f4xx.o(.text)
    DMA1_Stream6_IRQHandler                  0x080001c1   Thumb Code     0  startup_stm32f4xx.o(.text)
    DMA1_Stream7_IRQHandler                  0x080001c1   Thumb Code     0  startup_stm32f4xx.o(.text)
    DMA2_Stream0_IRQHandler                  0x080001c1   Thumb Code     0  startup_stm32f4xx.o(.text)
    DMA2_Stream1_IRQHandler                  0x080001c1   Thumb Code     0  startup_stm32f4xx.o(.text)
    DMA2_Stream2_IRQHandler                  0x080001c1   Thumb Code     0  startup_stm32f4xx.o(.text)
    DMA2_Stream3_IRQHandler                  0x080001c1   Thumb Code     0  startup_stm32f4xx.o(.text)
    DMA2_Stream4_IRQHandler                  0x080001c1   Thumb Code     0  startup_stm32f4xx.o(.text)
    DMA2_Stream5_IRQHandler                  0x080001c1   Thumb Code     0  startup_stm32f4xx.o(.text)
    DMA2_Stream6_IRQHandler                  0x080001c1   Thumb Code     0  startup_stm32f4xx.o(.text)
    DMA2_Stream7_IRQHandler                  0x080001c1   Thumb Code     0  startup_stm32f4xx.o(.text)
    ETH_IRQHandler                           0x080001c1   Thumb Code     0  startup_stm32f4xx.o(.text)
    ETH_WKUP_IRQHandler                      0x080001c1   Thumb Code     0  startup_stm32f4xx.o(.text)
    EXTI15_10_IRQHandler                     0x080001c1   Thumb Code     0  startup_stm32f4xx.o(.text)
    EXTI2_IRQHandler                         0x080001c1   Thumb Code     0  startup_stm32f4xx.o(.text)
    EXTI3_IRQHandler                         0x080001c1   Thumb Code     0  startup_stm32f4xx.o(.text)
    EXTI4_IRQHandler                         0x080001c1   Thumb Code     0  startup_stm32f4xx.o(.text)
    EXTI9_5_IRQHandler                       0x080001c1   Thumb Code     0  startup_stm32f4xx.o(.text)
    FLASH_IRQHandler                         0x080001c1   Thumb Code     0  startup_stm32f4xx.o(.text)
    FPU_IRQHandler                           0x080001c1   Thumb Code     0  startup_stm32f4xx.o(.text)
    FSMC_IRQHandler                          0x080001c1   Thumb Code     0  startup_stm32f4xx.o(.text)
    HASH_RNG_IRQHandler                      0x080001c1   Thumb Code     0  startup_stm32f4xx.o(.text)
    I2C1_ER_IRQHandler                       0x080001c1   Thumb Code     0  startup_stm32f4xx.o(.text)
    I2C1_EV_IRQHandler                       0x080001c1   Thumb Code     0  startup_stm32f4xx.o(.text)
    I2C2_ER_IRQHandler                       0x080001c1   Thumb Code     0  startup_stm32f4xx.o(.text)
    I2C2_EV_IRQHandler                       0x080001c1   Thumb Code     0  startup_stm32f4xx.o(.text)
    I2C3_ER_IRQHandler                       0x080001c1   Thumb Code     0  startup_stm32f4xx.o(.text)
    I2C3_EV_IRQHandler                       0x080001c1   Thumb Code     0  startup_stm32f4xx.o(.text)
    OTG_FS_WKUP_IRQHandler                   0x080001c1   Thumb Code     0  startup_stm32f4xx.o(.text)
    OTG_HS_EP1_IN_IRQHandler                 0x080001c1   Thumb Code     0  startup_stm32f4xx.o(.text)
    OTG_HS_EP1_OUT_IRQHandler                0x080001c1   Thumb Code     0  startup_stm32f4xx.o(.text)
    OTG_HS_IRQHandler                        0x080001c1   Thumb Code     0  startup_stm32f4xx.o(.text)
    OTG_HS_WKUP_IRQHandler                   0x080001c1   Thumb Code     0  startup_stm32f4xx.o(.text)
    PVD_IRQHandler                           0x080001c1   Thumb Code     0  startup_stm32f4xx.o(.text)
    RCC_IRQHandler                           0x080001c1   Thumb Code     0  startup_stm32f4xx.o(.text)
    RTC_Alarm_IRQHandler                     0x080001c1   Thumb Code     0  startup_stm32f4xx.o(.text)
    RTC_WKUP_IRQHandler                      0x080001c1   Thumb Code     0  startup_stm32f4xx.o(.text)
    SDIO_IRQHandler                          0x080001c1   Thumb Code     0  startup_stm32f4xx.o(.text)
    SPI1_IRQHandler                          0x080001c1   Thumb Code     0  startup_stm32f4xx.o(.text)
    SPI2_IRQHandler                          0x080001c1   Thumb Code     0  startup_stm32f4xx.o(.text)
    SPI3_IRQHandler                          0x080001c1   Thumb Code     0  startup_stm32f4xx.o(.text)
    TAMP_STAMP_IRQHandler                    0x080001c1   Thumb Code     0  startup_stm32f4xx.o(.text)
    TIM1_BRK_TIM9_IRQHandler                 0x080001c1   Thumb Code     0  startup_stm32f4xx.o(.text)
    TIM1_CC_IRQHandler                       0x080001c1   Thumb Code     0  startup_stm32f4xx.o(.text)
    TIM1_TRG_COM_TIM11_IRQHandler            0x080001c1   Thumb Code     0  startup_stm32f4xx.o(.text)
    TIM1_UP_TIM10_IRQHandler                 0x080001c1   Thumb Code     0  startup_stm32f4xx.o(.text)
    TIM6_DAC_IRQHandler                      0x080001c1   Thumb Code     0  startup_stm32f4xx.o(.text)
    TIM7_IRQHandler                          0x080001c1   Thumb Code     0  startup_stm32f4xx.o(.text)
    TIM8_BRK_TIM12_IRQHandler                0x080001c1   Thumb Code     0  startup_stm32f4xx.o(.text)
    TIM8_CC_IRQHandler                       0x080001c1   Thumb Code     0  startup_stm32f4xx.o(.text)
    TIM8_TRG_COM_TIM14_IRQHandler            0x080001c1   Thumb Code     0  startup_stm32f4xx.o(.text)
    TIM8_UP_TIM13_IRQHandler                 0x080001c1   Thumb Code     0  startup_stm32f4xx.o(.text)
    UART4_IRQHandler                         0x080001c1   Thumb Code     0  startup_stm32f4xx.o(.text)
    UART5_IRQHandler                         0x080001c1   Thumb Code     0  startup_stm32f4xx.o(.text)
    USART2_IRQHandler                        0x080001c1   Thumb Code     0  startup_stm32f4xx.o(.text)
    USART3_IRQHandler                        0x080001c1   Thumb Code     0  startup_stm32f4xx.o(.text)
    USART6_IRQHandler                        0x080001c1   Thumb Code     0  startup_stm32f4xx.o(.text)
    WWDG_IRQHandler                          0x080001c1   Thumb Code     0  startup_stm32f4xx.o(.text)
    __aeabi_memcpy                           0x080001d1   Thumb Code    36  memcpya.o(.text)
    __aeabi_memcpy4                          0x080001d1   Thumb Code     0  memcpya.o(.text)
    __aeabi_memcpy8                          0x080001d1   Thumb Code     0  memcpya.o(.text)
    __aeabi_dadd                             0x080001f5   Thumb Code   320  dadd.o(.text)
    __aeabi_dsub                             0x08000335   Thumb Code     6  dadd.o(.text)
    __aeabi_drsub                            0x0800033b   Thumb Code     6  dadd.o(.text)
    __aeabi_dmul                             0x08000341   Thumb Code   224  dmul.o(.text)
    __aeabi_ddiv                             0x08000421   Thumb Code   222  ddiv.o(.text)
    __aeabi_i2d                              0x080004ff   Thumb Code    34  dflti.o(.text)
    __aeabi_d2iz                             0x08000521   Thumb Code    62  dfixi.o(.text)
    __aeabi_d2uiz                            0x0800055f   Thumb Code    46  dfixui.o(.text)
    __aeabi_f2d                              0x0800058d   Thumb Code    44  f2d.o(.text)
    __aeabi_cdcmpeq                          0x080005b9   Thumb Code     0  cdcmple.o(.text)
    __aeabi_cdcmple                          0x080005b9   Thumb Code    38  cdcmple.o(.text)
    __aeabi_d2f                              0x080005e1   Thumb Code    56  d2f.o(.text)
    __aeabi_llsl                             0x08000619   Thumb Code    30  llshl.o(.text)
    _ll_shift_l                              0x08000619   Thumb Code     0  llshl.o(.text)
    __aeabi_llsr                             0x08000637   Thumb Code    32  llushr.o(.text)
    _ll_ushift_r                             0x08000637   Thumb Code     0  llushr.o(.text)
    __aeabi_lasr                             0x08000657   Thumb Code    36  llsshr.o(.text)
    _ll_sshift_r                             0x08000657   Thumb Code     0  llsshr.o(.text)
    __I$use$fp                               0x0800067b   Thumb Code     0  iusefp.o(.text)
    _float_round                             0x0800067b   Thumb Code    18  fepilogue.o(.text)
    _float_epilogue                          0x0800068d   Thumb Code    90  fepilogue.o(.text)
    _double_round                            0x080006e7   Thumb Code    26  depilogue.o(.text)
    _double_epilogue                         0x08000701   Thumb Code   164  depilogue.o(.text)
    _dsqrt                                   0x080007a5   Thumb Code   162  dsqrt.o(.text)
    __scatterload                            0x08000849   Thumb Code    28  init.o(.text)
    __scatterload_rt2                        0x08000849   Thumb Code     0  init.o(.text)
    __aeabi_ui2d                             0x0800086d   Thumb Code    26  dfltui.o(.text)
    __decompress                             0x08000887   Thumb Code     0  __dczerorl2.o(.text)
    __decompress1                            0x08000887   Thumb Code    92  __dczerorl2.o(.text)
    BusFault_Handler                         0x08000973   Thumb Code     2  stm32f4xx_it.o(i.BusFault_Handler)
    Code_read_data                           0x08000975   Thumb Code    84  rwfile.o(i.Code_read_data)
    DebugMon_Handler                         0x080009e5   Thumb Code     2  stm32f4xx_it.o(i.DebugMon_Handler)
    Delay                                    0x080009e9   Thumb Code    12  rwfile.o(i.Delay)
    Dis_Cursor_Horizontal                    0x080009f9   Thumb Code    98  stm32f4xx_it.o(i.Dis_Cursor_Horizontal)
    Dis_Cursor_Vertical                      0x08000a61   Thumb Code    98  stm32f4xx_it.o(i.Dis_Cursor_Vertical)
    Display_Config                           0x08000ac9   Thumb Code   388  stm32f4xx_it.o(i.Display_Config)
    Display_Init                             0x08000c7d   Thumb Code    32  main.o(i.Display_Init)
    EXTI0_IRQHandler                         0x08000ca5   Thumb Code    18  stm32f4xx_it.o(i.EXTI0_IRQHandler)
    EXTI1_IRQHandler                         0x08000cb9   Thumb Code    46  stm32f4xx_it.o(i.EXTI1_IRQHandler)
    EXTI_ClearITPendingBit                   0x08000ced   Thumb Code     6  stm32f4xx_exti.o(i.EXTI_ClearITPendingBit)
    EXTI_GetITStatus                         0x08000cf9   Thumb Code    28  stm32f4xx_exti.o(i.EXTI_GetITStatus)
    EXTI_Init                                0x08000d19   Thumb Code   112  stm32f4xx_exti.o(i.EXTI_Init)
    GPIO_Init                                0x08000d8d   Thumb Code   124  stm32f4xx_gpio.o(i.GPIO_Init)
    GPIO_PinAFConfig                         0x08000e09   Thumb Code    32  stm32f4xx_gpio.o(i.GPIO_PinAFConfig)
    GPIO_ReadInputDataBit                    0x08000e29   Thumb Code    14  stm32f4xx_gpio.o(i.GPIO_ReadInputDataBit)
    GPIO_ResetBits                           0x08000e37   Thumb Code     4  stm32f4xx_gpio.o(i.GPIO_ResetBits)
    GPIO_SetBits                             0x08000e3b   Thumb Code     4  stm32f4xx_gpio.o(i.GPIO_SetBits)
    HCD_GetCurrentFrame                      0x08000e3f   Thumb Code     8  usb_hcd.o(i.HCD_GetCurrentFrame)
    HCD_GetCurrentSpeed                      0x08000e47   Thumb Code    12  usb_hcd.o(i.HCD_GetCurrentSpeed)
    HCD_GetURB_State                         0x08000e53   Thumb Code     8  usb_hcd.o(i.HCD_GetURB_State)
    HCD_GetXferCnt                           0x08000e5b   Thumb Code    10  usb_hcd.o(i.HCD_GetXferCnt)
    HCD_Init                                 0x08000e65   Thumb Code    86  usb_hcd.o(i.HCD_Init)
    HCD_IsDeviceConnected                    0x08000ebb   Thumb Code     6  usb_hcd.o(i.HCD_IsDeviceConnected)
    HCD_ResetPort                            0x08000ec1   Thumb Code    10  usb_hcd.o(i.HCD_ResetPort)
    HCD_SubmitRequest                        0x08000ecb   Thumb Code    20  usb_hcd.o(i.HCD_SubmitRequest)
    HardFault_Handler                        0x08000edf   Thumb Code     2  stm32f4xx_it.o(i.HardFault_Handler)
    Key_Process                              0x08000ee1   Thumb Code   986  stm32f4xx_it.o(i.Key_Process)
    Key_Read                                 0x080012f1   Thumb Code   278  stm32f4xx_it.o(i.Key_Read)
    Keyboard_Init                            0x08001411   Thumb Code    94  main.o(i.Keyboard_Init)
    MemManage_Handler                        0x08001479   Thumb Code     2  stm32f4xx_it.o(i.MemManage_Handler)
    NMI_Handler                              0x0800147b   Thumb Code     2  stm32f4xx_it.o(i.NMI_Handler)
    NVIC_Init                                0x0800147d   Thumb Code    92  misc.o(i.NVIC_Init)
    NVIC_PriorityGroupConfig                 0x080014e1   Thumb Code    10  misc.o(i.NVIC_PriorityGroupConfig)
    NVIC_SetVectorTable                      0x080014f5   Thumb Code    12  misc.o(i.NVIC_SetVectorTable)
    OTG_FS_IRQHandler                        0x08001509   Thumb Code     6  stm32f4xx_it.o(i.OTG_FS_IRQHandler)
    PWM_Output                               0x08001515   Thumb Code   450  stm32f4xx_it.o(i.PWM_Output)
    Palette_Cfg                              0x080016f9   Thumb Code    44  stm32f4xx_it.o(i.Palette_Cfg)
    PendSV_Handler                           0x08001725   Thumb Code     2  stm32f4xx_it.o(i.PendSV_Handler)
    RCC_AHB1PeriphClockCmd                   0x08001729   Thumb Code    18  stm32f4xx_rcc.o(i.RCC_AHB1PeriphClockCmd)
    RCC_AHB2PeriphClockCmd                   0x08001741   Thumb Code    18  stm32f4xx_rcc.o(i.RCC_AHB2PeriphClockCmd)
    RCC_APB1PeriphClockCmd                   0x08001759   Thumb Code    18  stm32f4xx_rcc.o(i.RCC_APB1PeriphClockCmd)
    RCC_APB2PeriphClockCmd                   0x08001771   Thumb Code    18  stm32f4xx_rcc.o(i.RCC_APB2PeriphClockCmd)
    RCC_GetClocksFreq                        0x08001789   Thumb Code   138  stm32f4xx_rcc.o(i.RCC_GetClocksFreq)
    ReadPara                                 0x08001821   Thumb Code   102  rwfile.o(i.ReadPara)
    ResetSymbols                             0x080018b1   Thumb Code    12  usbh_usr.o(i.ResetSymbols)
    STM_EVAL_LEDInit                         0x080018c5   Thumb Code    62  stm32f4_discovery.o(i.STM_EVAL_LEDInit)
    STM_EVAL_LEDOff                          0x0800190d   Thumb Code    16  stm32f4_discovery.o(i.STM_EVAL_LEDOff)
    STM_EVAL_LEDOn                           0x08001925   Thumb Code    16  stm32f4_discovery.o(i.STM_EVAL_LEDOn)
    STM_EVAL_LEDToggle                       0x0800193d   Thumb Code    20  stm32f4_discovery.o(i.STM_EVAL_LEDToggle)
    STM_EVAL_PBInit                          0x08001959   Thumb Code   142  stm32f4_discovery.o(i.STM_EVAL_PBInit)
    SVC_Handler                              0x080019f1   Thumb Code     2  stm32f4xx_it.o(i.SVC_Handler)
    SYSCFG_EXTILineConfig                    0x080019f5   Thumb Code    34  stm32f4xx_syscfg.o(i.SYSCFG_EXTILineConfig)
    SendData_Uart                            0x08001a1d   Thumb Code    44  main.o(i.SendData_Uart)
    SendFloat_Uart                           0x08001a4d   Thumb Code   316  stm32f4xx_it.o(i.SendFloat_Uart)
    SendNum_Uart                             0x08001b91   Thumb Code   140  stm32f4xx_it.o(i.SendNum_Uart)
    SendStr_Uart                             0x08001c21   Thumb Code   130  stm32f4xx_it.o(i.SendStr_Uart)
    SysTick_Handler                          0x08001d6d   Thumb Code    24  stm32f4xx_it.o(i.SysTick_Handler)
    SystemInit                               0x08001d8d   Thumb Code    62  system_stm32f4xx.o(i.SystemInit)
    TIM2_IRQHandler                          0x08001ddd   Thumb Code     4  stm32f4xx_it.o(i.TIM2_IRQHandler)
    TIM3_IRQHandler                          0x08001de1   Thumb Code    44  stm32f4xx_it.o(i.TIM3_IRQHandler)
    TIM4_IRQHandler                          0x08001e11   Thumb Code     2  stm32f4xx_it.o(i.TIM4_IRQHandler)
    TIM5_IRQHandler                          0x08001e13   Thumb Code     2  stm32f4xx_it.o(i.TIM5_IRQHandler)
    TIM_ARRPreloadConfig                     0x08001e15   Thumb Code    20  stm32f4xx_tim.o(i.TIM_ARRPreloadConfig)
    TIM_ClearITPendingBit                    0x08001e29   Thumb Code     6  stm32f4xx_tim.o(i.TIM_ClearITPendingBit)
    TIM_Cmd                                  0x08001e2f   Thumb Code    20  stm32f4xx_tim.o(i.TIM_Cmd)
    TIM_GetITStatus                          0x08001e43   Thumb Code    22  stm32f4xx_tim.o(i.TIM_GetITStatus)
    TIM_ITConfig                             0x08001e59   Thumb Code    16  stm32f4xx_tim.o(i.TIM_ITConfig)
    TIM_OC2Init                              0x08001e69   Thumb Code   116  stm32f4xx_tim.o(i.TIM_OC2Init)
    TIM_OC2PreloadConfig                     0x08001ee5   Thumb Code    14  stm32f4xx_tim.o(i.TIM_OC2PreloadConfig)
    TIM_TimeBaseInit                         0x08001ef5   Thumb Code   100  stm32f4xx_tim.o(i.TIM_TimeBaseInit)
    TimingDelay_Decrement                    0x08001f75   Thumb Code    16  rwfile.o(i.TimingDelay_Decrement)
    Tx_End                                   0x08001f89   Thumb Code    52  stm32f4xx_it.o(i.Tx_End)
    Tx_Send                                  0x08001fc5   Thumb Code    26  stm32f4xx_it.o(i.Tx_Send)
    Tx_Start                                 0x08001fe5   Thumb Code    26  stm32f4xx_it.o(i.Tx_Start)
    USART1_AF_Config                         0x08002005   Thumb Code   234  main.o(i.USART1_AF_Config)
    USART1_IRQHandler                        0x080020fd   Thumb Code    54  stm32f4xx_it.o(i.USART1_IRQHandler)
    USART_ClearITPendingBit                  0x08002139   Thumb Code    12  stm32f4xx_usart.o(i.USART_ClearITPendingBit)
    USART_ClockInit                          0x08002145   Thumb Code    28  stm32f4xx_usart.o(i.USART_ClockInit)
    USART_Cmd                                0x08002161   Thumb Code    20  stm32f4xx_usart.o(i.USART_Cmd)
    USART_GetFlagStatus                      0x08002175   Thumb Code    14  stm32f4xx_usart.o(i.USART_GetFlagStatus)
    USART_GetITStatus                        0x08002183   Thumb Code    62  stm32f4xx_usart.o(i.USART_GetITStatus)
    USART_ITConfig                           0x080021c1   Thumb Code    48  stm32f4xx_usart.o(i.USART_ITConfig)
    USART_Init                               0x080021f1   Thumb Code   174  stm32f4xx_usart.o(i.USART_Init)
    USART_ReceiveData                        0x080022a9   Thumb Code     8  stm32f4xx_usart.o(i.USART_ReceiveData)
    USART_SendData                           0x080022b1   Thumb Code     8  stm32f4xx_usart.o(i.USART_SendData)
    USBH_Alloc_Channel                       0x080022b9   Thumb Code    52  usbh_hcs.o(i.USBH_Alloc_Channel)
    USBH_BulkReceiveData                     0x080022ed   Thumb Code    40  usbh_ioreq.o(i.USBH_BulkReceiveData)
    USBH_BulkSendData                        0x08002315   Thumb Code    46  usbh_ioreq.o(i.USBH_BulkSendData)
    USBH_ClrFeature                          0x08002343   Thumb Code    46  usbh_stdreq.o(i.USBH_ClrFeature)
    USBH_Connect                             0x08002371   Thumb Code    18  usbh_core.o(i.USBH_Connect)
    USBH_CtlReceiveData                      0x08002383   Thumb Code    36  usbh_ioreq.o(i.USBH_CtlReceiveData)
    USBH_CtlReq                              0x080023a7   Thumb Code    80  usbh_ioreq.o(i.USBH_CtlReq)
    USBH_CtlSendData                         0x080023f9   Thumb Code    58  usbh_ioreq.o(i.USBH_CtlSendData)
    USBH_CtlSendSetup                        0x08002433   Thumb Code    40  usbh_ioreq.o(i.USBH_CtlSendSetup)
    USBH_DeAllocate_AllChannel               0x0800245b   Thumb Code    24  usbh_hcs.o(i.USBH_DeAllocate_AllChannel)
    USBH_DeInit                              0x08002473   Thumb Code    52  usbh_core.o(i.USBH_DeInit)
    USBH_Disconnect                          0x080024a7   Thumb Code    18  usbh_core.o(i.USBH_Disconnect)
    USBH_ErrorHandle                         0x080024b9   Thumb Code    44  usbh_core.o(i.USBH_ErrorHandle)
    USBH_Free_Channel                        0x080024e5   Thumb Code    26  usbh_hcs.o(i.USBH_Free_Channel)
    USBH_GetDescriptor                       0x080024ff   Thumb Code    50  usbh_stdreq.o(i.USBH_GetDescriptor)
    USBH_Get_CfgDesc                         0x0800253f   Thumb Code    56  usbh_stdreq.o(i.USBH_Get_CfgDesc)
    USBH_Get_DevDesc                         0x08002577   Thumb Code   132  usbh_stdreq.o(i.USBH_Get_DevDesc)
    USBH_Get_StringDesc                      0x080025fb   Thumb Code    74  usbh_stdreq.o(i.USBH_Get_StringDesc)
    USBH_HandleControl                       0x08002645   Thumb Code   458  usbh_core.o(i.USBH_HandleControl)
    USBH_Init                                0x080029ad   Thumb Code    92  usbh_core.o(i.USBH_Init)
    USBH_MSC_BOT_Abort                       0x08002a0d   Thumb Code    48  usbh_msc_bot.o(i.USBH_MSC_BOT_Abort)
    USBH_MSC_DecodeCSW                       0x08002a51   Thumb Code    78  usbh_msc_bot.o(i.USBH_MSC_DecodeCSW)
    USBH_MSC_ErrorHandle                     0x08002aad   Thumb Code    42  usbh_msc_core.o(i.USBH_MSC_ErrorHandle)
    USBH_MSC_HandleBOTXfer                   0x08002c45   Thumb Code   498  usbh_msc_bot.o(i.USBH_MSC_HandleBOTXfer)
    USBH_MSC_Init                            0x08002e45   Thumb Code    40  usbh_msc_bot.o(i.USBH_MSC_Init)
    USBH_MSC_ModeSense6                      0x08002f59   Thumb Code   142  usbh_msc_scsi.o(i.USBH_MSC_ModeSense6)
    USBH_MSC_Read10                          0x08002ff5   Thumb Code   202  usbh_msc_scsi.o(i.USBH_MSC_Read10)
    USBH_MSC_ReadCapacity10                  0x080030cd   Thumb Code   148  usbh_msc_scsi.o(i.USBH_MSC_ReadCapacity10)
    USBH_MSC_RequestSense                    0x0800316d   Thumb Code   146  usbh_msc_scsi.o(i.USBH_MSC_RequestSense)
    USBH_MSC_TestUnitReady                   0x0800320d   Thumb Code   116  usbh_msc_scsi.o(i.USBH_MSC_TestUnitReady)
    USBH_MSC_Write10                         0x0800328d   Thumb Code   158  usbh_msc_scsi.o(i.USBH_MSC_Write10)
    USBH_Modify_Channel                      0x08003335   Thumb Code    56  usbh_hcs.o(i.USBH_Modify_Channel)
    USBH_OTG_ISR_Handler                     0x0800336d   Thumb Code   168  usb_hcd_int.o(i.USBH_OTG_ISR_Handler)
    USBH_Open_Channel                        0x08003415   Thumb Code    82  usbh_hcs.o(i.USBH_Open_Channel)
    USBH_Process                             0x08003555   Thumb Code   404  usbh_core.o(i.USBH_Process)
    USBH_SetAddress                          0x080036e9   Thumb Code    24  usbh_stdreq.o(i.USBH_SetAddress)
    USBH_SetCfg                              0x08003701   Thumb Code    24  usbh_stdreq.o(i.USBH_SetCfg)
    USBH_USR_Configuration_DescAvailable     0x08003719   Thumb Code     2  usbh_usr.o(i.USBH_USR_Configuration_DescAvailable)
    USBH_USR_DeInit                          0x0800371d   Thumb Code     8  usbh_usr.o(i.USBH_USR_DeInit)
    USBH_USR_DeviceAddressAssigned           0x08003729   Thumb Code     2  usbh_usr.o(i.USBH_USR_DeviceAddressAssigned)
    USBH_USR_DeviceAttached                  0x0800372d   Thumb Code    34  usbh_usr.o(i.USBH_USR_DeviceAttached)
    USBH_USR_DeviceDisconnected              0x0800375d   Thumb Code    54  usbh_usr.o(i.USBH_USR_DeviceDisconnected)
    USBH_USR_DeviceNotSupported              0x080037a5   Thumb Code     2  usbh_usr.o(i.USBH_USR_DeviceNotSupported)
    USBH_USR_DeviceSpeedDetected             0x080037a7   Thumb Code     2  usbh_usr.o(i.USBH_USR_DeviceSpeedDetected)
    USBH_USR_Device_DescAvailable            0x080037a9   Thumb Code     2  usbh_usr.o(i.USBH_USR_Device_DescAvailable)
    USBH_USR_EnumerationDone                 0x080037ab   Thumb Code    18  usbh_usr.o(i.USBH_USR_EnumerationDone)
    USBH_USR_Init                            0x080037bd   Thumb Code     2  usbh_usr.o(i.USBH_USR_Init)
    USBH_USR_MSC_Application                 0x080037c1   Thumb Code    60  usbh_usr.o(i.USBH_USR_MSC_Application)
    USBH_USR_Manufacturer_String             0x0800380d   Thumb Code     2  usbh_usr.o(i.USBH_USR_Manufacturer_String)
    USBH_USR_OverCurrentDetected             0x0800380f   Thumb Code     2  usbh_usr.o(i.USBH_USR_OverCurrentDetected)
    USBH_USR_Product_String                  0x08003811   Thumb Code     2  usbh_usr.o(i.USBH_USR_Product_String)
    USBH_USR_ResetDevice                     0x08003813   Thumb Code     2  usbh_usr.o(i.USBH_USR_ResetDevice)
    USBH_USR_SerialNum_String                0x08003815   Thumb Code     2  usbh_usr.o(i.USBH_USR_SerialNum_String)
    USBH_USR_UnrecoveredError                0x08003817   Thumb Code     2  usbh_usr.o(i.USBH_USR_UnrecoveredError)
    USBH_USR_UserInput                       0x08003819   Thumb Code     4  usbh_usr.o(i.USBH_USR_UserInput)
    USB_OTG_BSP_ConfigVBUS                   0x0800381d   Thumb Code    60  usb_bsp.o(i.USB_OTG_BSP_ConfigVBUS)
    USB_OTG_BSP_DriveVBUS                    0x0800385d   Thumb Code    18  usb_bsp.o(i.USB_OTG_BSP_DriveVBUS)
    USB_OTG_BSP_EnableInterrupt              0x08003875   Thumb Code    64  usb_bsp.o(i.USB_OTG_BSP_EnableInterrupt)
    USB_OTG_BSP_Init                         0x080038b5   Thumb Code   180  usb_bsp.o(i.USB_OTG_BSP_Init)
    USB_OTG_BSP_TimerIRQ                     0x0800396d   Thumb Code    50  usb_bsp.o(i.USB_OTG_BSP_TimerIRQ)
    USB_OTG_BSP_mDelay                       0x080039a5   Thumb Code     6  usb_bsp.o(i.USB_OTG_BSP_mDelay)
    USB_OTG_BSP_uDelay                       0x080039ab   Thumb Code     6  usb_bsp.o(i.USB_OTG_BSP_uDelay)
    USB_OTG_CoreInit                         0x080039b1   Thumb Code   218  usb_core.o(i.USB_OTG_CoreInit)
    USB_OTG_CoreInitHost                     0x08003a8d   Thumb Code   150  usb_core.o(i.USB_OTG_CoreInitHost)
    USB_OTG_DisableGlobalInt                 0x08003b7d   Thumb Code    16  usb_core.o(i.USB_OTG_DisableGlobalInt)
    USB_OTG_DriveVbus                        0x08003b8d   Thumb Code    60  usb_core.o(i.USB_OTG_DriveVbus)
    USB_OTG_EnableGlobalInt                  0x08003bc9   Thumb Code    16  usb_core.o(i.USB_OTG_EnableGlobalInt)
    USB_OTG_EnableHostInt                    0x08003bd9   Thumb Code    62  usb_core.o(i.USB_OTG_EnableHostInt)
    USB_OTG_FlushRxFifo                      0x08003c1d   Thumb Code    54  usb_core.o(i.USB_OTG_FlushRxFifo)
    USB_OTG_FlushTxFifo                      0x08003c59   Thumb Code    62  usb_core.o(i.USB_OTG_FlushTxFifo)
    USB_OTG_HC_DoPing                        0x08003c9d   Thumb Code    42  usb_core.o(i.USB_OTG_HC_DoPing)
    USB_OTG_HC_Halt                          0x08003cc7   Thumb Code    60  usb_core.o(i.USB_OTG_HC_Halt)
    USB_OTG_HC_Init                          0x08003d05   Thumb Code   230  usb_core.o(i.USB_OTG_HC_Init)
    USB_OTG_HC_StartXfer                     0x08003deb   Thumb Code   258  usb_core.o(i.USB_OTG_HC_StartXfer)
    USB_OTG_InitFSLSPClkSel                  0x08003eed   Thumb Code    12  usb_core.o(i.USB_OTG_InitFSLSPClkSel)
    USB_OTG_IsEvenFrame                      0x08003ef9   Thumb Code    12  usb_core.o(i.USB_OTG_IsEvenFrame)
    USB_OTG_IsHostMode                       0x08003f05   Thumb Code    16  usb_core.o(i.USB_OTG_IsHostMode)
    USB_OTG_ReadCoreItr                      0x08003f15   Thumb Code    10  usb_core.o(i.USB_OTG_ReadCoreItr)
    USB_OTG_ReadHPRT0                        0x08003f1f   Thumb Code    12  usb_core.o(i.USB_OTG_ReadHPRT0)
    USB_OTG_ReadHostAllChannels_intr         0x08003f2b   Thumb Code     6  usb_core.o(i.USB_OTG_ReadHostAllChannels_intr)
    USB_OTG_ReadPacket                       0x08003f31   Thumb Code    32  usb_core.o(i.USB_OTG_ReadPacket)
    USB_OTG_ResetPort                        0x08003f51   Thumb Code    42  usb_core.o(i.USB_OTG_ResetPort)
    USB_OTG_SelectCore                       0x08003f7d   Thumb Code   192  usb_core.o(i.USB_OTG_SelectCore)
    USB_OTG_SetCurrentMode                   0x08004041   Thumb Code    42  usb_core.o(i.USB_OTG_SetCurrentMode)
    USB_OTG_WritePacket                      0x08004da9   Thumb Code    40  usb_core.o(i.USB_OTG_WritePacket)
    UsageFault_Handler                       0x08004dd1   Thumb Code     2  stm32f4xx_it.o(i.UsageFault_Handler)
    __ARM_fpclassify                         0x08004dd3   Thumb Code    48  fpclassify.o(i.__ARM_fpclassify)
    __hardfp_cos                             0x08004e09   Thumb Code   200  cos.o(i.__hardfp_cos)
    __hardfp_sin                             0x08004ee1   Thumb Code   200  sin.o(i.__hardfp_sin)
    __hardfp_sqrt                            0x08004fb9   Thumb Code   120  sqrt.o(i.__hardfp_sqrt)
    __ieee754_rem_pio2                       0x08005031   Thumb Code   962  rred.o(i.__ieee754_rem_pio2)
    __kernel_cos                             0x08005481   Thumb Code   322  cos_i.o(i.__kernel_cos)
    __kernel_poly                            0x080055f1   Thumb Code   248  poly.o(i.__kernel_poly)
    __kernel_sin                             0x080056e9   Thumb Code   280  sin_i.o(i.__kernel_sin)
    __mathlib_dbl_underflow                  0x08005819   Thumb Code    24  dunder.o(i.__mathlib_dbl_underflow)
    __scatterload_copy                       0x08005839   Thumb Code    14  handlers.o(i.__scatterload_copy)
    __scatterload_null                       0x08005847   Thumb Code     2  handlers.o(i.__scatterload_null)
    __scatterload_zeroinit                   0x08005849   Thumb Code    14  handlers.o(i.__scatterload_zeroinit)
    __set_errno                              0x08005859   Thumb Code     6  errno.o(i.__set_errno)
    appoint_position                         0x08005865   Thumb Code   170  auto_ctrl_sub.o(i.appoint_position)
    arc_interp_deal                          0x08005925   Thumb Code   502  inter_polate_sub.o(i.arc_interp_deal)
    arc_interp_plan                          0x08005b39   Thumb Code   746  inter_polate_sub.o(i.arc_interp_plan)
    auto_ctrl                                0x08005e5d   Thumb Code   114  auto_ctrl_sub.o(i.auto_ctrl)
    auto_process                             0x08005eed   Thumb Code   352  auto_ctrl_sub.o(i.auto_process)
    chk_mounted                              0x080060c1   Thumb Code   472  ff.o(i.chk_mounted)
    clust2sect                               0x080062a5   Thumb Code    24  ff.o(i.clust2sect)
    code_buf_init                            0x080062bd   Thumb Code    32  data_deal_sub.o(i.code_buf_init)
    code_seg_pre_treat                       0x080062e5   Thumb Code   150  auto_ctrl_sub.o(i.code_seg_pre_treat)
    disk_initialize                          0x08006729   Thumb Code    24  usbh_msc_fatfs.o(i.disk_initialize)
    disk_ioctl                               0x08006749   Thumb Code    56  usbh_msc_fatfs.o(i.disk_ioctl)
    disk_read                                0x08006789   Thumb Code    86  usbh_msc_fatfs.o(i.disk_read)
    disk_status                              0x080067ed   Thumb Code    12  usbh_msc_fatfs.o(i.disk_status)
    disk_write                               0x080067fd   Thumb Code    96  usbh_msc_fatfs.o(i.disk_write)
    f_lseek                                  0x08006869   Thumb Code   344  ff.o(i.f_lseek)
    f_mount                                  0x080069c1   Thumb Code    26  ff.o(i.f_mount)
    f_open                                   0x080069e1   Thumb Code   328  ff.o(i.f_open)
    f_opendir                                0x08006b29   Thumb Code    78  ff.o(i.f_opendir)
    f_read                                   0x08006b77   Thumb Code   378  ff.o(i.f_read)
    fabs                                     0x08006cf1   Thumb Code    32  fabs.o(i.fabs)
    freq_data_cal                            0x08006dd5   Thumb Code   290  data_deal_sub.o(i.freq_data_cal)
    get_fat                                  0x08006f1d   Thumb Code   206  ff.o(i.get_fat)
    get_fattime                              0x08006feb   Thumb Code     4  fattime.o(i.get_fattime)
    insert_dwell_time                        0x08006ff1   Thumb Code    28  auto_ctrl_sub.o(i.insert_dwell_time)
    interp_segment_init                      0x08007015   Thumb Code    56  auto_ctrl_sub.o(i.interp_segment_init)
    line_interp_deal                         0x08007055   Thumb Code    96  inter_polate_sub.o(i.line_interp_deal)
    line_interp_plan                         0x080070b9   Thumb Code   530  inter_polate_sub.o(i.line_interp_plan)
    linear_vel_ctrl                          0x080072fd   Thumb Code   160  inter_polate_sub.o(i.linear_vel_ctrl)
    main                                     0x080073a1   Thumb Code   424  main.o(i.main)
    margin_check                             0x08007575   Thumb Code   112  data_deal_sub.o(i.margin_check)
    mech_code_load                           0x080075ed   Thumb Code    98  data_deal_sub.o(i.mech_code_load)
    mech_code_load_FL                        0x0800765d   Thumb Code    78  data_deal_sub.o(i.mech_code_load_FL)
    mech_status_init                         0x080076b9   Thumb Code    76  data_deal_sub.o(i.mech_status_init)
    public_para_init                         0x08007799   Thumb Code   108  data_deal_sub.o(i.public_para_init)
    put_fat                                  0x08007811   Thumb Code   318  ff.o(i.put_fat)
    segment_plan                             0x080079b1   Thumb Code   116  inter_polate_sub.o(i.segment_plan)
    segment_process                          0x08007a2d   Thumb Code    84  inter_polate_sub.o(i.segment_process)
    system_para_dispatch                     0x08007a85   Thumb Code    50  data_deal_sub.o(i.system_para_dispatch)
    system_para_load                         0x08007ac1   Thumb Code    60  data_deal_sub.o(i.system_para_load)
    BUTTON_PORT_SOURCE                       0x08007bf0   Data           1  stm32f4_discovery.o(.constdata)
    BUTTON_PIN_SOURCE                        0x08007bf1   Data           1  stm32f4_discovery.o(.constdata)
    BUTTON_IRQn                              0x08007bf2   Data           1  stm32f4_discovery.o(.constdata)
    BUTTON_PIN                               0x08007bf4   Data           2  stm32f4_discovery.o(.constdata)
    BUTTON_EXTI_LINE                         0x08007bf6   Data           2  stm32f4_discovery.o(.constdata)
    BUTTON_CLK                               0x08007bf8   Data           4  stm32f4_discovery.o(.constdata)
    GPIO_PIN                                 0x08007bfc   Data           8  stm32f4_discovery.o(.constdata)
    GPIO_CLK                                 0x08007c04   Data          16  stm32f4_discovery.o(.constdata)
    Region$$Table$$Base                      0x08007d38   Number         0  anon$$obj.o(Region$$Table)
    Region$$Table$$Limit                     0x08007d58   Number         0  anon$$obj.o(Region$$Table)
    BytesRead                                0x20000000   Data           4  rwfile.o(.data)
    PauseResumeStatus                        0x2000000c   Data           1  stm32f4xx_it.o(.data)
    Count                                    0x2000000d   Data           1  stm32f4xx_it.o(.data)
    Time_Rec_Base                            0x2000000e   Data           2  stm32f4xx_it.o(.data)
    PhotoNum                                 0x20000010   Data           2  stm32f4xx_it.o(.data)
    Cursor_X_Location                        0x20000012   Data          70  stm32f4xx_it.o(.data)
    String_X_Location                        0x20000058   Data          70  stm32f4xx_it.o(.data)
    Cursor_Y_Location                        0x2000009e   Data          70  stm32f4xx_it.o(.data)
    String_Y_Location                        0x200000e4   Data          70  stm32f4xx_it.o(.data)
    LED_Toggle                               0x2000012a   Data           1  stm32f4xx_it.o(.data)
    BSP_delay                                0x2000012c   Data           4  usb_bsp.o(.data)
    Command_index                            0x20000130   Data           1  usbh_usr.o(.data)
    USR_Callbacks                            0x20000134   Data          72  usbh_usr.o(.data)
    RepeatState                              0x2000017c   Data           1  main.o(.data)
    FSReady                                  0x2000017e   Data           1  main.o(.data)
    Keyboard_Change_Flag                     0x20000180   Data           2  main.o(.data)
    Key_Num                                  0x20000182   Data           2  main.o(.data)
    TxChangePic                              0x20000184   Data           7  main.o(.data)
    USBH_DeviceConnStatus_cb                 0x200001a0   Data          12  usbh_core.o(.data)
    MSCErrorCount                            0x200001c0   Data           1  usbh_msc_core.o(.data)
    USBH_MSC_cb                              0x200001c4   Data          16  usbh_msc_core.o(.data)
    BUTTON_PORT                              0x200001dc   Data           4  stm32f4_discovery.o(.data)
    GPIO_PORT                                0x200001e0   Data          16  stm32f4_discovery.o(.data)
    interpl_segment_prev                     0x200001f0   Data           4  auto_ctrl_sub.o(.data)
    interpl_segment_curr                     0x200001f4   Data           4  auto_ctrl_sub.o(.data)
    interpl_segment_next                     0x200001f8   Data           4  auto_ctrl_sub.o(.data)
    interpl_segment_insert                   0x200001fc   Data           4  auto_ctrl_sub.o(.data)
    temp_segment_pointer                     0x20000200   Data           4  auto_ctrl_sub.o(.data)
    residue                                  0x20000204   Data           3  data_deal_sub.o(.data)
    Flash_rw_pointer                         0x20000208   Data           4  data_deal_sub.o(.data)
    mech_flag                                0x2000020c   Data           4  data_deal_sub.o(.data)
    ctrl_flag                                0x20000210   Data           4  data_deal_sub.o(.data)
    speed_scal                               0x20000214   Data           4  data_deal_sub.o(.data)
    mech_code_index                          0x20000218   Data           4  data_deal_sub.o(.data)
    mech_code_count                          0x2000021c   Data           4  data_deal_sub.o(.data)
    buf_write_index                          0x20000220   Data           4  data_deal_sub.o(.data)
    key_head                                 0x20000224   Data           4  data_deal_sub.o(.data)
    key_tail                                 0x20000228   Data           4  data_deal_sub.o(.data)
    key2_head                                0x2000022c   Data           4  data_deal_sub.o(.data)
    key2_tail                                0x20000230   Data           4  data_deal_sub.o(.data)
    ctrl_manner                              0x20000234   Data           4  data_deal_sub.o(.data)
    ManuNum                                  0x20000238   Data           4  data_deal_sub.o(.data)
    OpenLaser                                0x2000023c   Data           1  data_deal_sub.o(.data)
    SpotsprayPower                           0x20000240   Data           4  data_deal_sub.o(.data)
    SpotsprayMs                              0x20000244   Data           4  data_deal_sub.o(.data)
    SpotsprayMm                              0x20000248   Data           4  data_deal_sub.o(.data)
    fatfs                                    0x20000250   Data        1072  usbh_usr.o(.bss)
    fileR                                    0x20000680   Data        1060  usbh_usr.o(.bss)
    dir                                      0x20000aa4   Data          28  usbh_usr.o(.bss)
    USB_OTG_Core                             0x20000ac0   Data        1200  main.o(.bss)
    USB_Host                                 0x20000f70   Data         132  main.o(.bss)
    RCC_Clocks                               0x20000ff4   Data          16  main.o(.bss)
    USBH_MSC_Param                           0x20001004   Data          16  usbh_msc_scsi.o(.bss)
    USBH_DataInBuffer                        0x20001014   Data         512  usbh_msc_scsi.o(.bss)
    USBH_MSC_CBWData                         0x20001214   Data          32  usbh_msc_bot.o(.bss)
    USBH_MSC_CSWData                         0x20001234   Data          16  usbh_msc_bot.o(.bss)
    USBH_MSC_BOTXferParam                    0x20001244   Data          16  usbh_msc_bot.o(.bss)
    MSC_Machine                              0x20001254   Data          74  usbh_msc_core.o(.bss)
    segment1                                 0x200012a0   Data          96  auto_ctrl_sub.o(.bss)
    segment2                                 0x20001300   Data          96  auto_ctrl_sub.o(.bss)
    segment3                                 0x20001360   Data          96  auto_ctrl_sub.o(.bss)
    segment4                                 0x200013c0   Data          96  auto_ctrl_sub.o(.bss)
    file_code                                0x20001420   Data          40  data_deal_sub.o(.bss)
    mech_para                                0x20001448   Data          56  data_deal_sub.o(.bss)
    user_para                                0x20001480   Data          60  data_deal_sub.o(.bss)
    mech_status                              0x200014bc   Data         128  data_deal_sub.o(.bss)
    axis_dir                                 0x2000153c   Data          12  data_deal_sub.o(.bss)
    freq_const                               0x20001548   Data          12  data_deal_sub.o(.bss)
    pulse_out                                0x20001554   Data          12  data_deal_sub.o(.bss)
    code_buffer1                             0x20001560   Data         480  data_deal_sub.o(.bss)
    code_buffer2                             0x20001740   Data         480  data_deal_sub.o(.bss)
    key_buffer                               0x20001920   Data          24  data_deal_sub.o(.bss)
    key2_buffer                              0x20001938   Data          24  data_deal_sub.o(.bss)
    __initial_sp                             0x20001d50   Data           0  startup_stm32f4xx.o(STACK)



==============================================================================

Memory Map of the image

  Image Entry point : 0x08000189

  Load Region LR_IROM1 (Base: 0x08000000, Size: 0x00007fa8, Max: 0x00100000, ABSOLUTE, COMPRESSED[0x00007e2c])

    Execution Region ER_IROM1 (Base: 0x08000000, Size: 0x00007d58, Max: 0x00100000, ABSOLUTE)

    Base Addr    Size         Type   Attr      Idx    E Section Name        Object

    0x08000000   0x00000188   Data   RO            3    RESET               startup_stm32f4xx.o
    0x08000188   0x00000000   Code   RO         4459  * .ARM.Collect$$$$00000000  mc_w.l(entry.o)
    0x08000188   0x00000004   Code   RO         4500    .ARM.Collect$$$$00000001  mc_w.l(entry2.o)
    0x0800018c   0x00000004   Code   RO         4503    .ARM.Collect$$$$00000004  mc_w.l(entry5.o)
    0x08000190   0x00000000   Code   RO         4505    .ARM.Collect$$$$00000008  mc_w.l(entry7b.o)
    0x08000190   0x00000008   Code   RO         4506    .ARM.Collect$$$$00000009  mc_w.l(entry8.o)
    0x08000198   0x00000004   Code   RO         4501    .ARM.Collect$$$$00002712  mc_w.l(entry2.o)
    0x0800019c   0x00000034   Code   RO            4    .text               startup_stm32f4xx.o
    0x080001d0   0x00000024   Code   RO         4462    .text               mc_w.l(memcpya.o)
    0x080001f4   0x0000014c   Code   RO         4466    .text               mf_w.l(dadd.o)
    0x08000340   0x000000e0   Code   RO         4468    .text               mf_w.l(dmul.o)
    0x08000420   0x000000de   Code   RO         4470    .text               mf_w.l(ddiv.o)
    0x080004fe   0x00000022   Code   RO         4474    .text               mf_w.l(dflti.o)
    0x08000520   0x0000003e   Code   RO         4476    .text               mf_w.l(dfixi.o)
    0x0800055e   0x0000002e   Code   RO         4478    .text               mf_w.l(dfixui.o)
    0x0800058c   0x0000002c   Code   RO         4480    .text               mf_w.l(f2d.o)
    0x080005b8   0x00000028   Code   RO         4482    .text               mf_w.l(cdcmple.o)
    0x080005e0   0x00000038   Code   RO         4484    .text               mf_w.l(d2f.o)
    0x08000618   0x0000001e   Code   RO         4507    .text               mc_w.l(llshl.o)
    0x08000636   0x00000020   Code   RO         4509    .text               mc_w.l(llushr.o)
    0x08000656   0x00000024   Code   RO         4511    .text               mc_w.l(llsshr.o)
    0x0800067a   0x00000000   Code   RO         4520    .text               mc_w.l(iusefp.o)
    0x0800067a   0x0000006c   Code   RO         4521    .text               mf_w.l(fepilogue.o)
    0x080006e6   0x000000be   Code   RO         4523    .text               mf_w.l(depilogue.o)
    0x080007a4   0x000000a2   Code   RO         4525    .text               mf_w.l(dsqrt.o)
    0x08000846   0x00000002   PAD
    0x08000848   0x00000024   Code   RO         4533    .text               mc_w.l(init.o)
    0x0800086c   0x0000001a   Code   RO         4535    .text               mf_w.l(dfltui.o)
    0x08000886   0x0000005c   Code   RO         4545    .text               mc_w.l(__dczerorl2.o)
    0x080008e2   0x00000002   PAD
    0x080008e4   0x00000024   Code   RO          512    i.BSP_Delay         usb_bsp.o
    0x08000908   0x0000006a   Code   RO          514    i.BSP_SetTime       usb_bsp.o
    0x08000972   0x00000002   Code   RO          261    i.BusFault_Handler  stm32f4xx_it.o
    0x08000974   0x00000070   Code   RO           12    i.Code_read_data    rwfile.o
    0x080009e4   0x00000002   Code   RO          262    i.DebugMon_Handler  stm32f4xx_it.o
    0x080009e6   0x00000002   PAD
    0x080009e8   0x00000010   Code   RO           13    i.Delay             rwfile.o
    0x080009f8   0x00000068   Code   RO          263    i.Dis_Cursor_Horizontal  stm32f4xx_it.o
    0x08000a60   0x00000068   Code   RO          264    i.Dis_Cursor_Vertical  stm32f4xx_it.o
    0x08000ac8   0x000001b4   Code   RO          265    i.Display_Config    stm32f4xx_it.o
    0x08000c7c   0x00000028   Code   RO          764    i.Display_Init      main.o
    0x08000ca4   0x00000012   Code   RO          266    i.EXTI0_IRQHandler  stm32f4xx_it.o
    0x08000cb6   0x00000002   PAD
    0x08000cb8   0x00000034   Code   RO          267    i.EXTI1_IRQHandler  stm32f4xx_it.o
    0x08000cec   0x0000000c   Code   RO         1896    i.EXTI_ClearITPendingBit  stm32f4xx_exti.o
    0x08000cf8   0x00000020   Code   RO         1900    i.EXTI_GetITStatus  stm32f4xx_exti.o
    0x08000d18   0x00000074   Code   RO         1901    i.EXTI_Init         stm32f4xx_exti.o
    0x08000d8c   0x0000007c   Code   RO         2664    i.GPIO_Init         stm32f4xx_gpio.o
    0x08000e08   0x00000020   Code   RO         2665    i.GPIO_PinAFConfig  stm32f4xx_gpio.o
    0x08000e28   0x0000000e   Code   RO         2668    i.GPIO_ReadInputDataBit  stm32f4xx_gpio.o
    0x08000e36   0x00000004   Code   RO         2671    i.GPIO_ResetBits    stm32f4xx_gpio.o
    0x08000e3a   0x00000004   Code   RO         2672    i.GPIO_SetBits      stm32f4xx_gpio.o
    0x08000e3e   0x00000008   Code   RO         3196    i.HCD_GetCurrentFrame  usb_hcd.o
    0x08000e46   0x0000000c   Code   RO         3197    i.HCD_GetCurrentSpeed  usb_hcd.o
    0x08000e52   0x00000008   Code   RO         3199    i.HCD_GetURB_State  usb_hcd.o
    0x08000e5a   0x0000000a   Code   RO         3200    i.HCD_GetXferCnt    usb_hcd.o
    0x08000e64   0x00000056   Code   RO         3202    i.HCD_Init          usb_hcd.o
    0x08000eba   0x00000006   Code   RO         3203    i.HCD_IsDeviceConnected  usb_hcd.o
    0x08000ec0   0x0000000a   Code   RO         3204    i.HCD_ResetPort     usb_hcd.o
    0x08000eca   0x00000014   Code   RO         3205    i.HCD_SubmitRequest  usb_hcd.o
    0x08000ede   0x00000002   Code   RO          268    i.HardFault_Handler  stm32f4xx_it.o
    0x08000ee0   0x00000410   Code   RO          269    i.Key_Process       stm32f4xx_it.o
    0x080012f0   0x00000120   Code   RO          270    i.Key_Read          stm32f4xx_it.o
    0x08001410   0x00000068   Code   RO          765    i.Keyboard_Init     main.o
    0x08001478   0x00000002   Code   RO          271    i.MemManage_Handler  stm32f4xx_it.o
    0x0800147a   0x00000002   Code   RO          272    i.NMI_Handler       stm32f4xx_it.o
    0x0800147c   0x00000064   Code   RO         1365    i.NVIC_Init         misc.o
    0x080014e0   0x00000014   Code   RO         1366    i.NVIC_PriorityGroupConfig  misc.o
    0x080014f4   0x00000014   Code   RO         1367    i.NVIC_SetVectorTable  misc.o
    0x08001508   0x0000000c   Code   RO          273    i.OTG_FS_IRQHandler  stm32f4xx_it.o
    0x08001514   0x000001e4   Code   RO          274    i.PWM_Output        stm32f4xx_it.o
    0x080016f8   0x0000002c   Code   RO          275    i.Palette_Cfg       stm32f4xx_it.o
    0x08001724   0x00000002   Code   RO          276    i.PendSV_Handler    stm32f4xx_it.o
    0x08001726   0x00000002   PAD
    0x08001728   0x00000018   Code   RO         2169    i.RCC_AHB1PeriphClockCmd  stm32f4xx_rcc.o
    0x08001740   0x00000018   Code   RO         2172    i.RCC_AHB2PeriphClockCmd  stm32f4xx_rcc.o
    0x08001758   0x00000018   Code   RO         2178    i.RCC_APB1PeriphClockCmd  stm32f4xx_rcc.o
    0x08001770   0x00000018   Code   RO         2181    i.RCC_APB2PeriphClockCmd  stm32f4xx_rcc.o
    0x08001788   0x00000098   Code   RO         2190    i.RCC_GetClocksFreq  stm32f4xx_rcc.o
    0x08001820   0x00000090   Code   RO           15    i.ReadPara          rwfile.o
    0x080018b0   0x00000014   Code   RO          615    i.ResetSymbols      usbh_usr.o
    0x080018c4   0x00000048   Code   RO         4086    i.STM_EVAL_LEDInit  stm32f4_discovery.o
    0x0800190c   0x00000018   Code   RO         4087    i.STM_EVAL_LEDOff   stm32f4_discovery.o
    0x08001924   0x00000018   Code   RO         4088    i.STM_EVAL_LEDOn    stm32f4_discovery.o
    0x0800193c   0x0000001c   Code   RO         4089    i.STM_EVAL_LEDToggle  stm32f4_discovery.o
    0x08001958   0x00000098   Code   RO         4091    i.STM_EVAL_PBInit   stm32f4_discovery.o
    0x080019f0   0x00000002   Code   RO          277    i.SVC_Handler       stm32f4xx_it.o
    0x080019f2   0x00000002   PAD
    0x080019f4   0x00000028   Code   RO         2616    i.SYSCFG_EXTILineConfig  stm32f4xx_syscfg.o
    0x08001a1c   0x00000030   Code   RO          766    i.SendData_Uart     main.o
    0x08001a4c   0x00000144   Code   RO          278    i.SendFloat_Uart    stm32f4xx_it.o
    0x08001b90   0x00000090   Code   RO          279    i.SendNum_Uart      stm32f4xx_it.o
    0x08001c20   0x0000008c   Code   RO          280    i.SendStr_Uart      stm32f4xx_it.o
    0x08001cac   0x000000c0   Code   RO          475    i.SetSysClock       system_stm32f4xx.o
    0x08001d6c   0x00000020   Code   RO          281    i.SysTick_Handler   stm32f4xx_it.o
    0x08001d8c   0x00000050   Code   RO          477    i.SystemInit        system_stm32f4xx.o
    0x08001ddc   0x00000004   Code   RO          282    i.TIM2_IRQHandler   stm32f4xx_it.o
    0x08001de0   0x00000030   Code   RO          283    i.TIM3_IRQHandler   stm32f4xx_it.o
    0x08001e10   0x00000002   Code   RO          284    i.TIM4_IRQHandler   stm32f4xx_it.o
    0x08001e12   0x00000002   Code   RO          285    i.TIM5_IRQHandler   stm32f4xx_it.o
    0x08001e14   0x00000014   Code   RO          820    i.TIM_ARRPreloadConfig  stm32f4xx_tim.o
    0x08001e28   0x00000006   Code   RO          827    i.TIM_ClearITPendingBit  stm32f4xx_tim.o
    0x08001e2e   0x00000014   Code   RO          832    i.TIM_Cmd           stm32f4xx_tim.o
    0x08001e42   0x00000016   Code   RO          853    i.TIM_GetITStatus   stm32f4xx_tim.o
    0x08001e58   0x00000010   Code   RO          857    i.TIM_ITConfig      stm32f4xx_tim.o
    0x08001e68   0x0000007c   Code   RO          866    i.TIM_OC2Init       stm32f4xx_tim.o
    0x08001ee4   0x0000000e   Code   RO          869    i.TIM_OC2PreloadConfig  stm32f4xx_tim.o
    0x08001ef2   0x00000002   PAD
    0x08001ef4   0x00000080   Code   RO          904    i.TIM_TimeBaseInit  stm32f4xx_tim.o
    0x08001f74   0x00000014   Code   RO           16    i.TimingDelay_Decrement  rwfile.o
    0x08001f88   0x0000003c   Code   RO          286    i.Tx_End            stm32f4xx_it.o
    0x08001fc4   0x00000020   Code   RO          287    i.Tx_Send           stm32f4xx_it.o
    0x08001fe4   0x00000020   Code   RO          288    i.Tx_Start          stm32f4xx_it.o
    0x08002004   0x000000f8   Code   RO          767    i.USART1_AF_Config  main.o
    0x080020fc   0x0000003c   Code   RO          289    i.USART1_IRQHandler  stm32f4xx_it.o
    0x08002138   0x0000000c   Code   RO         2762    i.USART_ClearITPendingBit  stm32f4xx_usart.o
    0x08002144   0x0000001c   Code   RO         2763    i.USART_ClockInit   stm32f4xx_usart.o
    0x08002160   0x00000014   Code   RO         2765    i.USART_Cmd         stm32f4xx_usart.o
    0x08002174   0x0000000e   Code   RO         2768    i.USART_GetFlagStatus  stm32f4xx_usart.o
    0x08002182   0x0000003e   Code   RO         2769    i.USART_GetITStatus  stm32f4xx_usart.o
    0x080021c0   0x00000030   Code   RO         2771    i.USART_ITConfig    stm32f4xx_usart.o
    0x080021f0   0x000000b8   Code   RO         2772    i.USART_Init        stm32f4xx_usart.o
    0x080022a8   0x00000008   Code   RO         2779    i.USART_ReceiveData  stm32f4xx_usart.o
    0x080022b0   0x00000008   Code   RO         2782    i.USART_SendData    stm32f4xx_usart.o
    0x080022b8   0x00000034   Code   RO         3406    i.USBH_Alloc_Channel  usbh_hcs.o
    0x080022ec   0x00000028   Code   RO         3450    i.USBH_BulkReceiveData  usbh_ioreq.o
    0x08002314   0x0000002e   Code   RO         3451    i.USBH_BulkSendData  usbh_ioreq.o
    0x08002342   0x0000002e   Code   RO         3270    i.USBH_ClrFeature   usbh_stdreq.o
    0x08002370   0x00000012   Code   RO         3342    i.USBH_Connect      usbh_core.o
    0x08002382   0x00000024   Code   RO         3452    i.USBH_CtlReceiveData  usbh_ioreq.o
    0x080023a6   0x00000050   Code   RO         3453    i.USBH_CtlReq       usbh_ioreq.o
    0x080023f6   0x00000002   PAD
    0x080023f8   0x0000003a   Code   RO         3454    i.USBH_CtlSendData  usbh_ioreq.o
    0x08002432   0x00000028   Code   RO         3455    i.USBH_CtlSendSetup  usbh_ioreq.o
    0x0800245a   0x00000018   Code   RO         3407    i.USBH_DeAllocate_AllChannel  usbh_hcs.o
    0x08002472   0x00000034   Code   RO         3343    i.USBH_DeInit       usbh_core.o
    0x080024a6   0x00000012   Code   RO         3344    i.USBH_Disconnect   usbh_core.o
    0x080024b8   0x0000002c   Code   RO         3345    i.USBH_ErrorHandle  usbh_core.o
    0x080024e4   0x0000001a   Code   RO         3408    i.USBH_Free_Channel  usbh_hcs.o
    0x080024fe   0x00000032   Code   RO         3271    i.USBH_GetDescriptor  usbh_stdreq.o
    0x08002530   0x0000000e   Code   RO         3272    i.USBH_GetNextDesc  usbh_stdreq.o
    0x0800253e   0x00000038   Code   RO         3273    i.USBH_Get_CfgDesc  usbh_stdreq.o
    0x08002576   0x00000084   Code   RO         3274    i.USBH_Get_DevDesc  usbh_stdreq.o
    0x080025fa   0x0000004a   Code   RO         3275    i.USBH_Get_StringDesc  usbh_stdreq.o
    0x08002644   0x000001d0   Code   RO         3346    i.USBH_HandleControl  usbh_core.o
    0x08002814   0x00000198   Code   RO         3347    i.USBH_HandleEnum   usbh_core.o
    0x080029ac   0x00000060   Code   RO         3348    i.USBH_Init         usbh_core.o
    0x08002a0c   0x00000038   Code   RO         3624    i.USBH_MSC_BOT_Abort  usbh_msc_bot.o
    0x08002a44   0x0000000c   Code   RO         3669    i.USBH_MSC_ClassRequest  usbh_msc_core.o
    0x08002a50   0x0000005c   Code   RO         3625    i.USBH_MSC_DecodeCSW  usbh_msc_bot.o
    0x08002aac   0x00000034   Code   RO         3670    i.USBH_MSC_ErrorHandle  usbh_msc_core.o
    0x08002ae0   0x00000164   Code   RO         3671    i.USBH_MSC_Handle   usbh_msc_core.o
    0x08002c44   0x00000200   Code   RO         3626    i.USBH_MSC_HandleBOTXfer  usbh_msc_bot.o
    0x08002e44   0x0000003c   Code   RO         3627    i.USBH_MSC_Init     usbh_msc_bot.o
    0x08002e80   0x00000038   Code   RO         3672    i.USBH_MSC_InterfaceDeInit  usbh_msc_core.o
    0x08002eb8   0x000000a0   Code   RO         3673    i.USBH_MSC_InterfaceInit  usbh_msc_core.o
    0x08002f58   0x0000009c   Code   RO         3562    i.USBH_MSC_ModeSense6  usbh_msc_scsi.o
    0x08002ff4   0x000000d8   Code   RO         3563    i.USBH_MSC_Read10   usbh_msc_scsi.o
    0x080030cc   0x000000a0   Code   RO         3564    i.USBH_MSC_ReadCapacity10  usbh_msc_scsi.o
    0x0800316c   0x000000a0   Code   RO         3565    i.USBH_MSC_RequestSense  usbh_msc_scsi.o
    0x0800320c   0x00000080   Code   RO         3566    i.USBH_MSC_TestUnitReady  usbh_msc_scsi.o
    0x0800328c   0x000000a8   Code   RO         3567    i.USBH_MSC_Write10  usbh_msc_scsi.o
    0x08003334   0x00000038   Code   RO         3409    i.USBH_Modify_Channel  usbh_hcs.o
    0x0800336c   0x000000a8   Code   RO         2949    i.USBH_OTG_ISR_Handler  usb_hcd_int.o
    0x08003414   0x00000052   Code   RO         3410    i.USBH_Open_Channel  usbh_hcs.o
    0x08003466   0x000000ee   Code   RO         3276    i.USBH_ParseCfgDesc  usbh_stdreq.o
    0x08003554   0x00000194   Code   RO         3349    i.USBH_Process      usbh_core.o
    0x080036e8   0x00000018   Code   RO         3277    i.USBH_SetAddress   usbh_stdreq.o
    0x08003700   0x00000018   Code   RO         3278    i.USBH_SetCfg       usbh_stdreq.o
    0x08003718   0x00000002   Code   RO          616    i.USBH_USR_Configuration_DescAvailable  usbh_usr.o
    0x0800371a   0x00000002   PAD
    0x0800371c   0x0000000c   Code   RO          617    i.USBH_USR_DeInit   usbh_usr.o
    0x08003728   0x00000002   Code   RO          618    i.USBH_USR_DeviceAddressAssigned  usbh_usr.o
    0x0800372a   0x00000002   PAD
    0x0800372c   0x00000030   Code   RO          619    i.USBH_USR_DeviceAttached  usbh_usr.o
    0x0800375c   0x00000048   Code   RO          620    i.USBH_USR_DeviceDisconnected  usbh_usr.o
    0x080037a4   0x00000002   Code   RO          621    i.USBH_USR_DeviceNotSupported  usbh_usr.o
    0x080037a6   0x00000002   Code   RO          622    i.USBH_USR_DeviceSpeedDetected  usbh_usr.o
    0x080037a8   0x00000002   Code   RO          623    i.USBH_USR_Device_DescAvailable  usbh_usr.o
    0x080037aa   0x00000012   Code   RO          624    i.USBH_USR_EnumerationDone  usbh_usr.o
    0x080037bc   0x00000002   Code   RO          625    i.USBH_USR_Init     usbh_usr.o
    0x080037be   0x00000002   PAD
    0x080037c0   0x0000004c   Code   RO          626    i.USBH_USR_MSC_Application  usbh_usr.o
    0x0800380c   0x00000002   Code   RO          627    i.USBH_USR_Manufacturer_String  usbh_usr.o
    0x0800380e   0x00000002   Code   RO          628    i.USBH_USR_OverCurrentDetected  usbh_usr.o
    0x08003810   0x00000002   Code   RO          629    i.USBH_USR_Product_String  usbh_usr.o
    0x08003812   0x00000002   Code   RO          630    i.USBH_USR_ResetDevice  usbh_usr.o
    0x08003814   0x00000002   Code   RO          631    i.USBH_USR_SerialNum_String  usbh_usr.o
    0x08003816   0x00000002   Code   RO          632    i.USBH_USR_UnrecoveredError  usbh_usr.o
    0x08003818   0x00000004   Code   RO          633    i.USBH_USR_UserInput  usbh_usr.o
    0x0800381c   0x00000040   Code   RO          515    i.USB_OTG_BSP_ConfigVBUS  usb_bsp.o
    0x0800385c   0x00000018   Code   RO          516    i.USB_OTG_BSP_DriveVBUS  usb_bsp.o
    0x08003874   0x00000040   Code   RO          517    i.USB_OTG_BSP_EnableInterrupt  usb_bsp.o
    0x080038b4   0x000000b8   Code   RO          518    i.USB_OTG_BSP_Init  usb_bsp.o
    0x0800396c   0x00000038   Code   RO          519    i.USB_OTG_BSP_TimerIRQ  usb_bsp.o
    0x080039a4   0x00000006   Code   RO          520    i.USB_OTG_BSP_mDelay  usb_bsp.o
    0x080039aa   0x00000006   Code   RO          521    i.USB_OTG_BSP_uDelay  usb_bsp.o
    0x080039b0   0x000000da   Code   RO         3019    i.USB_OTG_CoreInit  usb_core.o
    0x08003a8a   0x00000002   PAD
    0x08003a8c   0x00000096   Code   RO         3020    i.USB_OTG_CoreInitHost  usb_core.o
    0x08003b22   0x00000002   PAD
    0x08003b24   0x00000058   Code   RO         3021    i.USB_OTG_CoreReset  usb_core.o
    0x08003b7c   0x00000010   Code   RO         3022    i.USB_OTG_DisableGlobalInt  usb_core.o
    0x08003b8c   0x0000003c   Code   RO         3023    i.USB_OTG_DriveVbus  usb_core.o
    0x08003bc8   0x00000010   Code   RO         3024    i.USB_OTG_EnableGlobalInt  usb_core.o
    0x08003bd8   0x00000044   Code   RO         3025    i.USB_OTG_EnableHostInt  usb_core.o
    0x08003c1c   0x0000003c   Code   RO         3026    i.USB_OTG_FlushRxFifo  usb_core.o
    0x08003c58   0x00000044   Code   RO         3027    i.USB_OTG_FlushTxFifo  usb_core.o
    0x08003c9c   0x0000002a   Code   RO         3029    i.USB_OTG_HC_DoPing  usb_core.o
    0x08003cc6   0x0000003c   Code   RO         3030    i.USB_OTG_HC_Halt   usb_core.o
    0x08003d02   0x00000002   PAD
    0x08003d04   0x000000e6   Code   RO         3031    i.USB_OTG_HC_Init   usb_core.o
    0x08003dea   0x00000102   Code   RO         3032    i.USB_OTG_HC_StartXfer  usb_core.o
    0x08003eec   0x0000000c   Code   RO         3033    i.USB_OTG_InitFSLSPClkSel  usb_core.o
    0x08003ef8   0x0000000c   Code   RO         3035    i.USB_OTG_IsEvenFrame  usb_core.o
    0x08003f04   0x00000010   Code   RO         3036    i.USB_OTG_IsHostMode  usb_core.o
    0x08003f14   0x0000000a   Code   RO         3037    i.USB_OTG_ReadCoreItr  usb_core.o
    0x08003f1e   0x0000000c   Code   RO         3038    i.USB_OTG_ReadHPRT0  usb_core.o
    0x08003f2a   0x00000006   Code   RO         3039    i.USB_OTG_ReadHostAllChannels_intr  usb_core.o
    0x08003f30   0x00000020   Code   RO         3041    i.USB_OTG_ReadPacket  usb_core.o
    0x08003f50   0x0000002a   Code   RO         3042    i.USB_OTG_ResetPort  usb_core.o
    0x08003f7a   0x00000002   PAD
    0x08003f7c   0x000000c4   Code   RO         3043    i.USB_OTG_SelectCore  usb_core.o
    0x08004040   0x0000002a   Code   RO         3044    i.USB_OTG_SetCurrentMode  usb_core.o
    0x0800406a   0x0000002e   Code   RO         2950    i.USB_OTG_USBH_handle_Disconnect_ISR  usb_hcd_int.o
    0x08004098   0x00000046   Code   RO         2951    i.USB_OTG_USBH_handle_IncompletePeriodicXfer_ISR  usb_hcd_int.o
    0x080040de   0x00000056   Code   RO         2952    i.USB_OTG_USBH_handle_hc_ISR  usb_hcd_int.o
    0x08004134   0x00000428   Code   RO         2953    i.USB_OTG_USBH_handle_hc_n_In_ISR  usb_hcd_int.o
    0x0800455c   0x00000388   Code   RO         2954    i.USB_OTG_USBH_handle_hc_n_Out_ISR  usb_hcd_int.o
    0x080048e4   0x00000128   Code   RO         2955    i.USB_OTG_USBH_handle_nptxfempty_ISR  usb_hcd_int.o
    0x08004a0c   0x00000118   Code   RO         2956    i.USB_OTG_USBH_handle_port_ISR  usb_hcd_int.o
    0x08004b24   0x0000012a   Code   RO         2957    i.USB_OTG_USBH_handle_ptxfempty_ISR  usb_hcd_int.o
    0x08004c4e   0x0000013e   Code   RO         2958    i.USB_OTG_USBH_handle_rx_qlvl_ISR  usb_hcd_int.o
    0x08004d8c   0x0000001c   Code   RO         2959    i.USB_OTG_USBH_handle_sof_ISR  usb_hcd_int.o
    0x08004da8   0x00000028   Code   RO         3046    i.USB_OTG_WritePacket  usb_core.o
    0x08004dd0   0x00000002   Code   RO          290    i.UsageFault_Handler  stm32f4xx_it.o
    0x08004dd2   0x00000030   Code   RO         4529    i.__ARM_fpclassify  m_wm.l(fpclassify.o)
    0x08004e02   0x00000006   PAD
    0x08004e08   0x000000d8   Code   RO         4417    i.__hardfp_cos      m_wm.l(cos.o)
    0x08004ee0   0x000000d8   Code   RO         4435    i.__hardfp_sin      m_wm.l(sin.o)
    0x08004fb8   0x00000078   Code   RO         4447    i.__hardfp_sqrt     m_wm.l(sqrt.o)
    0x08005030   0x00000450   Code   RO         4489    i.__ieee754_rem_pio2  m_wm.l(rred.o)
    0x08005480   0x00000170   Code   RO         4486    i.__kernel_cos      m_wm.l(cos_i.o)
    0x080055f0   0x000000f8   Code   RO         4531    i.__kernel_poly     m_wm.l(poly.o)
    0x080056e8   0x00000130   Code   RO         4494    i.__kernel_sin      m_wm.l(sin_i.o)
    0x08005818   0x00000020   Code   RO         4527    i.__mathlib_dbl_underflow  m_wm.l(dunder.o)
    0x08005838   0x0000000e   Code   RO         4539    i.__scatterload_copy  mc_w.l(handlers.o)
    0x08005846   0x00000002   Code   RO         4540    i.__scatterload_null  mc_w.l(handlers.o)
    0x08005848   0x0000000e   Code   RO         4541    i.__scatterload_zeroinit  mc_w.l(handlers.o)
    0x08005856   0x00000002   PAD
    0x08005858   0x0000000c   Code   RO         4515    i.__set_errno       mc_w.l(errno.o)
    0x08005864   0x000000c0   Code   RO         4142    i.appoint_position  auto_ctrl_sub.o
    0x08005924   0x00000214   Code   RO         4369    i.arc_interp_deal   inter_polate_sub.o
    0x08005b38   0x00000324   Code   RO         4370    i.arc_interp_plan   inter_polate_sub.o
    0x08005e5c   0x00000090   Code   RO         4143    i.auto_ctrl         auto_ctrl_sub.o
    0x08005eec   0x00000178   Code   RO         4144    i.auto_process      auto_ctrl_sub.o
    0x08006064   0x0000005c   Code   RO         3741    i.check_fs          ff.o
    0x080060c0   0x000001e4   Code   RO         3742    i.chk_mounted       ff.o
    0x080062a4   0x00000018   Code   RO         3743    i.clust2sect        ff.o
    0x080062bc   0x00000028   Code   RO         4215    i.code_buf_init     data_deal_sub.o
    0x080062e4   0x000000a4   Code   RO         4145    i.code_seg_pre_treat  auto_ctrl_sub.o
    0x08006388   0x00000092   Code   RO         3744    i.create_chain      ff.o
    0x0800641a   0x00000002   PAD
    0x0800641c   0x00000100   Code   RO         3745    i.create_name       ff.o
    0x0800651c   0x00000106   Code   RO         3746    i.dir_next          ff.o
    0x08006622   0x00000066   Code   RO         3748    i.dir_register      ff.o
    0x08006688   0x000000a0   Code   RO         3750    i.dir_seek          ff.o
    0x08006728   0x00000020   Code   RO         3512    i.disk_initialize   usbh_msc_fatfs.o
    0x08006748   0x00000040   Code   RO         3513    i.disk_ioctl        usbh_msc_fatfs.o
    0x08006788   0x00000064   Code   RO         3514    i.disk_read         usbh_msc_fatfs.o
    0x080067ec   0x00000010   Code   RO         3515    i.disk_status       usbh_msc_fatfs.o
    0x080067fc   0x0000006c   Code   RO         3516    i.disk_write        usbh_msc_fatfs.o
    0x08006868   0x00000158   Code   RO         3755    i.f_lseek           ff.o
    0x080069c0   0x00000020   Code   RO         3758    i.f_mount           ff.o
    0x080069e0   0x00000148   Code   RO         3759    i.f_open            ff.o
    0x08006b28   0x0000004e   Code   RO         3760    i.f_opendir         ff.o
    0x08006b76   0x0000017a   Code   RO         3764    i.f_read            ff.o
    0x08006cf0   0x00000020   Code   RO         4431    i.fabs              m_wm.l(fabs.o)
    0x08006d10   0x000000c2   Code   RO         3773    i.follow_path       ff.o
    0x08006dd2   0x00000002   PAD
    0x08006dd4   0x00000148   Code   RO         4217    i.freq_data_cal     data_deal_sub.o
    0x08006f1c   0x000000ce   Code   RO         3774    i.get_fat           ff.o
    0x08006fea   0x00000004   Code   RO         3718    i.get_fattime       fattime.o
    0x08006fee   0x00000002   PAD
    0x08006ff0   0x00000024   Code   RO         4146    i.insert_dwell_time  auto_ctrl_sub.o
    0x08007014   0x00000040   Code   RO         4147    i.interp_segment_init  auto_ctrl_sub.o
    0x08007054   0x00000064   Code   RO         4371    i.line_interp_deal  inter_polate_sub.o
    0x080070b8   0x00000244   Code   RO         4372    i.line_interp_plan  inter_polate_sub.o
    0x080072fc   0x000000a4   Code   RO         4373    i.linear_vel_ctrl   inter_polate_sub.o
    0x080073a0   0x000001d4   Code   RO          768    i.main              main.o
    0x08007574   0x00000078   Code   RO         4223    i.margin_check      data_deal_sub.o
    0x080075ec   0x00000070   Code   RO         4224    i.mech_code_load    data_deal_sub.o
    0x0800765c   0x0000005c   Code   RO         4225    i.mech_code_load_FL  data_deal_sub.o
    0x080076b8   0x00000054   Code   RO         4227    i.mech_status_init  data_deal_sub.o
    0x0800770c   0x00000012   Code   RO         3776    i.mem_cpy           ff.o
    0x0800771e   0x0000000e   Code   RO         3777    i.mem_set           ff.o
    0x0800772c   0x0000006a   Code   RO         3778    i.move_window       ff.o
    0x08007796   0x00000002   PAD
    0x08007798   0x00000078   Code   RO         4229    i.public_para_init  data_deal_sub.o
    0x08007810   0x0000013e   Code   RO         3779    i.put_fat           ff.o
    0x0800794e   0x00000062   Code   RO         3780    i.remove_chain      ff.o
    0x080079b0   0x0000007c   Code   RO         4374    i.segment_plan      inter_polate_sub.o
    0x08007a2c   0x00000058   Code   RO         4375    i.segment_process   inter_polate_sub.o
    0x08007a84   0x0000003c   Code   RO         4231    i.system_para_dispatch  data_deal_sub.o
    0x08007ac0   0x00000044   Code   RO         4232    i.system_para_load  data_deal_sub.o
    0x08007b04   0x00000020   Code   RO         3782    i.validate          ff.o
    0x08007b24   0x00000008   Data   RO          291    .constdata          stm32f4xx_it.o
    0x08007b2c   0x000000c2   Data   RO         3783    .constdata          ff.o
    0x08007bee   0x00000002   PAD
    0x08007bf0   0x00000024   Data   RO         4092    .constdata          stm32f4_discovery.o
    0x08007c14   0x00000004   PAD
    0x08007c18   0x00000030   Data   RO         4487    .constdata          m_wm.l(cos_i.o)
    0x08007c48   0x000000c8   Data   RO         4491    .constdata          m_wm.l(rred.o)
    0x08007d10   0x00000028   Data   RO         4495    .constdata          m_wm.l(sin_i.o)
    0x08007d38   0x00000020   Data   RO         4537    Region$$Table       anon$$obj.o


    Execution Region RW_IRAM1 (Base: 0x20000000, Size: 0x00001d50, Max: 0x00020000, ABSOLUTE, COMPRESSED[0x000000d4])

    Base Addr    Size         Type   Attr      Idx    E Section Name        Object

    0x20000000   0x0000000c   Data   RW           18    .data               rwfile.o
    0x2000000c   0x0000011e   Data   RW          292    .data               stm32f4xx_it.o
    0x2000012a   0x00000001   Data   RW          293    .data               stm32f4xx_it.o
    0x2000012b   0x00000001   PAD
    0x2000012c   0x00000004   Data   RW          522    .data               usb_bsp.o
    0x20000130   0x00000002   Data   RW          639    .data               usbh_usr.o
    0x20000132   0x00000002   PAD
    0x20000134   0x00000048   Data   RW          640    .data               usbh_usr.o
    0x2000017c   0x00000001   Data   RW          770    .data               main.o
    0x2000017d   0x00000001   PAD
    0x2000017e   0x0000000d   Data   RW          772    .data               main.o
    0x2000018b   0x00000010   Data   RW         2213    .data               stm32f4xx_rcc.o
    0x2000019b   0x00000001   PAD
    0x2000019c   0x00000010   Data   RW         3350    .data               usbh_core.o
    0x200001ac   0x00000001   Data   RW         3517    .data               usbh_msc_fatfs.o
    0x200001ad   0x00000001   Data   RW         3570    .data               usbh_msc_scsi.o
    0x200001ae   0x00000002   PAD
    0x200001b0   0x00000010   Data   RW         3629    .data               usbh_msc_bot.o
    0x200001c0   0x00000002   Data   RW         3675    .data               usbh_msc_core.o
    0x200001c2   0x00000002   PAD
    0x200001c4   0x00000010   Data   RW         3676    .data               usbh_msc_core.o
    0x200001d4   0x00000008   Data   RW         3784    .data               ff.o
    0x200001dc   0x00000014   Data   RW         4093    .data               stm32f4_discovery.o
    0x200001f0   0x00000014   Data   RW         4151    .data               auto_ctrl_sub.o
    0x20000204   0x00000030   Data   RW         4235    .data               data_deal_sub.o
    0x20000234   0x00000004   Data   RW         4238    .data               data_deal_sub.o
    0x20000238   0x00000004   Data   RW         4240    .data               data_deal_sub.o
    0x2000023c   0x00000001   Data   RW         4241    .data               data_deal_sub.o
    0x2000023d   0x00000003   PAD
    0x20000240   0x00000004   Data   RW         4242    .data               data_deal_sub.o
    0x20000244   0x00000004   Data   RW         4243    .data               data_deal_sub.o
    0x20000248   0x00000004   Data   RW         4244    .data               data_deal_sub.o
    0x2000024c   0x00000004   Data   RW         4516    .data               mc_w.l(errno.o)
    0x20000250   0x00000430   Zero   RW          634    .bss                usbh_usr.o
    0x20000680   0x00000424   Zero   RW          636    .bss                usbh_usr.o
    0x20000aa4   0x0000001c   Zero   RW          637    .bss                usbh_usr.o
    0x20000ac0   0x00000544   Zero   RW          769    .bss                main.o
    0x20001004   0x00000210   Zero   RW         3568    .bss                usbh_msc_scsi.o
    0x20001214   0x00000040   Zero   RW         3628    .bss                usbh_msc_bot.o
    0x20001254   0x0000004a   Zero   RW         3674    .bss                usbh_msc_core.o
    0x2000129e   0x00000002   PAD
    0x200012a0   0x00000180   Zero   RW         4150    .bss                auto_ctrl_sub.o
    0x20001420   0x00000530   Zero   RW         4234    .bss                data_deal_sub.o
    0x20001950   0x00000400   Zero   RW            1    STACK               startup_stm32f4xx.o


==============================================================================

Image component sizes


      Code (inc. data)   RO Data    RW Data    ZI Data      Debug   Object Name

       976        118          0         20        384       4494   auto_ctrl_sub.o
      1024        120          0         69       1328       9776   data_deal_sub.o
         4          0          0          0          0        430   fattime.o
      3672         42        194          8          0      21021   ff.o
      2392        168          0          0          0       5513   inter_polate_sub.o
       908         80          0         14       1348      19692   main.o
       140         26          0          0          0       1877   misc.o
       292         78          0         12          0     295593   rwfile.o
        52         14        392          0       1024        800   startup_stm32f4xx.o
       300         44         36         20          0       4854   stm32f4_discovery.o
       160         14          0          0          0       2004   stm32f4xx_exti.o
       178          0          0          0          0       3247   stm32f4xx_gpio.o
      3478        302          8        287          0      19367   stm32f4xx_it.o
       248         38          0         16          0       4736   stm32f4xx_rcc.o
        40          6          0          0          0        632   stm32f4xx_syscfg.o
       350         36          0          0          0       6173   stm32f4xx_tim.o
       384         10          0          0          0       6289   stm32f4xx_usart.o
       272         42          0          0          0       1421   system_stm32f4xx.o
       546         24          0          4          0     216744   usb_bsp.o
      1754         26          0          0          0      16531   usb_core.o
       160          0          0          0          0       4579   usb_hcd.o
      3558          0          0          0          0       9755   usb_hcd_int.o
      1504         52          0         16          0       6849   usbh_core.o
       240          0          0          0          0       3744   usbh_hcs.o
       300          0          0          0          0       4838   usbh_ioreq.o
       720         66          0         16         64       6265   usbh_msc_bot.o
       636         48          0         18         74       5325   usbh_msc_core.o
       320         46          0          1          0       4786   usbh_msc_fatfs.o
       988         76          0          1        528       6836   usbh_msc_scsi.o
       658          0          0          0          0      14903   usbh_stdreq.o
       274         60          0         74       2160      13611   usbh_usr.o

    ----------------------------------------------------------------------
     26562       1536        668        588       6912     722685   Object Totals
         0          0         32          0          0          0   (incl. Generated)
        34          0          6         12          2          0   (incl. Padding)

    ----------------------------------------------------------------------

      Code (inc. data)   RO Data    RW Data    ZI Data      Debug   Library Member Name

       216         16          0          0          0        156   cos.o
       368         46         48          0          0        204   cos_i.o
        32          8          0          0          0        124   dunder.o
        32          0          0          0          0        124   fabs.o
        48          0          0          0          0        124   fpclassify.o
       248          0          0          0          0        152   poly.o
      1104        142        200          0          0        188   rred.o
       216         16          0          0          0        156   sin.o
       304         24         40          0          0        208   sin_i.o
       120          0          0          0          0        148   sqrt.o
        92          0          0          0          0          0   __dczerorl2.o
         0          0          0          0          0          0   entry.o
         8          4          0          0          0          0   entry2.o
         4          0          0          0          0          0   entry5.o
         0          0          0          0          0          0   entry7b.o
         8          4          0          0          0          0   entry8.o
        12          6          0          4          0         68   errno.o
        30          0          0          0          0          0   handlers.o
        36          8          0          0          0         68   init.o
         0          0          0          0          0          0   iusefp.o
        30          0          0          0          0         68   llshl.o
        36          0          0          0          0         68   llsshr.o
        32          0          0          0          0         68   llushr.o
        36          0          0          0          0         68   memcpya.o
        40          2          0          0          0         68   cdcmple.o
        56          0          0          0          0         88   d2f.o
       332          0          0          0          0        148   dadd.o
       222          0          0          0          0        100   ddiv.o
       190          0          0          0          0        176   depilogue.o
        62          0          0          0          0         80   dfixi.o
        46          0          0          0          0         68   dfixui.o
        34          0          0          0          0         76   dflti.o
        26          0          0          0          0         76   dfltui.o
       224          0          0          0          0         96   dmul.o
       162          0          0          0          0        100   dsqrt.o
        44          0          0          0          0         68   f2d.o
       108          0          0          0          0        168   fepilogue.o

    ----------------------------------------------------------------------
      4570        276        288          4          0       3304   Library Totals
        12          0          0          0          0          0   (incl. Padding)

    ----------------------------------------------------------------------

      Code (inc. data)   RO Data    RW Data    ZI Data      Debug   Library Name

      2688        252        288          0          0       1584   m_wm.l
       324         22          0          4          0        408   mc_w.l
      1546          2          0          0          0       1312   mf_w.l

    ----------------------------------------------------------------------
      4570        276        288          4          0       3304   Library Totals

    ----------------------------------------------------------------------

==============================================================================


      Code (inc. data)   RO Data    RW Data    ZI Data      Debug   

     31132       1812        956        592       6912     700805   Grand Totals
     31132       1812        956        212       6912     700805   ELF Image Totals (compressed)
     31132       1812        956        212          0          0   ROM Totals

==============================================================================

    Total RO  Size (Code + RO Data)                32088 (  31.34kB)
    Total RW  Size (RW Data + ZI Data)              7504 (   7.33kB)
    Total ROM Size (Code + RO Data + RW Data)      32300 (  31.54kB)

==============================================================================

