<html>
<body>
<pre>
<h1>µVision Build Log</h1>
<h2>Project:</h2>
D:\¼¤¹âÇÐ¸î»ú\newusbInp\newusb.uvproj
Project File Date:  03/29/2012

<h2>Output:</h2>
Rebuild target 'Target 1'
assembling startup_stm32f4xx.s...
compiling Rwfile.c...
compiling stm32f4xx_it.c...
stm32f4xx_it.c(202): warning:  #177-D: variable "clickreg" was declared but never referenced
compiling system_stm32f4xx.c...
compiling usb_bsp.c...
compiling usbh_usr.c...
usbh_usr.c(334): warning:  #223-D: function "ReadPara" declared implicitly
usbh_usr.c(367): warning:  #1-D: last line of file ends without a newline
usbh_usr.c(367): warning:  #1331-D: null (zero) character in input line ignored
usbh_usr.c(367): warning:  #1331-D: null (zero) character in input line ignored
usbh_usr.c(367): warning:  #1331-D: null (zero) character in input line ignored
usbh_usr.c(367): warning:  #1331-D: null (zero) character in input line ignored
usbh_usr.c(367): warning:  #1331-D: null (zero) character in input line ignored
usbh_usr.c(367): warning:  #1331-D: null (zero) character in input line ignored
usbh_usr.c(367): warning:  #1331-D: null (zero) character in input line ignored
usbh_usr.c(367): warning:  #1331-D: null (zero) character in input line ignored
usbh_usr.c(367): warning:  #1331-D: null (zero) character in input line ignored
compiling main.c...
main.c(62): warning:  #128-D: loop is not reachable from preceding code
compiling stm32f4xx_tim.c...
compiling misc.c...
compiling stm32f4xx_adc.c...
compiling stm32f4xx_dac.c...
compiling stm32f4xx_dma.c...
compiling stm32f4xx_exti.c...
compiling stm32f4xx_i2c.c...
compiling stm32f4xx_rcc.c...
compiling stm32f4xx_spi.c...
compiling stm32f4xx_syscfg.c...
compiling stm32f4xx_gpio.c...
compiling usb_hcd_int.c...
compiling usb_core.c...
compiling usb_hcd.c...
compiling usbh_stdreq.c...
compiling usbh_core.c...
compiling usbh_hcs.c...
compiling usbh_ioreq.c...
compiling usbh_msc_fatfs.c...
compiling usbh_msc_scsi.c...
compiling usbh_msc_bot.c...
compiling usbh_msc_core.c...
compiling fattime.c...
compiling ff.c...
compiling stm32f4_discovery_lis302dl.c...
compiling stm32f4_discovery.c...
linking...
Program Size: Code=17408 RO-data=656 RW-data=228 ZI-data=7252  
FromELF: creating hex file...
"newusbInp.axf" - 0 Error(s), 13 Warning(s).
Rebuild target 'Target 1'
assembling startup_stm32f4xx.s...
compiling Rwfile.c...
compiling stm32f4xx_it.c...
stm32f4xx_it.c(202): warning:  #177-D: variable "clickreg" was declared but never referenced
compiling system_stm32f4xx.c...
compiling usb_bsp.c...
compiling usbh_usr.c...
usbh_usr.c(367): warning:  #1-D: last line of file ends without a newline
usbh_usr.c(367): warning:  #1331-D: null (zero) character in input line ignored
usbh_usr.c(367): warning:  #1331-D: null (zero) character in input line ignored
usbh_usr.c(367): warning:  #1331-D: null (zero) character in input line ignored
usbh_usr.c(367): warning:  #1331-D: null (zero) character in input line ignored
usbh_usr.c(367): warning:  #1331-D: null (zero) character in input line ignored
usbh_usr.c(367): warning:  #1331-D: null (zero) character in input line ignored
usbh_usr.c(367): warning:  #1331-D: null (zero) character in input line ignored
usbh_usr.c(367): warning:  #1331-D: null (zero) character in input line ignored
usbh_usr.c(367): warning:  #1331-D: null (zero) character in input line ignored
compiling main.c...
compiling stm32f4xx_tim.c...
compiling misc.c...
compiling stm32f4xx_adc.c...
compiling stm32f4xx_dac.c...
compiling stm32f4xx_dma.c...
Project build/rebuild aborted.
Target not created
Rebuild target 'Target 1'
assembling startup_stm32f4xx.s...
compiling Rwfile.c...
compiling stm32f4xx_it.c...
stm32f4xx_it.c(202): warning:  #177-D: variable "clickreg" was declared but never referenced
compiling system_stm32f4xx.c...
compiling usb_bsp.c...
compiling usbh_usr.c...
usbh_usr.c(367): warning:  #1-D: last line of file ends without a newline
usbh_usr.c(367): warning:  #1331-D: null (zero) character in input line ignored
usbh_usr.c(367): warning:  #1331-D: null (zero) character in input line ignored
usbh_usr.c(367): warning:  #1331-D: null (zero) character in input line ignored
usbh_usr.c(367): warning:  #1331-D: null (zero) character in input line ignored
usbh_usr.c(367): warning:  #1331-D: null (zero) character in input line ignored
usbh_usr.c(367): warning:  #1331-D: null (zero) character in input line ignored
usbh_usr.c(367): warning:  #1331-D: null (zero) character in input line ignored
usbh_usr.c(367): warning:  #1331-D: null (zero) character in input line ignored
usbh_usr.c(367): warning:  #1331-D: null (zero) character in input line ignored
compiling main.c...
compiling stm32f4xx_tim.c...
compiling misc.c...
compiling stm32f4xx_adc.c...
compiling stm32f4xx_dac.c...
compiling stm32f4xx_dma.c...
compiling stm32f4xx_exti.c...
compiling stm32f4xx_i2c.c...
compiling stm32f4xx_rcc.c...
compiling stm32f4xx_spi.c...
compiling stm32f4xx_syscfg.c...
compiling stm32f4xx_gpio.c...
compiling usb_hcd_int.c...
compiling usb_core.c...
compiling usb_hcd.c...
compiling usbh_stdreq.c...
compiling usbh_core.c...
compiling usbh_hcs.c...
compiling usbh_ioreq.c...
compiling usbh_msc_fatfs.c...
compiling usbh_msc_scsi.c...
compiling usbh_msc_bot.c...
compiling usbh_msc_core.c...
compiling fattime.c...
compiling ff.c...
compiling stm32f4_discovery_lis302dl.c...
compiling stm32f4_discovery.c...
linking...
Program Size: Code=17432 RO-data=656 RW-data=228 ZI-data=7252  
FromELF: creating hex file...
"newusbInp.axf" - 0 Error(s), 11 Warning(s).
Rebuild target 'Target 1'
assembling startup_stm32f4xx.s...
compiling Rwfile.c...
compiling stm32f4xx_it.c...
stm32f4xx_it.c(202): warning:  #177-D: variable "clickreg" was declared but never referenced
compiling system_stm32f4xx.c...
compiling usb_bsp.c...
compiling usbh_usr.c...
usbh_usr.c(365): warning:  #1-D: last line of file ends without a newline
usbh_usr.c(365): warning:  #1331-D: null (zero) character in input line ignored
usbh_usr.c(365): warning:  #1331-D: null (zero) character in input line ignored
usbh_usr.c(365): warning:  #1331-D: null (zero) character in input line ignored
usbh_usr.c(365): warning:  #1331-D: null (zero) character in input line ignored
usbh_usr.c(365): warning:  #1331-D: null (zero) character in input line ignored
usbh_usr.c(365): warning:  #1331-D: null (zero) character in input line ignored
usbh_usr.c(365): warning:  #1331-D: null (zero) character in input line ignored
usbh_usr.c(365): warning:  #1331-D: null (zero) character in input line ignored
usbh_usr.c(365): warning:  #1331-D: null (zero) character in input line ignored
compiling main.c...
compiling stm32f4xx_tim.c...
compiling misc.c...
compiling stm32f4xx_adc.c...
compiling stm32f4xx_dac.c...
compiling stm32f4xx_dma.c...
compiling stm32f4xx_exti.c...
compiling stm32f4xx_i2c.c...
compiling stm32f4xx_rcc.c...
compiling stm32f4xx_spi.c...
compiling stm32f4xx_syscfg.c...
compiling stm32f4xx_gpio.c...
compiling usb_hcd_int.c...
compiling usb_core.c...
compiling usb_hcd.c...
compiling usbh_stdreq.c...
compiling usbh_core.c...
compiling usbh_hcs.c...
compiling usbh_ioreq.c...
compiling usbh_msc_fatfs.c...
compiling usbh_msc_scsi.c...
compiling usbh_msc_bot.c...
compiling usbh_msc_core.c...
compiling fattime.c...
compiling ff.c...
compiling stm32f4_discovery_lis302dl.c...
compiling stm32f4_discovery.c...
linking...
Program Size: Code=13276 RO-data=460 RW-data=224 ZI-data=4112  
FromELF: creating hex file...
"newusbInp.axf" - 0 Error(s), 11 Warning(s).
Rebuild target 'Target 1'
assembling startup_stm32f4xx.s...
compiling Rwfile.c...
compiling stm32f4xx_it.c...
stm32f4xx_it.c(202): warning:  #177-D: variable "clickreg" was declared but never referenced
compiling system_stm32f4xx.c...
compiling usb_bsp.c...
compiling usbh_usr.c...
usbh_usr.c(365): warning:  #1-D: last line of file ends without a newline
usbh_usr.c(365): warning:  #1331-D: null (zero) character in input line ignored
usbh_usr.c(365): warning:  #1331-D: null (zero) character in input line ignored
usbh_usr.c(365): warning:  #1331-D: null (zero) character in input line ignored
usbh_usr.c(365): warning:  #1331-D: null (zero) character in input line ignored
usbh_usr.c(365): warning:  #1331-D: null (zero) character in input line ignored
usbh_usr.c(365): warning:  #1331-D: null (zero) character in input line ignored
usbh_usr.c(365): warning:  #1331-D: null (zero) character in input line ignored
usbh_usr.c(365): warning:  #1331-D: null (zero) character in input line ignored
usbh_usr.c(365): warning:  #1331-D: null (zero) character in input line ignored
compiling main.c...
compiling stm32f4xx_tim.c...
compiling misc.c...
compiling stm32f4xx_adc.c...
compiling stm32f4xx_dac.c...
compiling stm32f4xx_dma.c...
compiling stm32f4xx_exti.c...
compiling stm32f4xx_i2c.c...
compiling stm32f4xx_rcc.c...
compiling stm32f4xx_spi.c...
compiling stm32f4xx_syscfg.c...
compiling stm32f4xx_gpio.c...
compiling usb_hcd_int.c...
compiling usb_core.c...
compiling usb_hcd.c...
compiling usbh_stdreq.c...
compiling usbh_core.c...
compiling usbh_hcs.c...
compiling usbh_ioreq.c...
compiling usbh_msc_fatfs.c...
compiling usbh_msc_scsi.c...
compiling usbh_msc_bot.c...
compiling usbh_msc_core.c...
compiling fattime.c...
compiling ff.c...
compiling stm32f4_discovery_lis302dl.c...
compiling stm32f4_discovery.c...
linking...
Program Size: Code=13292 RO-data=460 RW-data=224 ZI-data=4112  
FromELF: creating hex file...
"newusbInp.axf" - 0 Error(s), 11 Warning(s).
