ARM Linker, 4.1 [Build 894] [Standard]

==============================================================================

Section Cross References

    startup_stm32f4xx.o(RESET) refers to startup_stm32f4xx.o(STACK) for __initial_sp
    startup_stm32f4xx.o(RESET) refers to startup_stm32f4xx.o(.text) for Reset_Handler
    startup_stm32f4xx.o(RESET) refers to stm32f4xx_it.o(i.NMI_Handler) for NMI_Handler
    startup_stm32f4xx.o(RESET) refers to stm32f4xx_it.o(i.HardFault_Handler) for HardFault_Handler
    startup_stm32f4xx.o(RESET) refers to stm32f4xx_it.o(i.MemManage_Handler) for MemManage_Handler
    startup_stm32f4xx.o(RESET) refers to stm32f4xx_it.o(i.BusFault_Handler) for BusFault_Handler
    startup_stm32f4xx.o(RESET) refers to stm32f4xx_it.o(i.UsageFault_Handler) for UsageFault_Handler
    startup_stm32f4xx.o(RESET) refers to stm32f4xx_it.o(i.SVC_Handler) for SVC_Handler
    startup_stm32f4xx.o(RESET) refers to stm32f4xx_it.o(i.DebugMon_Handler) for DebugMon_Handler
    startup_stm32f4xx.o(RESET) refers to stm32f4xx_it.o(i.PendSV_Handler) for PendSV_Handler
    startup_stm32f4xx.o(RESET) refers to stm32f4xx_it.o(i.SysTick_Handler) for SysTick_Handler
    startup_stm32f4xx.o(RESET) refers to stm32f4xx_it.o(i.EXTI0_IRQHandler) for EXTI0_IRQHandler
    startup_stm32f4xx.o(RESET) refers to stm32f4xx_it.o(i.EXTI1_IRQHandler) for EXTI1_IRQHandler
    startup_stm32f4xx.o(RESET) refers to stm32f4xx_it.o(i.TIM2_IRQHandler) for TIM2_IRQHandler
    startup_stm32f4xx.o(RESET) refers to stm32f4xx_it.o(i.TIM4_IRQHandler) for TIM4_IRQHandler
    startup_stm32f4xx.o(RESET) refers to stm32f4xx_it.o(i.OTG_FS_IRQHandler) for OTG_FS_IRQHandler
    startup_stm32f4xx.o(.text) refers to system_stm32f4xx.o(i.SystemInit) for SystemInit
    startup_stm32f4xx.o(.text) refers to entry.o(.ARM.Collect$$$$00000000) for __main
    rwfile.o(i.Delay) refers to rwfile.o(.data) for .data
    rwfile.o(i.ReadPara) refers to ff.o(i.f_opendir) for f_opendir
    rwfile.o(i.ReadPara) refers to stm32f4_discovery.o(i.STM_EVAL_LEDToggle) for STM_EVAL_LEDToggle
    rwfile.o(i.ReadPara) refers to rwfile.o(i.Delay) for Delay
    rwfile.o(i.ReadPara) refers to ff.o(i.f_open) for f_open
    rwfile.o(i.ReadPara) refers to stm32f4_discovery.o(i.STM_EVAL_LEDOn) for STM_EVAL_LEDOn
    rwfile.o(i.ReadPara) refers to ff.o(i.f_read) for f_read
    rwfile.o(i.ReadPara) refers to usbh_usr.o(.bss) for dir
    rwfile.o(i.ReadPara) refers to rwfile.o(.data) for .data
    rwfile.o(i.ReadPara) refers to usbh_usr.o(.bss) for fileR
    rwfile.o(i.ReadPara) refers to rwfile.o(.bss) for .bss
    rwfile.o(i.TimingDelay_Decrement) refers to rwfile.o(.data) for .data
    stm32f4xx_it.o(i.EXTI0_IRQHandler) refers to stm32f4xx_exti.o(i.EXTI_GetITStatus) for EXTI_GetITStatus
    stm32f4xx_it.o(i.EXTI0_IRQHandler) refers to stm32f4xx_exti.o(i.EXTI_ClearITPendingBit) for EXTI_ClearITPendingBit
    stm32f4xx_it.o(i.EXTI1_IRQHandler) refers to stm32f4xx_exti.o(i.EXTI_GetITStatus) for EXTI_GetITStatus
    stm32f4xx_it.o(i.EXTI1_IRQHandler) refers to stm32f4xx_exti.o(i.EXTI_ClearITPendingBit) for EXTI_ClearITPendingBit
    stm32f4xx_it.o(i.EXTI1_IRQHandler) refers to stm32f4xx_it.o(.data) for .data
    stm32f4xx_it.o(i.OTG_FS_IRQHandler) refers to usb_hcd_int.o(i.USBH_OTG_ISR_Handler) for USBH_OTG_ISR_Handler
    stm32f4xx_it.o(i.OTG_FS_IRQHandler) refers to main.o(.bss) for USB_OTG_Core
    stm32f4xx_it.o(i.SysTick_Handler) refers to rwfile.o(i.TimingDelay_Decrement) for TimingDelay_Decrement
    stm32f4xx_it.o(i.SysTick_Handler) refers to usbh_usr.o(.data) for Command_index
    stm32f4xx_it.o(i.SysTick_Handler) refers to stm32f4xx_it.o(.data) for .data
    stm32f4xx_it.o(i.TIM2_IRQHandler) refers to usb_bsp.o(i.USB_OTG_BSP_TimerIRQ) for USB_OTG_BSP_TimerIRQ
    stm32f4xx_it.o(i.TIM4_IRQHandler) refers to stm32f4xx_tim.o(i.TIM_GetITStatus) for TIM_GetITStatus
    stm32f4xx_it.o(i.TIM4_IRQHandler) refers to stm32f4xx_tim.o(i.TIM_ClearITPendingBit) for TIM_ClearITPendingBit
    stm32f4xx_it.o(i.TIM4_IRQHandler) refers to stm32f4xx_tim.o(i.TIM_GetCapture1) for TIM_GetCapture1
    stm32f4xx_it.o(i.TIM4_IRQHandler) refers to stm32f4xx_tim.o(i.TIM_SetCompare1) for TIM_SetCompare1
    stm32f4xx_it.o(i.TIM4_IRQHandler) refers to stm32f4xx_it.o(.data) for .data
    stm32f4xx_it.o(i.TIM4_IRQHandler) refers to main.o(.data) for CCR_Val
    system_stm32f4xx.o(i.SystemCoreClockUpdate) refers to system_stm32f4xx.o(.data) for .data
    system_stm32f4xx.o(i.SystemInit) refers to system_stm32f4xx.o(i.SetSysClock) for SetSysClock
    usb_bsp.o(i.BSP_Delay) refers to usb_bsp.o(i.BSP_SetTime) for BSP_SetTime
    usb_bsp.o(i.BSP_Delay) refers to stm32f4xx_tim.o(i.TIM_Cmd) for TIM_Cmd
    usb_bsp.o(i.BSP_Delay) refers to usb_bsp.o(.data) for .data
    usb_bsp.o(i.BSP_Init) refers to stm32f4_discovery.o(i.STM_EVAL_PBInit) for STM_EVAL_PBInit
    usb_bsp.o(i.BSP_SetTime) refers to stm32f4xx_tim.o(i.TIM_Cmd) for TIM_Cmd
[...]
    stdlib\\src\\stm32f4xx_tim.c             0x00000000   Number         0  stm32f4xx_tim.o ABSOLUTE
    stdlib\src\misc.c                        0x00000000   Number         0  misc.o ABSOLUTE
    stdlib\src\stm32f4xx_adc.c               0x00000000   Number         0  stm32f4xx_adc.o ABSOLUTE
    stdlib\src\stm32f4xx_dac.c               0x00000000   Number         0  stm32f4xx_dac.o ABSOLUTE
    stdlib\src\stm32f4xx_dma.c               0x00000000   Number         0  stm32f4xx_dma.o ABSOLUTE
    stdlib\src\stm32f4xx_exti.c              0x00000000   Number         0  stm32f4xx_exti.o ABSOLUTE
    stdlib\src\stm32f4xx_gpio.c              0x00000000   Number         0  stm32f4xx_gpio.o ABSOLUTE
    stdlib\src\stm32f4xx_i2c.c               0x00000000   Number         0  stm32f4xx_i2c.o ABSOLUTE
    stdlib\src\stm32f4xx_rcc.c               0x00000000   Number         0  stm32f4xx_rcc.o ABSOLUTE
    stdlib\src\stm32f4xx_spi.c               0x00000000   Number         0  stm32f4xx_spi.o ABSOLUTE
    stdlib\src\stm32f4xx_syscfg.c            0x00000000   Number         0  stm32f4xx_syscfg.o ABSOLUTE
    stdlib\src\stm32f4xx_tim.c               0x00000000   Number         0  stm32f4xx_tim.o ABSOLUTE
    stm32f4xx_it.c                           0x00000000   Number         0  stm32f4xx_it.o ABSOLUTE
    stm32f4xx_it.c                           0x00000000   Number         0  stm32f4xx_it.o ABSOLUTE
    system_stm32f4xx.c                       0x00000000   Number         0  system_stm32f4xx.o ABSOLUTE
    system_stm32f4xx.c                       0x00000000   Number         0  system_stm32f4xx.o ABSOLUTE
    usb0tglib\\src\\usb_core.c               0x00000000   Number         0  usb_core.o ABSOLUTE
    usb0tglib\\src\\usb_hcd.c                0x00000000   Number         0  usb_hcd.o ABSOLUTE
    usb0tglib\\src\\usb_hcd_int.c            0x00000000   Number         0  usb_hcd_int.o ABSOLUTE
    usb0tglib\src\usb_core.c                 0x00000000   Number         0  usb_core.o ABSOLUTE
    usb0tglib\src\usb_hcd.c                  0x00000000   Number         0  usb_hcd.o ABSOLUTE
    usb0tglib\src\usb_hcd_int.c              0x00000000   Number         0  usb_hcd_int.o ABSOLUTE
    usb_bsp.c                                0x00000000   Number         0  usb_bsp.o ABSOLUTE
    usb_bsp.c                                0x00000000   Number         0  usb_bsp.o ABSOLUTE
    usbh_usr.c                               0x00000000   Number         0  usbh_usr.o ABSOLUTE
    usbh_usr.c                               0x00000000   Number         0  usbh_usr.o ABSOLUTE
    usbhost\Core\src\usbh_core.c             0x00000000   Number         0  usbh_core.o ABSOLUTE
    usbhost\Core\src\usbh_hcs.c              0x00000000   Number         0  usbh_hcs.o ABSOLUTE
    usbhost\Core\src\usbh_ioreq.c            0x00000000   Number         0  usbh_ioreq.o ABSOLUTE
    usbhost\Core\src\usbh_stdreq.c           0x00000000   Number         0  usbh_stdreq.o ABSOLUTE
    usbhost\MSC\src\usbh_msc_bot.c           0x00000000   Number         0  usbh_msc_bot.o ABSOLUTE
    usbhost\MSC\src\usbh_msc_core.c          0x00000000   Number         0  usbh_msc_core.o ABSOLUTE
    usbhost\MSC\src\usbh_msc_fatfs.c         0x00000000   Number         0  usbh_msc_fatfs.o ABSOLUTE
    usbhost\MSC\src\usbh_msc_scsi.c          0x00000000   Number         0  usbh_msc_scsi.o ABSOLUTE
    usbhost\\Core\\src\\usbh_core.c          0x00000000   Number         0  usbh_core.o ABSOLUTE
    usbhost\\Core\\src\\usbh_hcs.c           0x00000000   Number         0  usbh_hcs.o ABSOLUTE
    usbhost\\Core\\src\\usbh_ioreq.c         0x00000000   Number         0  usbh_ioreq.o ABSOLUTE
    usbhost\\Core\\src\\usbh_stdreq.c        0x00000000   Number         0  usbh_stdreq.o ABSOLUTE
    usbhost\\MSC\\src\\usbh_msc_bot.c        0x00000000   Number         0  usbh_msc_bot.o ABSOLUTE
    usbhost\\MSC\\src\\usbh_msc_core.c       0x00000000   Number         0  usbh_msc_core.o ABSOLUTE
    usbhost\\MSC\\src\\usbh_msc_fatfs.c      0x00000000   Number         0  usbh_msc_fatfs.o ABSOLUTE
    usbhost\\MSC\\src\\usbh_msc_scsi.c       0x00000000   Number         0  usbh_msc_scsi.o ABSOLUTE
    RESET                                    0x08000000   Section      392  startup_stm32f4xx.o(RESET)
    .ARM.Collect$$$$00000000                 0x08000188   Section        0  entry.o(.ARM.Collect$$$$00000000)
    .ARM.Collect$$$$00000001                 0x08000188   Section        4  entry2.o(.ARM.Collect$$$$00000001)
    .ARM.Collect$$$$00000004                 0x0800018c   Section        4  entry5.o(.ARM.Collect$$$$00000004)
    .ARM.Collect$$$$00000008                 0x08000190   Section        0  entry7b.o(.ARM.Collect$$$$00000008)
    .ARM.Collect$$$$00000009                 0x08000190   Section        8  entry8.o(.ARM.Collect$$$$00000009)
    .ARM.Collect$$$$00002712                 0x08000198   Section        4  entry2.o(.ARM.Collect$$$$00002712)
    __lit__00000000                          0x08000198   Data           4  entry2.o(.ARM.Collect$$$$00002712)
    .text                                    0x0800019c   Section       52  startup_stm32f4xx.o(.text)
    .text                                    0x080001d0   Section       36  init.o(.text)
    i.BSP_Delay                              0x080001f4   Section        0  usb_bsp.o(i.BSP_Delay)
    BSP_Delay                                0x080001f5   Thumb Code    32  usb_bsp.o(i.BSP_Delay)
    i.BSP_SetTime                            0x08000218   Section        0  usb_bsp.o(i.BSP_SetTime)
    BSP_SetTime                              0x08000219   Thumb Code   106  usb_bsp.o(i.BSP_SetTime)
    i.BusFault_Handler                       0x08000282   Section        0  stm32f4xx_it.o(i.BusFault_Handler)
    i.DebugMon_Handler                       0x08000284   Section        0  stm32f4xx_it.o(i.DebugMon_Handler)
    i.Delay                                  0x08000288   Section        0  rwfile.o(i.Delay)
    i.EXTI0_IRQHandler                       0x08000298   Section        0  stm32f4xx_it.o(i.EXTI0_IRQHandler)
    i.EXTI1_IRQHandler                       0x080002ac   Section        0  stm32f4xx_it.o(i.EXTI1_IRQHandler)
    i.EXTI_ClearITPendingBit                 0x080002e0   Section        0  stm32f4xx_exti.o(i.EXTI_ClearITPendingBit)
    i.EXTI_GetITStatus                       0x080002ec   Section        0  stm32f4xx_exti.o(i.EXTI_GetITStatus)
    i.EXTI_Init                              0x0800030c   Section        0  stm32f4xx_exti.o(i.EXTI_Init)
    i.GPIO_Init                              0x0800037c   Section        0  stm32f4xx_gpio.o(i.GPIO_Init)
    i.GPIO_PinAFConfig                       0x080003f8   Section        0  stm32f4xx_gpio.o(i.GPIO_PinAFConfig)
    i.GPIO_ResetBits                         0x08000418   Section        0  stm32f4xx_gpio.o(i.GPIO_ResetBits)
    i.GPIO_SetBits                           0x0800041c   Section        0  stm32f4xx_gpio.o(i.GPIO_SetBits)
    i.HCD_GetCurrentFrame                    0x08000420   Section        0  usb_hcd.o(i.HCD_GetCurrentFrame)
    i.HCD_GetCurrentSpeed                    0x08000428   Section        0  usb_hcd.o(i.HCD_GetCurrentSpeed)
    i.HCD_GetURB_State                       0x08000434   Section        0  usb_hcd.o(i.HCD_GetURB_State)
    i.HCD_GetXferCnt                         0x0800043c   Section        0  usb_hcd.o(i.HCD_GetXferCnt)
    i.HCD_Init                               0x08000446   Section        0  usb_hcd.o(i.HCD_Init)
    i.HCD_IsDeviceConnected                  0x0800049c   Section        0  usb_hcd.o(i.HCD_IsDeviceConnected)
    i.HCD_ResetPort                          0x080004a2   Section        0  usb_hcd.o(i.HCD_ResetPort)
    i.HCD_SubmitRequest                      0x080004ac   Section        0  usb_hcd.o(i.HCD_SubmitRequest)
    i.HardFault_Handler                      0x080004c0   Section        0  stm32f4xx_it.o(i.HardFault_Handler)
    i.MemManage_Handler                      0x080004c2   Section        0  stm32f4xx_it.o(i.MemManage_Handler)
    i.NMI_Handler                            0x080004c4   Section        0  stm32f4xx_it.o(i.NMI_Handler)
    i.NVIC_Init                              0x080004c8   Section        0  misc.o(i.NVIC_Init)
    i.NVIC_PriorityGroupConfig               0x0800052c   Section        0  misc.o(i.NVIC_PriorityGroupConfig)
    i.NVIC_SetVectorTable                    0x08000540   Section        0  misc.o(i.NVIC_SetVectorTable)
    i.OTG_FS_IRQHandler                      0x08000554   Section        0  stm32f4xx_it.o(i.OTG_FS_IRQHandler)
    i.PendSV_Handler                         0x08000560   Section        0  stm32f4xx_it.o(i.PendSV_Handler)
    i.RCC_AHB1PeriphClockCmd                 0x08000564   Section        0  stm32f4xx_rcc.o(i.RCC_AHB1PeriphClockCmd)
    i.RCC_AHB2PeriphClockCmd                 0x0800057c   Section        0  stm32f4xx_rcc.o(i.RCC_AHB2PeriphClockCmd)
    i.RCC_APB1PeriphClockCmd                 0x08000594   Section        0  stm32f4xx_rcc.o(i.RCC_APB1PeriphClockCmd)
    i.RCC_APB2PeriphClockCmd                 0x080005ac   Section        0  stm32f4xx_rcc.o(i.RCC_APB2PeriphClockCmd)
    i.RCC_GetClocksFreq                      0x080005c4   Section        0  stm32f4xx_rcc.o(i.RCC_GetClocksFreq)
    i.ReadPara                               0x08000658   Section        0  rwfile.o(i.ReadPara)
    i.STM_EVAL_LEDInit                       0x080006c0   Section        0  stm32f4_discovery.o(i.STM_EVAL_LEDInit)
    i.STM_EVAL_LEDOff                        0x08000708   Section        0  stm32f4_discovery.o(i.STM_EVAL_LEDOff)
    i.STM_EVAL_LEDOn                         0x08000720   Section        0  stm32f4_discovery.o(i.STM_EVAL_LEDOn)
    i.STM_EVAL_LEDToggle                     0x08000738   Section        0  stm32f4_discovery.o(i.STM_EVAL_LEDToggle)
    i.STM_EVAL_PBInit                        0x08000754   Section        0  stm32f4_discovery.o(i.STM_EVAL_PBInit)
    i.SVC_Handler                            0x080007ec   Section        0  stm32f4xx_it.o(i.SVC_Handler)
    i.SYSCFG_EXTILineConfig                  0x080007f0   Section        0  stm32f4xx_syscfg.o(i.SYSCFG_EXTILineConfig)
    i.SetSysClock                            0x08000818   Section        0  system_stm32f4xx.o(i.SetSysClock)
    SetSysClock                              0x08000819   Thumb Code   168  system_stm32f4xx.o(i.SetSysClock)
    i.SysTick_Handler                        0x080008d8   Section        0  stm32f4xx_it.o(i.SysTick_Handler)
    i.SystemInit                             0x080008f8   Section        0  system_stm32f4xx.o(i.SystemInit)
    i.TIM2_IRQHandler                        0x08000948   Section        0  stm32f4xx_it.o(i.TIM2_IRQHandler)
    i.TIM4_IRQHandler                        0x0800094c   Section        0  stm32f4xx_it.o(i.TIM4_IRQHandler)
    i.TIM_ARRPreloadConfig                   0x08000990   Section        0  stm32f4xx_tim.o(i.TIM_ARRPreloadConfig)
    i.TIM_ClearITPendingBit                  0x080009a4   Section        0  stm32f4xx_tim.o(i.TIM_ClearITPendingBit)
    i.TIM_Cmd                                0x080009aa   Section        0  stm32f4xx_tim.o(i.TIM_Cmd)
    i.TIM_GetCapture1                        0x080009be   Section        0  stm32f4xx_tim.o(i.TIM_GetCapture1)
    i.TIM_GetITStatus                        0x080009c2   Section        0  stm32f4xx_tim.o(i.TIM_GetITStatus)
    i.TIM_ITConfig                           0x080009d8   Section        0  stm32f4xx_tim.o(i.TIM_ITConfig)
    i.TIM_LED_Config                         0x080009e8   Section        0  main.o(i.TIM_LED_Config)
    TIM_LED_Config                           0x080009e9   Thumb Code   170  main.o(i.TIM_LED_Config)
    i.TIM_OC1Init                            0x08000aa4   Section        0  stm32f4xx_tim.o(i.TIM_OC1Init)
    i.TIM_OC1PreloadConfig                   0x08000b04   Section        0  stm32f4xx_tim.o(i.TIM_OC1PreloadConfig)
    i.TIM_SetCompare1                        0x08000b10   Section        0  stm32f4xx_tim.o(i.TIM_SetCompare1)
    i.TIM_TimeBaseInit                       0x08000b14   Section        0  stm32f4xx_tim.o(i.TIM_TimeBaseInit)
    i.TimingDelay_Decrement                  0x08000b90   Section        0  rwfile.o(i.TimingDelay_Decrement)
    i.USBH_Alloc_Channel                     0x08000ba4   Section        0  usbh_hcs.o(i.USBH_Alloc_Channel)
    i.USBH_BulkReceiveData                   0x08000bd8   Section        0  usbh_ioreq.o(i.USBH_BulkReceiveData)
    i.USBH_BulkSendData                      0x08000c00   Section        0  usbh_ioreq.o(i.USBH_BulkSendData)
    i.USBH_ClrFeature                        0x08000c2e   Section        0  usbh_stdreq.o(i.USBH_ClrFeature)
    i.USBH_Connect                           0x08000c5c   Section        0  usbh_core.o(i.USBH_Connect)
    i.USBH_CtlReceiveData                    0x08000c6e   Section        0  usbh_ioreq.o(i.USBH_CtlReceiveData)
    i.USBH_CtlReq                            0x08000c92   Section        0  usbh_ioreq.o(i.USBH_CtlReq)
    i.USBH_CtlSendData                       0x08000ce4   Section        0  usbh_ioreq.o(i.USBH_CtlSendData)
    i.USBH_CtlSendSetup                      0x08000d1e   Section        0  usbh_ioreq.o(i.USBH_CtlSendSetup)
    i.USBH_DeAllocate_AllChannel             0x08000d46   Section        0  usbh_hcs.o(i.USBH_DeAllocate_AllChannel)
    i.USBH_DeInit                            0x08000d5e   Section        0  usbh_core.o(i.USBH_DeInit)
    i.USBH_Disconnect                        0x08000d92   Section        0  usbh_core.o(i.USBH_Disconnect)
    i.USBH_ErrorHandle                       0x08000da4   Section        0  usbh_core.o(i.USBH_ErrorHandle)
    i.USBH_Free_Channel                      0x08000dd0   Section        0  usbh_hcs.o(i.USBH_Free_Channel)
    i.USBH_GetDescriptor                     0x08000dea   Section        0  usbh_stdreq.o(i.USBH_GetDescriptor)
    i.USBH_GetNextDesc                       0x08000e1a   Section        0  usbh_stdreq.o(i.USBH_GetNextDesc)
    USBH_GetNextDesc                         0x08000e1b   Thumb Code    14  usbh_stdreq.o(i.USBH_GetNextDesc)
    i.USBH_Get_CfgDesc                       0x08000e28   Section        0  usbh_stdreq.o(i.USBH_Get_CfgDesc)
    i.USBH_Get_DevDesc                       0x08000e60   Section        0  usbh_stdreq.o(i.USBH_Get_DevDesc)
    i.USBH_Get_StringDesc                    0x08000ee4   Section        0  usbh_stdreq.o(i.USBH_Get_StringDesc)
    i.USBH_HandleControl                     0x08000f30   Section        0  usbh_core.o(i.USBH_HandleControl)
    i.USBH_HandleEnum                        0x08001100   Section        0  usbh_core.o(i.USBH_HandleEnum)
    USBH_HandleEnum                          0x08001101   Thumb Code   402  usbh_core.o(i.USBH_HandleEnum)
    i.USBH_Init                              0x08001298   Section        0  usbh_core.o(i.USBH_Init)
    i.USBH_MSC_BOT_Abort                     0x080012f0   Section        0  usbh_msc_bot.o(i.USBH_MSC_BOT_Abort)
    i.USBH_MSC_ClassRequest                  0x08001328   Section        0  usbh_msc_core.o(i.USBH_MSC_ClassRequest)
    USBH_MSC_ClassRequest                    0x08001329   Thumb Code     8  usbh_msc_core.o(i.USBH_MSC_ClassRequest)
    i.USBH_MSC_DecodeCSW                     0x08001334   Section        0  usbh_msc_bot.o(i.USBH_MSC_DecodeCSW)
    i.USBH_MSC_ErrorHandle                   0x08001390   Section        0  usbh_msc_core.o(i.USBH_MSC_ErrorHandle)
    i.USBH_MSC_Handle                        0x080013c4   Section        0  usbh_msc_core.o(i.USBH_MSC_Handle)
    USBH_MSC_Handle                          0x080013c5   Thumb Code   348  usbh_msc_core.o(i.USBH_MSC_Handle)
    i.USBH_MSC_HandleBOTXfer                 0x0800152c   Section        0  usbh_msc_bot.o(i.USBH_MSC_HandleBOTXfer)
    i.USBH_MSC_Init                          0x08001730   Section        0  usbh_msc_bot.o(i.USBH_MSC_Init)
    i.USBH_MSC_InterfaceDeInit               0x0800176c   Section        0  usbh_msc_core.o(i.USBH_MSC_InterfaceDeInit)
    USBH_MSC_InterfaceDeInit                 0x0800176d   Thumb Code    50  usbh_msc_core.o(i.USBH_MSC_InterfaceDeInit)
    i.USBH_MSC_InterfaceInit                 0x080017a4   Section        0  usbh_msc_core.o(i.USBH_MSC_InterfaceInit)
    USBH_MSC_InterfaceInit                   0x080017a5   Thumb Code   156  usbh_msc_core.o(i.USBH_MSC_InterfaceInit)
    i.USBH_MSC_ModeSense6                    0x08001844   Section        0  usbh_msc_scsi.o(i.USBH_MSC_ModeSense6)
    i.USBH_MSC_Read10                        0x080018e0   Section        0  usbh_msc_scsi.o(i.USBH_MSC_Read10)
    i.USBH_MSC_ReadCapacity10                0x080019bc   Section        0  usbh_msc_scsi.o(i.USBH_MSC_ReadCapacity10)
    i.USBH_MSC_RequestSense                  0x08001a5c   Section        0  usbh_msc_scsi.o(i.USBH_MSC_RequestSense)
    i.USBH_MSC_TestUnitReady                 0x08001afc   Section        0  usbh_msc_scsi.o(i.USBH_MSC_TestUnitReady)
    i.USBH_MSC_Write10                       0x08001b7c   Section        0  usbh_msc_scsi.o(i.USBH_MSC_Write10)
    i.USBH_Modify_Channel                    0x08001c24   Section        0  usbh_hcs.o(i.USBH_Modify_Channel)
    i.USBH_OTG_ISR_Handler                   0x08001c56   Section        0  usb_hcd_int.o(i.USBH_OTG_ISR_Handler)
    i.USBH_Open_Channel                      0x08001cfe   Section        0  usbh_hcs.o(i.USBH_Open_Channel)
    i.USBH_ParseCfgDesc                      0x08001d50   Section        0  usbh_stdreq.o(i.USBH_ParseCfgDesc)
    USBH_ParseCfgDesc                        0x08001d51   Thumb Code   234  usbh_stdreq.o(i.USBH_ParseCfgDesc)
    i.USBH_Process                           0x08001e3a   Section        0  usbh_core.o(i.USBH_Process)
    i.USBH_SetAddress                        0x08001fce   Section        0  usbh_stdreq.o(i.USBH_SetAddress)
    i.USBH_SetCfg                            0x08001fe6   Section        0  usbh_stdreq.o(i.USBH_SetCfg)
    i.USBH_USR_Configuration_DescAvailable   0x08001ffe   Section        0  usbh_usr.o(i.USBH_USR_Configuration_DescAvailable)
    i.USBH_USR_DeInit                        0x08002000   Section        0  usbh_usr.o(i.USBH_USR_DeInit)
    i.USBH_USR_DeviceAddressAssigned         0x0800200c   Section        0  usbh_usr.o(i.USBH_USR_DeviceAddressAssigned)
    i.USBH_USR_DeviceAttached                0x08002010   Section        0  usbh_usr.o(i.USBH_USR_DeviceAttached)
    i.USBH_USR_DeviceDisconnected            0x08002044   Section        0  usbh_usr.o(i.USBH_USR_DeviceDisconnected)
    i.USBH_USR_DeviceNotSupported            0x0800208c   Section        0  usbh_usr.o(i.USBH_USR_DeviceNotSupported)
    i.USBH_USR_DeviceSpeedDetected           0x0800208e   Section        0  usbh_usr.o(i.USBH_USR_DeviceSpeedDetected)
    i.USBH_USR_Device_DescAvailable          0x08002090   Section        0  usbh_usr.o(i.USBH_USR_Device_DescAvailable)
    i.USBH_USR_EnumerationDone               0x08002092   Section        0  usbh_usr.o(i.USBH_USR_EnumerationDone)
    i.USBH_USR_Init                          0x080020a4   Section        0  usbh_usr.o(i.USBH_USR_Init)
    i.USBH_USR_MSC_Application               0x080020a8   Section        0  usbh_usr.o(i.USBH_USR_MSC_Application)
    i.USBH_USR_Manufacturer_String           0x080020f0   Section        0  usbh_usr.o(i.USBH_USR_Manufacturer_String)
    i.USBH_USR_OverCurrentDetected           0x080020f2   Section        0  usbh_usr.o(i.USBH_USR_OverCurrentDetected)
    i.USBH_USR_Product_String                0x080020f4   Section        0  usbh_usr.o(i.USBH_USR_Product_String)
    i.USBH_USR_ResetDevice                   0x080020f6   Section        0  usbh_usr.o(i.USBH_USR_ResetDevice)
    i.USBH_USR_SerialNum_String              0x080020f8   Section        0  usbh_usr.o(i.USBH_USR_SerialNum_String)
    i.USBH_USR_UnrecoveredError              0x080020fa   Section        0  usbh_usr.o(i.USBH_USR_UnrecoveredError)
    i.USBH_USR_UserInput                     0x080020fc   Section        0  usbh_usr.o(i.USBH_USR_UserInput)
    i.USB_OTG_BSP_ConfigVBUS                 0x08002100   Section        0  usb_bsp.o(i.USB_OTG_BSP_ConfigVBUS)
    i.USB_OTG_BSP_DriveVBUS                  0x08002140   Section        0  usb_bsp.o(i.USB_OTG_BSP_DriveVBUS)
    i.USB_OTG_BSP_EnableInterrupt            0x08002158   Section        0  usb_bsp.o(i.USB_OTG_BSP_EnableInterrupt)
    i.USB_OTG_BSP_Init                       0x08002198   Section        0  usb_bsp.o(i.USB_OTG_BSP_Init)
    i.USB_OTG_BSP_TimerIRQ                   0x08002250   Section        0  usb_bsp.o(i.USB_OTG_BSP_TimerIRQ)
    i.USB_OTG_BSP_mDelay                     0x08002288   Section        0  usb_bsp.o(i.USB_OTG_BSP_mDelay)
    i.USB_OTG_BSP_uDelay                     0x0800228e   Section        0  usb_bsp.o(i.USB_OTG_BSP_uDelay)
    i.USB_OTG_CoreInit                       0x08002294   Section        0  usb_core.o(i.USB_OTG_CoreInit)
    i.USB_OTG_CoreInitHost                   0x08002370   Section        0  usb_core.o(i.USB_OTG_CoreInitHost)
    i.USB_OTG_CoreReset                      0x08002408   Section        0  usb_core.o(i.USB_OTG_CoreReset)
    USB_OTG_CoreReset                        0x08002409   Thumb Code    84  usb_core.o(i.USB_OTG_CoreReset)
    i.USB_OTG_DisableGlobalInt               0x08002460   Section        0  usb_core.o(i.USB_OTG_DisableGlobalInt)
    i.USB_OTG_DriveVbus                      0x08002470   Section        0  usb_core.o(i.USB_OTG_DriveVbus)
    i.USB_OTG_EnableGlobalInt                0x080024ac   Section        0  usb_core.o(i.USB_OTG_EnableGlobalInt)
    i.USB_OTG_EnableHostInt                  0x080024bc   Section        0  usb_core.o(i.USB_OTG_EnableHostInt)
    i.USB_OTG_FlushRxFifo                    0x08002500   Section        0  usb_core.o(i.USB_OTG_FlushRxFifo)
    i.USB_OTG_FlushTxFifo                    0x08002538   Section        0  usb_core.o(i.USB_OTG_FlushTxFifo)
    i.USB_OTG_HC_DoPing                      0x08002578   Section        0  usb_core.o(i.USB_OTG_HC_DoPing)
    i.USB_OTG_HC_Halt                        0x080025a2   Section        0  usb_core.o(i.USB_OTG_HC_Halt)
    i.USB_OTG_HC_Init                        0x080025e0   Section        0  usb_core.o(i.USB_OTG_HC_Init)
    i.USB_OTG_HC_StartXfer                   0x080026c6   Section        0  usb_core.o(i.USB_OTG_HC_StartXfer)
    i.USB_OTG_InitFSLSPClkSel                0x080027c8   Section        0  usb_core.o(i.USB_OTG_InitFSLSPClkSel)
    i.USB_OTG_IsEvenFrame                    0x080027d4   Section        0  usb_core.o(i.USB_OTG_IsEvenFrame)
    i.USB_OTG_IsHostMode                     0x080027e0   Section        0  usb_core.o(i.USB_OTG_IsHostMode)
    i.USB_OTG_ReadCoreItr                    0x080027f0   Section        0  usb_core.o(i.USB_OTG_ReadCoreItr)
    i.USB_OTG_ReadHPRT0                      0x080027fa   Section        0  usb_core.o(i.USB_OTG_ReadHPRT0)
    i.USB_OTG_ReadHostAllChannels_intr       0x08002806   Section        0  usb_core.o(i.USB_OTG_ReadHostAllChannels_intr)
    i.USB_OTG_ReadPacket                     0x0800280c   Section        0  usb_core.o(i.USB_OTG_ReadPacket)
    i.USB_OTG_ResetPort                      0x0800282c   Section        0  usb_core.o(i.USB_OTG_ResetPort)
    i.USB_OTG_SelectCore                     0x08002858   Section        0  usb_core.o(i.USB_OTG_SelectCore)
    i.USB_OTG_SetCurrentMode                 0x08002918   Section        0  usb_core.o(i.USB_OTG_SetCurrentMode)
    i.USB_OTG_USBH_handle_Disconnect_ISR     0x08002942   Section        0  usb_hcd_int.o(i.USB_OTG_USBH_handle_Disconnect_ISR)
    USB_OTG_USBH_handle_Disconnect_ISR       0x08002943   Thumb Code    46  usb_hcd_int.o(i.USB_OTG_USBH_handle_Disconnect_ISR)
    i.USB_OTG_USBH_handle_IncompletePeriodicXfer_ISR 0x08002970   Section        0  usb_hcd_int.o(i.USB_OTG_USBH_handle_IncompletePeriodicXfer_ISR)
    USB_OTG_USBH_handle_IncompletePeriodicXfer_ISR 0x08002971   Thumb Code    70  usb_hcd_int.o(i.USB_OTG_USBH_handle_IncompletePeriodicXfer_ISR)
    i.USB_OTG_USBH_handle_hc_ISR             0x080029b6   Section        0  usb_hcd_int.o(i.USB_OTG_USBH_handle_hc_ISR)
    USB_OTG_USBH_handle_hc_ISR               0x080029b7   Thumb Code    86  usb_hcd_int.o(i.USB_OTG_USBH_handle_hc_ISR)
    i.USB_OTG_USBH_handle_hc_n_In_ISR        0x08002a0c   Section        0  usb_hcd_int.o(i.USB_OTG_USBH_handle_hc_n_In_ISR)
    USB_OTG_USBH_handle_hc_n_In_ISR          0x08002a0d   Thumb Code  1064  usb_hcd_int.o(i.USB_OTG_USBH_handle_hc_n_In_ISR)
    i.USB_OTG_USBH_handle_hc_n_Out_ISR       0x08002e34   Section        0  usb_hcd_int.o(i.USB_OTG_USBH_handle_hc_n_Out_ISR)
    USB_OTG_USBH_handle_hc_n_Out_ISR         0x08002e35   Thumb Code   904  usb_hcd_int.o(i.USB_OTG_USBH_handle_hc_n_Out_ISR)
    i.USB_OTG_USBH_handle_nptxfempty_ISR     0x080031bc   Section        0  usb_hcd_int.o(i.USB_OTG_USBH_handle_nptxfempty_ISR)
    USB_OTG_USBH_handle_nptxfempty_ISR       0x080031bd   Thumb Code   296  usb_hcd_int.o(i.USB_OTG_USBH_handle_nptxfempty_ISR)
    i.USB_OTG_USBH_handle_port_ISR           0x080032e4   Section        0  usb_hcd_int.o(i.USB_OTG_USBH_handle_port_ISR)
    USB_OTG_USBH_handle_port_ISR             0x080032e5   Thumb Code   280  usb_hcd_int.o(i.USB_OTG_USBH_handle_port_ISR)
    i.USB_OTG_USBH_handle_ptxfempty_ISR      0x080033fc   Section        0  usb_hcd_int.o(i.USB_OTG_USBH_handle_ptxfempty_ISR)
    USB_OTG_USBH_handle_ptxfempty_ISR        0x080033fd   Thumb Code   298  usb_hcd_int.o(i.USB_OTG_USBH_handle_ptxfempty_ISR)
    i.USB_OTG_USBH_handle_rx_qlvl_ISR        0x08003526   Section        0  usb_hcd_int.o(i.USB_OTG_USBH_handle_rx_qlvl_ISR)
    USB_OTG_USBH_handle_rx_qlvl_ISR          0x08003527   Thumb Code   318  usb_hcd_int.o(i.USB_OTG_USBH_handle_rx_qlvl_ISR)
    i.USB_OTG_USBH_handle_sof_ISR            0x08003664   Section        0  usb_hcd_int.o(i.USB_OTG_USBH_handle_sof_ISR)
    USB_OTG_USBH_handle_sof_ISR              0x08003665   Thumb Code    28  usb_hcd_int.o(i.USB_OTG_USBH_handle_sof_ISR)
    i.USB_OTG_WritePacket                    0x08003680   Section        0  usb_core.o(i.USB_OTG_WritePacket)
    i.UsageFault_Handler                     0x080036a8   Section        0  stm32f4xx_it.o(i.UsageFault_Handler)
    i.__scatterload_copy                     0x080036aa   Section       14  handlers.o(i.__scatterload_copy)
    i.__scatterload_null                     0x080036b8   Section        2  handlers.o(i.__scatterload_null)
    i.__scatterload_zeroinit                 0x080036ba   Section       14  handlers.o(i.__scatterload_zeroinit)
    i.check_fs                               0x080036c8   Section        0  ff.o(i.check_fs)
    check_fs                                 0x080036c9   Thumb Code    86  ff.o(i.check_fs)
    i.chk_mounted                            0x08003724   Section        0  ff.o(i.chk_mounted)
    i.clust2sect                             0x08003908   Section        0  ff.o(i.clust2sect)
    i.create_chain                           0x08003920   Section        0  ff.o(i.create_chain)
    create_chain                             0x08003921   Thumb Code   150  ff.o(i.create_chain)
    i.create_name                            0x080039b8   Section        0  ff.o(i.create_name)
    create_name                              0x080039b9   Thumb Code   232  ff.o(i.create_name)
    i.dir_next                               0x08003ab0   Section        0  ff.o(i.dir_next)
    dir_next                                 0x08003ab1   Thumb Code   262  ff.o(i.dir_next)
    i.dir_register                           0x08003bb6   Section        0  ff.o(i.dir_register)
    dir_register                             0x08003bb7   Thumb Code   102  ff.o(i.dir_register)
    i.dir_seek                               0x08003c1c   Section        0  ff.o(i.dir_seek)
    dir_seek                                 0x08003c1d   Thumb Code   160  ff.o(i.dir_seek)
    i.disk_initialize                        0x08003cbc   Section        0  usbh_msc_fatfs.o(i.disk_initialize)
    i.disk_ioctl                             0x08003cdc   Section        0  usbh_msc_fatfs.o(i.disk_ioctl)
    i.disk_read                              0x08003d1c   Section        0  usbh_msc_fatfs.o(i.disk_read)
    i.disk_status                            0x08003d80   Section        0  usbh_msc_fatfs.o(i.disk_status)
    i.disk_write                             0x08003d90   Section        0  usbh_msc_fatfs.o(i.disk_write)
    i.f_mount                                0x08003dfc   Section        0  ff.o(i.f_mount)
    i.f_open                                 0x08003e1c   Section        0  ff.o(i.f_open)
    i.f_opendir                              0x08003f66   Section        0  ff.o(i.f_opendir)
    i.f_read                                 0x08003fb4   Section        0  ff.o(i.f_read)
    i.follow_path                            0x08004128   Section        0  ff.o(i.follow_path)
    follow_path                              0x08004129   Thumb Code   188  ff.o(i.follow_path)
    i.get_fat                                0x080041e4   Section        0  ff.o(i.get_fat)
    i.get_fattime                            0x080042b2   Section        0  fattime.o(i.get_fattime)
    i.main                                   0x080042b8   Section        0  main.o(i.main)
    i.mem_cpy                                0x08004348   Section        0  ff.o(i.mem_cpy)
    mem_cpy                                  0x08004349   Thumb Code    18  ff.o(i.mem_cpy)
    i.mem_set                                0x0800435a   Section        0  ff.o(i.mem_set)
    mem_set                                  0x0800435b   Thumb Code    14  ff.o(i.mem_set)
    i.move_window                            0x08004368   Section        0  ff.o(i.move_window)
    move_window                              0x08004369   Thumb Code   106  ff.o(i.move_window)
    i.put_fat                                0x080043d2   Section        0  ff.o(i.put_fat)
    i.remove_chain                           0x08004506   Section        0  ff.o(i.remove_chain)
    remove_chain                             0x08004507   Thumb Code    98  ff.o(i.remove_chain)
    i.validate                               0x08004568   Section        0  ff.o(i.validate)
    validate                                 0x08004569   Thumb Code    32  ff.o(i.validate)
    .constdata                               0x08004588   Section      194  ff.o(.constdata)
    cvt                                      0x08004588   Data         128  ff.o(.constdata)
    sstbl                                    0x08004608   Data          44  ff.o(.constdata)
    cstbl                                    0x08004634   Data          22  ff.o(.constdata)
    .constdata                               0x0800464c   Section       36  stm32f4_discovery.o(.constdata)
    .data                                    0x20000000   Section       12  rwfile.o(.data)
    FileName                                 0x20000004   Data           4  rwfile.o(.data)
    TimingDelay                              0x20000008   Data           4  rwfile.o(.data)
    .data                                    0x2000000c   Section        6  stm32f4xx_it.o(.data)
    .data                                    0x20000012   Section        1  stm32f4xx_it.o(.data)
    .data                                    0x20000014   Section       20  system_stm32f4xx.o(.data)
    .data                                    0x20000028   Section        4  usb_bsp.o(.data)
    .data                                    0x2000002c   Section        2  usbh_usr.o(.data)
    USBH_USR_ApplicationState                0x2000002d   Data           1  usbh_usr.o(.data)
    .data                                    0x20000030   Section       72  usbh_usr.o(.data)
    .data                                    0x20000078   Section        1  main.o(.data)
    .data                                    0x2000007a   Section        2  main.o(.data)
    .data                                    0x2000007c   Section        1  main.o(.data)
    .data                                    0x2000007d   Section       16  stm32f4xx_rcc.o(.data)
    APBAHBPrescTable                         0x2000007d   Data          16  stm32f4xx_rcc.o(.data)
    .data                                    0x20000090   Section       16  usbh_core.o(.data)
    timeout                                  0x20000090   Data           2  usbh_core.o(.data)
    .data                                    0x200000a0   Section        1  usbh_msc_fatfs.o(.data)
    Stat                                     0x200000a0   Data           1  usbh_msc_fatfs.o(.data)
    .data                                    0x200000a1   Section        1  usbh_msc_scsi.o(.data)
    status                                   0x200000a1   Data           1  usbh_msc_scsi.o(.data)
    .data                                    0x200000a4   Section       16  usbh_msc_bot.o(.data)
    error_direction                          0x200000a4   Data           1  usbh_msc_bot.o(.data)
    remainingDataLength                      0x200000a8   Data           4  usbh_msc_bot.o(.data)
    datapointer                              0x200000ac   Data           4  usbh_msc_bot.o(.data)
    BOTStallErrorCount                       0x200000b0   Data           4  usbh_msc_bot.o(.data)
    .data                                    0x200000b4   Section        2  usbh_msc_core.o(.data)
    maxLunExceed                             0x200000b5   Data           1  usbh_msc_core.o(.data)
    .data                                    0x200000b8   Section       16  usbh_msc_core.o(.data)
    .data                                    0x200000c8   Section        8  ff.o(.data)
    Fsid                                     0x200000c8   Data           2  ff.o(.data)
    FatFs                                    0x200000cc   Data           4  ff.o(.data)
    .data                                    0x200000d0   Section       20  stm32f4_discovery.o(.data)
    .bss                                     0x200000e4   Section     2048  rwfile.o(.bss)
    .bss                                     0x200008e4   Section     1072  usbh_usr.o(.bss)
    .bss                                     0x20000d14   Section     1060  usbh_usr.o(.bss)
    .bss                                     0x20001138   Section       28  usbh_usr.o(.bss)
    .bss                                     0x20001154   Section     1348  main.o(.bss)
    .bss                                     0x20001698   Section      528  usbh_msc_scsi.o(.bss)
    .bss                                     0x200018a8   Section       64  usbh_msc_bot.o(.bss)
    .bss                                     0x200018e8   Section       74  usbh_msc_core.o(.bss)
    STACK                                    0x20001938   Section     1024  startup_stm32f4xx.o(STACK)

    Global Symbols

    Symbol Name                              Value     Ov Type        Size  Object(Section)

    BuildAttributes$$THM_ISAv4$E$P$D$K$B$S$7EM$PE$A:L22UL41UL21$X:L11$S22US41US21$IEEE1$IW$USESV6$~STKCKD$USESV7$~SHL$OSPACE$EBA8$MICROLIB$REQ8$PRES8$EABIv2 0x00000000   Number         0  anon$$obj.o ABSOLUTE
    __ARM_use_no_argv                        0x00000000   Number         0  main.o ABSOLUTE
    __decompress                              - Undefined Weak Reference
    _clock_init                               - Undefined Weak Reference
    __Vectors_Size                           0x00000188   Number         0  startup_stm32f4xx.o ABSOLUTE
    __Vectors                                0x08000000   Data           4  startup_stm32f4xx.o(RESET)
    __Vectors_End                            0x08000188   Data           0  startup_stm32f4xx.o(RESET)
    __main                                   0x08000189   Thumb Code     0  entry.o(.ARM.Collect$$$$00000000)
    _main_stk                                0x08000189   Thumb Code     0  entry2.o(.ARM.Collect$$$$00000001)
    _main_scatterload                        0x0800018d   Thumb Code     0  entry5.o(.ARM.Collect$$$$00000004)
    __main_after_scatterload                 0x08000191   Thumb Code     0  entry5.o(.ARM.Collect$$$$00000004)
    _main_clock                              0x08000191   Thumb Code     0  entry7b.o(.ARM.Collect$$$$00000008)
    _main_init                               0x08000191   Thumb Code     0  entry8.o(.ARM.Collect$$$$00000009)
    Reset_Handler                            0x0800019d   Thumb Code    18  startup_stm32f4xx.o(.text)
    ADC_IRQHandler                           0x080001c1   Thumb Code     0  startup_stm32f4xx.o(.text)
    CAN1_RX0_IRQHandler                      0x080001c1   Thumb Code     0  startup_stm32f4xx.o(.text)
    CAN1_RX1_IRQHandler                      0x080001c1   Thumb Code     0  startup_stm32f4xx.o(.text)
    CAN1_SCE_IRQHandler                      0x080001c1   Thumb Code     0  startup_stm32f4xx.o(.text)
    CAN1_TX_IRQHandler                       0x080001c1   Thumb Code     0  startup_stm32f4xx.o(.text)
    CAN2_RX0_IRQHandler                      0x080001c1   Thumb Code     0  startup_stm32f4xx.o(.text)
    CAN2_RX1_IRQHandler                      0x080001c1   Thumb Code     0  startup_stm32f4xx.o(.text)
    CAN2_SCE_IRQHandler                      0x080001c1   Thumb Code     0  startup_stm32f4xx.o(.text)
    CAN2_TX_IRQHandler                       0x080001c1   Thumb Code     0  startup_stm32f4xx.o(.text)
    CRYP_IRQHandler                          0x080001c1   Thumb Code     0  startup_stm32f4xx.o(.text)
    DCMI_IRQHandler                          0x080001c1   Thumb Code     0  startup_stm32f4xx.o(.text)
    DMA1_Stream0_IRQHandler                  0x080001c1   Thumb Code     0  startup_stm32f4xx.o(.text)
    DMA1_Stream1_IRQHandler                  0x080001c1   Thumb Code     0  startup_stm32f4xx.o(.text)
    DMA1_Stream2_IRQHandler                  0x080001c1   Thumb Code     0  startup_stm32f4xx.o(.text)
    DMA1_Stream3_IRQHandler                  0x080001c1   Thumb Code     0  startup_stm32f4xx.o(.text)
    DMA1_Stream4_IRQHandler                  0x080001c1   Thumb Code     0  startup_stm32f4xx.o(.text)
    DMA1_Stream5_IRQHandler                  0x080001c1   Thumb Code     0  startup_stm32f4xx.o(.text)
    DMA1_Stream6_IRQHandler                  0x080001c1   Thumb Code     0  startup_stm32f4xx.o(.text)
    DMA1_Stream7_IRQHandler                  0x080001c1   Thumb Code     0  startup_stm32f4xx.o(.text)
    DMA2_Stream0_IRQHandler                  0x080001c1   Thumb Code     0  startup_stm32f4xx.o(.text)
    DMA2_Stream1_IRQHandler                  0x080001c1   Thumb Code     0  startup_stm32f4xx.o(.text)
    DMA2_Stream2_IRQHandler                  0x080001c1   Thumb Code     0  startup_stm32f4xx.o(.text)
    DMA2_Stream3_IRQHandler                  0x080001c1   Thumb Code     0  startup_stm32f4xx.o(.text)
    DMA2_Stream4_IRQHandler                  0x080001c1   Thumb Code     0  startup_stm32f4xx.o(.text)
    DMA2_Stream5_IRQHandler                  0x080001c1   Thumb Code     0  startup_stm32f4xx.o(.text)
    DMA2_Stream6_IRQHandler                  0x080001c1   Thumb Code     0  startup_stm32f4xx.o(.text)
    DMA2_Stream7_IRQHandler                  0x080001c1   Thumb Code     0  startup_stm32f4xx.o(.text)
    ETH_IRQHandler                           0x080001c1   Thumb Code     0  startup_stm32f4xx.o(.text)
    ETH_WKUP_IRQHandler                      0x080001c1   Thumb Code     0  startup_stm32f4xx.o(.text)
    EXTI15_10_IRQHandler                     0x080001c1   Thumb Code     0  startup_stm32f4xx.o(.text)
    EXTI2_IRQHandler                         0x080001c1   Thumb Code     0  startup_stm32f4xx.o(.text)
    EXTI3_IRQHandler                         0x080001c1   Thumb Code     0  startup_stm32f4xx.o(.text)
    EXTI4_IRQHandler                         0x080001c1   Thumb Code     0  startup_stm32f4xx.o(.text)
    EXTI9_5_IRQHandler                       0x080001c1   Thumb Code     0  startup_stm32f4xx.o(.text)
    FLASH_IRQHandler                         0x080001c1   Thumb Code     0  startup_stm32f4xx.o(.text)
    FPU_IRQHandler                           0x080001c1   Thumb Code     0  startup_stm32f4xx.o(.text)
    FSMC_IRQHandler                          0x080001c1   Thumb Code     0  startup_stm32f4xx.o(.text)
    HASH_RNG_IRQHandler                      0x080001c1   Thumb Code     0  startup_stm32f4xx.o(.text)
    I2C1_ER_IRQHandler                       0x080001c1   Thumb Code     0  startup_stm32f4xx.o(.text)
    I2C1_EV_IRQHandler                       0x080001c1   Thumb Code     0  startup_stm32f4xx.o(.text)
    I2C2_ER_IRQHandler                       0x080001c1   Thumb Code     0  startup_stm32f4xx.o(.text)
    I2C2_EV_IRQHandler                       0x080001c1   Thumb Code     0  startup_stm32f4xx.o(.text)
    I2C3_ER_IRQHandler                       0x080001c1   Thumb Code     0  startup_stm32f4xx.o(.text)
    I2C3_EV_IRQHandler                       0x080001c1   Thumb Code     0  startup_stm32f4xx.o(.text)
    OTG_FS_WKUP_IRQHandler                   0x080001c1   Thumb Code     0  startup_stm32f4xx.o(.text)
    OTG_HS_EP1_IN_IRQHandler                 0x080001c1   Thumb Code     0  startup_stm32f4xx.o(.text)
    OTG_HS_EP1_OUT_IRQHandler                0x080001c1   Thumb Code     0  startup_stm32f4xx.o(.text)
    OTG_HS_IRQHandler                        0x080001c1   Thumb Code     0  startup_stm32f4xx.o(.text)
    OTG_HS_WKUP_IRQHandler                   0x080001c1   Thumb Code     0  startup_stm32f4xx.o(.text)
    PVD_IRQHandler                           0x080001c1   Thumb Code     0  startup_stm32f4xx.o(.text)
    RCC_IRQHandler                           0x080001c1   Thumb Code     0  startup_stm32f4xx.o(.text)
    RTC_Alarm_IRQHandler                     0x080001c1   Thumb Code     0  startup_stm32f4xx.o(.text)
    RTC_WKUP_IRQHandler                      0x080001c1   Thumb Code     0  startup_stm32f4xx.o(.text)
    SDIO_IRQHandler                          0x080001c1   Thumb Code     0  startup_stm32f4xx.o(.text)
    SPI1_IRQHandler                          0x080001c1   Thumb Code     0  startup_stm32f4xx.o(.text)
    SPI2_IRQHandler                          0x080001c1   Thumb Code     0  startup_stm32f4xx.o(.text)
    SPI3_IRQHandler                          0x080001c1   Thumb Code     0  startup_stm32f4xx.o(.text)
    TAMP_STAMP_IRQHandler                    0x080001c1   Thumb Code     0  startup_stm32f4xx.o(.text)
    TIM1_BRK_TIM9_IRQHandler                 0x080001c1   Thumb Code     0  startup_stm32f4xx.o(.text)
    TIM1_CC_IRQHandler                       0x080001c1   Thumb Code     0  startup_stm32f4xx.o(.text)
    TIM1_TRG_COM_TIM11_IRQHandler            0x080001c1   Thumb Code     0  startup_stm32f4xx.o(.text)
    TIM1_UP_TIM10_IRQHandler                 0x080001c1   Thumb Code     0  startup_stm32f4xx.o(.text)
    TIM3_IRQHandler                          0x080001c1   Thumb Code     0  startup_stm32f4xx.o(.text)
    TIM5_IRQHandler                          0x080001c1   Thumb Code     0  startup_stm32f4xx.o(.text)
    TIM6_DAC_IRQHandler                      0x080001c1   Thumb Code     0  startup_stm32f4xx.o(.text)
    TIM7_IRQHandler                          0x080001c1   Thumb Code     0  startup_stm32f4xx.o(.text)
    TIM8_BRK_TIM12_IRQHandler                0x080001c1   Thumb Code     0  startup_stm32f4xx.o(.text)
    TIM8_CC_IRQHandler                       0x080001c1   Thumb Code     0  startup_stm32f4xx.o(.text)
    TIM8_TRG_COM_TIM14_IRQHandler            0x080001c1   Thumb Code     0  startup_stm32f4xx.o(.text)
    TIM8_UP_TIM13_IRQHandler                 0x080001c1   Thumb Code     0  startup_stm32f4xx.o(.text)
    UART4_IRQHandler                         0x080001c1   Thumb Code     0  startup_stm32f4xx.o(.text)
    UART5_IRQHandler                         0x080001c1   Thumb Code     0  startup_stm32f4xx.o(.text)
    USART1_IRQHandler                        0x080001c1   Thumb Code     0  startup_stm32f4xx.o(.text)
    USART2_IRQHandler                        0x080001c1   Thumb Code     0  startup_stm32f4xx.o(.text)
    USART3_IRQHandler                        0x080001c1   Thumb Code     0  startup_stm32f4xx.o(.text)
    USART6_IRQHandler                        0x080001c1   Thumb Code     0  startup_stm32f4xx.o(.text)
    WWDG_IRQHandler                          0x080001c1   Thumb Code     0  startup_stm32f4xx.o(.text)
    __scatterload                            0x080001d1   Thumb Code    28  init.o(.text)
    __scatterload_rt2                        0x080001d1   Thumb Code     0  init.o(.text)
    BusFault_Handler                         0x08000283   Thumb Code     2  stm32f4xx_it.o(i.BusFault_Handler)
    DebugMon_Handler                         0x08000285   Thumb Code     2  stm32f4xx_it.o(i.DebugMon_Handler)
    Delay                                    0x08000289   Thumb Code    12  rwfile.o(i.Delay)
    EXTI0_IRQHandler                         0x08000299   Thumb Code    18  stm32f4xx_it.o(i.EXTI0_IRQHandler)
    EXTI1_IRQHandler                         0x080002ad   Thumb Code    46  stm32f4xx_it.o(i.EXTI1_IRQHandler)
    EXTI_ClearITPendingBit                   0x080002e1   Thumb Code     6  stm32f4xx_exti.o(i.EXTI_ClearITPendingBit)
    EXTI_GetITStatus                         0x080002ed   Thumb Code    28  stm32f4xx_exti.o(i.EXTI_GetITStatus)
    EXTI_Init                                0x0800030d   Thumb Code   108  stm32f4xx_exti.o(i.EXTI_Init)
    GPIO_Init                                0x0800037d   Thumb Code   124  stm32f4xx_gpio.o(i.GPIO_Init)
    GPIO_PinAFConfig                         0x080003f9   Thumb Code    32  stm32f4xx_gpio.o(i.GPIO_PinAFConfig)
    GPIO_ResetBits                           0x08000419   Thumb Code     4  stm32f4xx_gpio.o(i.GPIO_ResetBits)
    GPIO_SetBits                             0x0800041d   Thumb Code     4  stm32f4xx_gpio.o(i.GPIO_SetBits)
    HCD_GetCurrentFrame                      0x08000421   Thumb Code     8  usb_hcd.o(i.HCD_GetCurrentFrame)
    HCD_GetCurrentSpeed                      0x08000429   Thumb Code    12  usb_hcd.o(i.HCD_GetCurrentSpeed)
    HCD_GetURB_State                         0x08000435   Thumb Code     8  usb_hcd.o(i.HCD_GetURB_State)
    HCD_GetXferCnt                           0x0800043d   Thumb Code    10  usb_hcd.o(i.HCD_GetXferCnt)
    HCD_Init                                 0x08000447   Thumb Code    86  usb_hcd.o(i.HCD_Init)
    HCD_IsDeviceConnected                    0x0800049d   Thumb Code     6  usb_hcd.o(i.HCD_IsDeviceConnected)
    HCD_ResetPort                            0x080004a3   Thumb Code    10  usb_hcd.o(i.HCD_ResetPort)
    HCD_SubmitRequest                        0x080004ad   Thumb Code    20  usb_hcd.o(i.HCD_SubmitRequest)
    HardFault_Handler                        0x080004c1   Thumb Code     2  stm32f4xx_it.o(i.HardFault_Handler)
    MemManage_Handler                        0x080004c3   Thumb Code     2  stm32f4xx_it.o(i.MemManage_Handler)
    NMI_Handler                              0x080004c5   Thumb Code     2  stm32f4xx_it.o(i.NMI_Handler)
    NVIC_Init                                0x080004c9   Thumb Code    92  misc.o(i.NVIC_Init)
    NVIC_PriorityGroupConfig                 0x0800052d   Thumb Code    10  misc.o(i.NVIC_PriorityGroupConfig)
    NVIC_SetVectorTable                      0x08000541   Thumb Code    12  misc.o(i.NVIC_SetVectorTable)
    OTG_FS_IRQHandler                        0x08000555   Thumb Code     6  stm32f4xx_it.o(i.OTG_FS_IRQHandler)
    PendSV_Handler                           0x08000561   Thumb Code     2  stm32f4xx_it.o(i.PendSV_Handler)
    RCC_AHB1PeriphClockCmd                   0x08000565   Thumb Code    18  stm32f4xx_rcc.o(i.RCC_AHB1PeriphClockCmd)
    RCC_AHB2PeriphClockCmd                   0x0800057d   Thumb Code    18  stm32f4xx_rcc.o(i.RCC_AHB2PeriphClockCmd)
    RCC_APB1PeriphClockCmd                   0x08000595   Thumb Code    18  stm32f4xx_rcc.o(i.RCC_APB1PeriphClockCmd)
    RCC_APB2PeriphClockCmd                   0x080005ad   Thumb Code    18  stm32f4xx_rcc.o(i.RCC_APB2PeriphClockCmd)
    RCC_GetClocksFreq                        0x080005c5   Thumb Code   134  stm32f4xx_rcc.o(i.RCC_GetClocksFreq)
    ReadPara                                 0x08000659   Thumb Code    70  rwfile.o(i.ReadPara)
    STM_EVAL_LEDInit                         0x080006c1   Thumb Code    62  stm32f4_discovery.o(i.STM_EVAL_LEDInit)
    STM_EVAL_LEDOff                          0x08000709   Thumb Code    16  stm32f4_discovery.o(i.STM_EVAL_LEDOff)
    STM_EVAL_LEDOn                           0x08000721   Thumb Code    16  stm32f4_discovery.o(i.STM_EVAL_LEDOn)
    STM_EVAL_LEDToggle                       0x08000739   Thumb Code    20  stm32f4_discovery.o(i.STM_EVAL_LEDToggle)
    STM_EVAL_PBInit                          0x08000755   Thumb Code   144  stm32f4_discovery.o(i.STM_EVAL_PBInit)
    SVC_Handler                              0x080007ed   Thumb Code     2  stm32f4xx_it.o(i.SVC_Handler)
    SYSCFG_EXTILineConfig                    0x080007f1   Thumb Code    34  stm32f4xx_syscfg.o(i.SYSCFG_EXTILineConfig)
    SysTick_Handler                          0x080008d9   Thumb Code    24  stm32f4xx_it.o(i.SysTick_Handler)
    SystemInit                               0x080008f9   Thumb Code    62  system_stm32f4xx.o(i.SystemInit)
    TIM2_IRQHandler                          0x08000949   Thumb Code     4  stm32f4xx_it.o(i.TIM2_IRQHandler)
    TIM4_IRQHandler                          0x0800094d   Thumb Code    54  stm32f4xx_it.o(i.TIM4_IRQHandler)
    TIM_ARRPreloadConfig                     0x08000991   Thumb Code    20  stm32f4xx_tim.o(i.TIM_ARRPreloadConfig)
    TIM_ClearITPendingBit                    0x080009a5   Thumb Code     6  stm32f4xx_tim.o(i.TIM_ClearITPendingBit)
    TIM_Cmd                                  0x080009ab   Thumb Code    20  stm32f4xx_tim.o(i.TIM_Cmd)
    TIM_GetCapture1                          0x080009bf   Thumb Code     4  stm32f4xx_tim.o(i.TIM_GetCapture1)
    TIM_GetITStatus                          0x080009c3   Thumb Code    22  stm32f4xx_tim.o(i.TIM_GetITStatus)
    TIM_ITConfig                             0x080009d9   Thumb Code    16  stm32f4xx_tim.o(i.TIM_ITConfig)
    TIM_OC1Init                              0x08000aa5   Thumb Code    88  stm32f4xx_tim.o(i.TIM_OC1Init)
    TIM_OC1PreloadConfig                     0x08000b05   Thumb Code    12  stm32f4xx_tim.o(i.TIM_OC1PreloadConfig)
    TIM_SetCompare1                          0x08000b11   Thumb Code     4  stm32f4xx_tim.o(i.TIM_SetCompare1)
    TIM_TimeBaseInit                         0x08000b15   Thumb Code    96  stm32f4xx_tim.o(i.TIM_TimeBaseInit)
    TimingDelay_Decrement                    0x08000b91   Thumb Code    16  rwfile.o(i.TimingDelay_Decrement)
    USBH_Alloc_Channel                       0x08000ba5   Thumb Code    52  usbh_hcs.o(i.USBH_Alloc_Channel)
    USBH_BulkReceiveData                     0x08000bd9   Thumb Code    40  usbh_ioreq.o(i.USBH_BulkReceiveData)
    USBH_BulkSendData                        0x08000c01   Thumb Code    46  usbh_ioreq.o(i.USBH_BulkSendData)
    USBH_ClrFeature                          0x08000c2f   Thumb Code    46  usbh_stdreq.o(i.USBH_ClrFeature)
    USBH_Connect                             0x08000c5d   Thumb Code    18  usbh_core.o(i.USBH_Connect)
    USBH_CtlReceiveData                      0x08000c6f   Thumb Code    36  usbh_ioreq.o(i.USBH_CtlReceiveData)
    USBH_CtlReq                              0x08000c93   Thumb Code    80  usbh_ioreq.o(i.USBH_CtlReq)
    USBH_CtlSendData                         0x08000ce5   Thumb Code    58  usbh_ioreq.o(i.USBH_CtlSendData)
    USBH_CtlSendSetup                        0x08000d1f   Thumb Code    40  usbh_ioreq.o(i.USBH_CtlSendSetup)
    USBH_DeAllocate_AllChannel               0x08000d47   Thumb Code    24  usbh_hcs.o(i.USBH_DeAllocate_AllChannel)
    USBH_DeInit                              0x08000d5f   Thumb Code    52  usbh_core.o(i.USBH_DeInit)
    USBH_Disconnect                          0x08000d93   Thumb Code    18  usbh_core.o(i.USBH_Disconnect)
    USBH_ErrorHandle                         0x08000da5   Thumb Code    44  usbh_core.o(i.USBH_ErrorHandle)
    USBH_Free_Channel                        0x08000dd1   Thumb Code    26  usbh_hcs.o(i.USBH_Free_Channel)
    USBH_GetDescriptor                       0x08000deb   Thumb Code    48  usbh_stdreq.o(i.USBH_GetDescriptor)
    USBH_Get_CfgDesc                         0x08000e29   Thumb Code    56  usbh_stdreq.o(i.USBH_Get_CfgDesc)
    USBH_Get_DevDesc                         0x08000e61   Thumb Code   132  usbh_stdreq.o(i.USBH_Get_DevDesc)
    USBH_Get_StringDesc                      0x08000ee5   Thumb Code    74  usbh_stdreq.o(i.USBH_Get_StringDesc)
    USBH_HandleControl                       0x08000f31   Thumb Code   458  usbh_core.o(i.USBH_HandleControl)
    USBH_Init                                0x08001299   Thumb Code    84  usbh_core.o(i.USBH_Init)
    USBH_MSC_BOT_Abort                       0x080012f1   Thumb Code    48  usbh_msc_bot.o(i.USBH_MSC_BOT_Abort)
    USBH_MSC_DecodeCSW                       0x08001335   Thumb Code    78  usbh_msc_bot.o(i.USBH_MSC_DecodeCSW)
    USBH_MSC_ErrorHandle                     0x08001391   Thumb Code    42  usbh_msc_core.o(i.USBH_MSC_ErrorHandle)
    USBH_MSC_HandleBOTXfer                   0x0800152d   Thumb Code   504  usbh_msc_bot.o(i.USBH_MSC_HandleBOTXfer)
    USBH_MSC_Init                            0x08001731   Thumb Code    40  usbh_msc_bot.o(i.USBH_MSC_Init)
    USBH_MSC_ModeSense6                      0x08001845   Thumb Code   142  usbh_msc_scsi.o(i.USBH_MSC_ModeSense6)
    USBH_MSC_Read10                          0x080018e1   Thumb Code   208  usbh_msc_scsi.o(i.USBH_MSC_Read10)
    USBH_MSC_ReadCapacity10                  0x080019bd   Thumb Code   148  usbh_msc_scsi.o(i.USBH_MSC_ReadCapacity10)
    USBH_MSC_RequestSense                    0x08001a5d   Thumb Code   146  usbh_msc_scsi.o(i.USBH_MSC_RequestSense)
    USBH_MSC_TestUnitReady                   0x08001afd   Thumb Code   116  usbh_msc_scsi.o(i.USBH_MSC_TestUnitReady)
    USBH_MSC_Write10                         0x08001b7d   Thumb Code   158  usbh_msc_scsi.o(i.USBH_MSC_Write10)
    USBH_Modify_Channel                      0x08001c25   Thumb Code    50  usbh_hcs.o(i.USBH_Modify_Channel)
    USBH_OTG_ISR_Handler                     0x08001c57   Thumb Code   168  usb_hcd_int.o(i.USBH_OTG_ISR_Handler)
    USBH_Open_Channel                        0x08001cff   Thumb Code    82  usbh_hcs.o(i.USBH_Open_Channel)
    USBH_Process                             0x08001e3b   Thumb Code   404  usbh_core.o(i.USBH_Process)
    USBH_SetAddress                          0x08001fcf   Thumb Code    24  usbh_stdreq.o(i.USBH_SetAddress)
    USBH_SetCfg                              0x08001fe7   Thumb Code    24  usbh_stdreq.o(i.USBH_SetCfg)
    USBH_USR_Configuration_DescAvailable     0x08001fff   Thumb Code     2  usbh_usr.o(i.USBH_USR_Configuration_DescAvailable)
    USBH_USR_DeInit                          0x08002001   Thumb Code     8  usbh_usr.o(i.USBH_USR_DeInit)
    USBH_USR_DeviceAddressAssigned           0x0800200d   Thumb Code     2  usbh_usr.o(i.USBH_USR_DeviceAddressAssigned)
    USBH_USR_DeviceAttached                  0x08002011   Thumb Code    40  usbh_usr.o(i.USBH_USR_DeviceAttached)
    USBH_USR_DeviceDisconnected              0x08002045   Thumb Code    52  usbh_usr.o(i.USBH_USR_DeviceDisconnected)
    USBH_USR_DeviceNotSupported              0x0800208d   Thumb Code     2  usbh_usr.o(i.USBH_USR_DeviceNotSupported)
    USBH_USR_DeviceSpeedDetected             0x0800208f   Thumb Code     2  usbh_usr.o(i.USBH_USR_DeviceSpeedDetected)
    USBH_USR_Device_DescAvailable            0x08002091   Thumb Code     2  usbh_usr.o(i.USBH_USR_Device_DescAvailable)
    USBH_USR_EnumerationDone                 0x08002093   Thumb Code    18  usbh_usr.o(i.USBH_USR_EnumerationDone)
    USBH_USR_Init                            0x080020a5   Thumb Code     2  usbh_usr.o(i.USBH_USR_Init)
    USBH_USR_MSC_Application                 0x080020a9   Thumb Code    60  usbh_usr.o(i.USBH_USR_MSC_Application)
    USBH_USR_Manufacturer_String             0x080020f1   Thumb Code     2  usbh_usr.o(i.USBH_USR_Manufacturer_String)
    USBH_USR_OverCurrentDetected             0x080020f3   Thumb Code     2  usbh_usr.o(i.USBH_USR_OverCurrentDetected)
    USBH_USR_Product_String                  0x080020f5   Thumb Code     2  usbh_usr.o(i.USBH_USR_Product_String)
    USBH_USR_ResetDevice                     0x080020f7   Thumb Code     2  usbh_usr.o(i.USBH_USR_ResetDevice)
    USBH_USR_SerialNum_String                0x080020f9   Thumb Code     2  usbh_usr.o(i.USBH_USR_SerialNum_String)
    USBH_USR_UnrecoveredError                0x080020fb   Thumb Code     2  usbh_usr.o(i.USBH_USR_UnrecoveredError)
    USBH_USR_UserInput                       0x080020fd   Thumb Code     4  usbh_usr.o(i.USBH_USR_UserInput)
    USB_OTG_BSP_ConfigVBUS                   0x08002101   Thumb Code    60  usb_bsp.o(i.USB_OTG_BSP_ConfigVBUS)
    USB_OTG_BSP_DriveVBUS                    0x08002141   Thumb Code    18  usb_bsp.o(i.USB_OTG_BSP_DriveVBUS)
    USB_OTG_BSP_EnableInterrupt              0x08002159   Thumb Code    64  usb_bsp.o(i.USB_OTG_BSP_EnableInterrupt)
    USB_OTG_BSP_Init                         0x08002199   Thumb Code   180  usb_bsp.o(i.USB_OTG_BSP_Init)
    USB_OTG_BSP_TimerIRQ                     0x08002251   Thumb Code    50  usb_bsp.o(i.USB_OTG_BSP_TimerIRQ)
    USB_OTG_BSP_mDelay                       0x08002289   Thumb Code     6  usb_bsp.o(i.USB_OTG_BSP_mDelay)
    USB_OTG_BSP_uDelay                       0x0800228f   Thumb Code     6  usb_bsp.o(i.USB_OTG_BSP_uDelay)
    USB_OTG_CoreInit                         0x08002295   Thumb Code   218  usb_core.o(i.USB_OTG_CoreInit)
    USB_OTG_CoreInitHost                     0x08002371   Thumb Code   150  usb_core.o(i.USB_OTG_CoreInitHost)
    USB_OTG_DisableGlobalInt                 0x08002461   Thumb Code    16  usb_core.o(i.USB_OTG_DisableGlobalInt)
    USB_OTG_DriveVbus                        0x08002471   Thumb Code    60  usb_core.o(i.USB_OTG_DriveVbus)
    USB_OTG_EnableGlobalInt                  0x080024ad   Thumb Code    16  usb_core.o(i.USB_OTG_EnableGlobalInt)
    USB_OTG_EnableHostInt                    0x080024bd   Thumb Code    62  usb_core.o(i.USB_OTG_EnableHostInt)
    USB_OTG_FlushRxFifo                      0x08002501   Thumb Code    52  usb_core.o(i.USB_OTG_FlushRxFifo)
    USB_OTG_FlushTxFifo                      0x08002539   Thumb Code    60  usb_core.o(i.USB_OTG_FlushTxFifo)
    USB_OTG_HC_DoPing                        0x08002579   Thumb Code    42  usb_core.o(i.USB_OTG_HC_DoPing)
    USB_OTG_HC_Halt                          0x080025a3   Thumb Code    60  usb_core.o(i.USB_OTG_HC_Halt)
    USB_OTG_HC_Init                          0x080025e1   Thumb Code   230  usb_core.o(i.USB_OTG_HC_Init)
    USB_OTG_HC_StartXfer                     0x080026c7   Thumb Code   258  usb_core.o(i.USB_OTG_HC_StartXfer)
    USB_OTG_InitFSLSPClkSel                  0x080027c9   Thumb Code    12  usb_core.o(i.USB_OTG_InitFSLSPClkSel)
    USB_OTG_IsEvenFrame                      0x080027d5   Thumb Code    12  usb_core.o(i.USB_OTG_IsEvenFrame)
    USB_OTG_IsHostMode                       0x080027e1   Thumb Code    16  usb_core.o(i.USB_OTG_IsHostMode)
    USB_OTG_ReadCoreItr                      0x080027f1   Thumb Code    10  usb_core.o(i.USB_OTG_ReadCoreItr)
    USB_OTG_ReadHPRT0                        0x080027fb   Thumb Code    12  usb_core.o(i.USB_OTG_ReadHPRT0)
    USB_OTG_ReadHostAllChannels_intr         0x08002807   Thumb Code     6  usb_core.o(i.USB_OTG_ReadHostAllChannels_intr)
    USB_OTG_ReadPacket                       0x0800280d   Thumb Code    32  usb_core.o(i.USB_OTG_ReadPacket)
    USB_OTG_ResetPort                        0x0800282d   Thumb Code    42  usb_core.o(i.USB_OTG_ResetPort)
    USB_OTG_SelectCore                       0x08002859   Thumb Code   188  usb_core.o(i.USB_OTG_SelectCore)
    USB_OTG_SetCurrentMode                   0x08002919   Thumb Code    42  usb_core.o(i.USB_OTG_SetCurrentMode)
    USB_OTG_WritePacket                      0x08003681   Thumb Code    40  usb_core.o(i.USB_OTG_WritePacket)
    UsageFault_Handler                       0x080036a9   Thumb Code     2  stm32f4xx_it.o(i.UsageFault_Handler)
    __scatterload_copy                       0x080036ab   Thumb Code    14  handlers.o(i.__scatterload_copy)
    __scatterload_null                       0x080036b9   Thumb Code     2  handlers.o(i.__scatterload_null)
    __scatterload_zeroinit                   0x080036bb   Thumb Code    14  handlers.o(i.__scatterload_zeroinit)
    chk_mounted                              0x08003725   Thumb Code   472  ff.o(i.chk_mounted)
    clust2sect                               0x08003909   Thumb Code    24  ff.o(i.clust2sect)
    disk_initialize                          0x08003cbd   Thumb Code    24  usbh_msc_fatfs.o(i.disk_initialize)
    disk_ioctl                               0x08003cdd   Thumb Code    56  usbh_msc_fatfs.o(i.disk_ioctl)
    disk_read                                0x08003d1d   Thumb Code    86  usbh_msc_fatfs.o(i.disk_read)
    disk_status                              0x08003d81   Thumb Code    12  usbh_msc_fatfs.o(i.disk_status)
    disk_write                               0x08003d91   Thumb Code    96  usbh_msc_fatfs.o(i.disk_write)
    f_mount                                  0x08003dfd   Thumb Code    26  ff.o(i.f_mount)
    f_open                                   0x08003e1d   Thumb Code   330  ff.o(i.f_open)
    f_opendir                                0x08003f67   Thumb Code    78  ff.o(i.f_opendir)
    f_read                                   0x08003fb5   Thumb Code   372  ff.o(i.f_read)
    get_fat                                  0x080041e5   Thumb Code   206  ff.o(i.get_fat)
    get_fattime                              0x080042b3   Thumb Code     4  fattime.o(i.get_fattime)
    main                                     0x080042b9   Thumb Code   126  main.o(i.main)
    put_fat                                  0x080043d3   Thumb Code   308  ff.o(i.put_fat)
    BUTTON_PORT_SOURCE                       0x0800464c   Data           1  stm32f4_discovery.o(.constdata)
    BUTTON_PIN_SOURCE                        0x0800464d   Data           1  stm32f4_discovery.o(.constdata)
    BUTTON_IRQn                              0x0800464e   Data           1  stm32f4_discovery.o(.constdata)
    BUTTON_PIN                               0x08004650   Data           2  stm32f4_discovery.o(.constdata)
    BUTTON_EXTI_LINE                         0x08004652   Data           2  stm32f4_discovery.o(.constdata)
    BUTTON_CLK                               0x08004654   Data           4  stm32f4_discovery.o(.constdata)
    GPIO_PIN                                 0x08004658   Data           8  stm32f4_discovery.o(.constdata)
    GPIO_CLK                                 0x08004660   Data          16  stm32f4_discovery.o(.constdata)
    Region$$Table$$Base                      0x08004670   Number         0  anon$$obj.o(Region$$Table)
    Region$$Table$$Limit                     0x08004690   Number         0  anon$$obj.o(Region$$Table)
    BytesRead                                0x20000000   Data           4  rwfile.o(.data)
    PauseResumeStatus                        0x2000000c   Data           1  stm32f4xx_it.o(.data)
    Count                                    0x2000000d   Data           1  stm32f4xx_it.o(.data)
    capture                                  0x2000000e   Data           2  stm32f4xx_it.o(.data)
    Time_Rec_Base                            0x20000010   Data           2  stm32f4xx_it.o(.data)
    LED_Toggle                               0x20000012   Data           1  stm32f4xx_it.o(.data)
    SystemCoreClock                          0x20000014   Data           4  system_stm32f4xx.o(.data)
    AHBPrescTable                            0x20000018   Data          16  system_stm32f4xx.o(.data)
    BSP_delay                                0x20000028   Data           4  usb_bsp.o(.data)
    Command_index                            0x2000002c   Data           1  usbh_usr.o(.data)
    USR_Callbacks                            0x20000030   Data          72  usbh_usr.o(.data)
    RepeatState                              0x20000078   Data           1  main.o(.data)
    CCR_Val                                  0x2000007a   Data           2  main.o(.data)
    FSReady                                  0x2000007c   Data           1  main.o(.data)
    USBH_DeviceConnStatus_cb                 0x20000094   Data          12  usbh_core.o(.data)
    MSCErrorCount                            0x200000b4   Data           1  usbh_msc_core.o(.data)
    USBH_MSC_cb                              0x200000b8   Data          16  usbh_msc_core.o(.data)
    BUTTON_PORT                              0x200000d0   Data           4  stm32f4_discovery.o(.data)
    GPIO_PORT                                0x200000d4   Data          16  stm32f4_discovery.o(.data)
    buffer1                                  0x200000e4   Data        2048  rwfile.o(.bss)
    fatfs                                    0x200008e4   Data        1072  usbh_usr.o(.bss)
    fileR                                    0x20000d14   Data        1060  usbh_usr.o(.bss)
    dir                                      0x20001138   Data          28  usbh_usr.o(.bss)
    USB_OTG_Core                             0x20001154   Data        1200  main.o(.bss)
    USB_Host                                 0x20001604   Data         132  main.o(.bss)
    RCC_Clocks                               0x20001688   Data          16  main.o(.bss)
    USBH_MSC_Param                           0x20001698   Data          16  usbh_msc_scsi.o(.bss)
    USBH_DataInBuffer                        0x200016a8   Data         512  usbh_msc_scsi.o(.bss)
    USBH_MSC_CBWData                         0x200018a8   Data          32  usbh_msc_bot.o(.bss)
    USBH_MSC_CSWData                         0x200018c8   Data          16  usbh_msc_bot.o(.bss)
    USBH_MSC_BOTXferParam                    0x200018d8   Data          16  usbh_msc_bot.o(.bss)
    MSC_Machine                              0x200018e8   Data          74  usbh_msc_core.o(.bss)
    __initial_sp                             0x20001d38   Data           0  startup_stm32f4xx.o(STACK)



==============================================================================

Memory Map of the image

  Image Entry point : 0x08000189

  Load Region LR_IROM1 (Base: 0x08000000, Size: 0x00004774, Max: 0x00100000, ABSOLUTE)

    Execution Region ER_IROM1 (Base: 0x08000000, Size: 0x00004690, Max: 0x00100000, ABSOLUTE)

    Base Addr    Size         Type   Attr      Idx    E Section Name        Object

    0x08000000   0x00000188   Data   RO            3    RESET               startup_stm32f4xx.o
    0x08000188   0x00000000   Code   RO         3811  * .ARM.Collect$$$$00000000  mc_w.l(entry.o)
    0x08000188   0x00000004   Code   RO         3814    .ARM.Collect$$$$00000001  mc_w.l(entry2.o)
    0x0800018c   0x00000004   Code   RO         3817    .ARM.Collect$$$$00000004  mc_w.l(entry5.o)
    0x08000190   0x00000000   Code   RO         3819    .ARM.Collect$$$$00000008  mc_w.l(entry7b.o)
    0x08000190   0x00000008   Code   RO         3820    .ARM.Collect$$$$00000009  mc_w.l(entry8.o)
    0x08000198   0x00000004   Code   RO         3815    .ARM.Collect$$$$00002712  mc_w.l(entry2.o)
    0x0800019c   0x00000034   Code   RO            4    .text               startup_stm32f4xx.o
    0x080001d0   0x00000024   Code   RO         3821    .text               mc_w.l(init.o)
    0x080001f4   0x00000024   Code   RO          388    i.BSP_Delay         usb_bsp.o
    0x08000218   0x0000006a   Code   RO          390    i.BSP_SetTime       usb_bsp.o
    0x08000282   0x00000002   Code   RO          248    i.BusFault_Handler  stm32f4xx_it.o
    0x08000284   0x00000002   Code   RO          249    i.DebugMon_Handler  stm32f4xx_it.o
    0x08000286   0x00000002   PAD
    0x08000288   0x00000010   Code   RO           12    i.Delay             rwfile.o
    0x08000298   0x00000012   Code   RO          250    i.EXTI0_IRQHandler  stm32f4xx_it.o
    0x080002aa   0x00000002   PAD
    0x080002ac   0x00000034   Code   RO          251    i.EXTI1_IRQHandler  stm32f4xx_it.o
    0x080002e0   0x0000000c   Code   RO         1753    i.EXTI_ClearITPendingBit  stm32f4xx_exti.o
    0x080002ec   0x00000020   Code   RO         1757    i.EXTI_GetITStatus  stm32f4xx_exti.o
    0x0800030c   0x00000070   Code   RO         1758    i.EXTI_Init         stm32f4xx_exti.o
    0x0800037c   0x0000007c   Code   RO         2521    i.GPIO_Init         stm32f4xx_gpio.o
    0x080003f8   0x00000020   Code   RO         2522    i.GPIO_PinAFConfig  stm32f4xx_gpio.o
    0x08000418   0x00000004   Code   RO         2528    i.GPIO_ResetBits    stm32f4xx_gpio.o
    0x0800041c   0x00000004   Code   RO         2529    i.GPIO_SetBits      stm32f4xx_gpio.o
    0x08000420   0x00000008   Code   RO         2865    i.HCD_GetCurrentFrame  usb_hcd.o
    0x08000428   0x0000000c   Code   RO         2866    i.HCD_GetCurrentSpeed  usb_hcd.o
    0x08000434   0x00000008   Code   RO         2868    i.HCD_GetURB_State  usb_hcd.o
    0x0800043c   0x0000000a   Code   RO         2869    i.HCD_GetXferCnt    usb_hcd.o
    0x08000446   0x00000056   Code   RO         2871    i.HCD_Init          usb_hcd.o
    0x0800049c   0x00000006   Code   RO         2872    i.HCD_IsDeviceConnected  usb_hcd.o
    0x080004a2   0x0000000a   Code   RO         2873    i.HCD_ResetPort     usb_hcd.o
    0x080004ac   0x00000014   Code   RO         2874    i.HCD_SubmitRequest  usb_hcd.o
    0x080004c0   0x00000002   Code   RO          252    i.HardFault_Handler  stm32f4xx_it.o
    0x080004c2   0x00000002   Code   RO          253    i.MemManage_Handler  stm32f4xx_it.o
    0x080004c4   0x00000002   Code   RO          254    i.NMI_Handler       stm32f4xx_it.o
    0x080004c6   0x00000002   PAD
    0x080004c8   0x00000064   Code   RO         1222    i.NVIC_Init         misc.o
    0x0800052c   0x00000014   Code   RO         1223    i.NVIC_PriorityGroupConfig  misc.o
    0x08000540   0x00000014   Code   RO         1224    i.NVIC_SetVectorTable  misc.o
    0x08000554   0x0000000c   Code   RO          255    i.OTG_FS_IRQHandler  stm32f4xx_it.o
    0x08000560   0x00000002   Code   RO          256    i.PendSV_Handler    stm32f4xx_it.o
    0x08000562   0x00000002   PAD
    0x08000564   0x00000018   Code   RO         2026    i.RCC_AHB1PeriphClockCmd  stm32f4xx_rcc.o
    0x0800057c   0x00000018   Code   RO         2029    i.RCC_AHB2PeriphClockCmd  stm32f4xx_rcc.o
    0x08000594   0x00000018   Code   RO         2035    i.RCC_APB1PeriphClockCmd  stm32f4xx_rcc.o
    0x080005ac   0x00000018   Code   RO         2038    i.RCC_APB2PeriphClockCmd  stm32f4xx_rcc.o
    0x080005c4   0x00000094   Code   RO         2047    i.RCC_GetClocksFreq  stm32f4xx_rcc.o
    0x08000658   0x00000068   Code   RO           14    i.ReadPara          rwfile.o
    0x080006c0   0x00000048   Code   RO         3755    i.STM_EVAL_LEDInit  stm32f4_discovery.o
    0x08000708   0x00000018   Code   RO         3756    i.STM_EVAL_LEDOff   stm32f4_discovery.o
    0x08000720   0x00000018   Code   RO         3757    i.STM_EVAL_LEDOn    stm32f4_discovery.o
    0x08000738   0x0000001c   Code   RO         3758    i.STM_EVAL_LEDToggle  stm32f4_discovery.o
    0x08000754   0x00000098   Code   RO         3760    i.STM_EVAL_PBInit   stm32f4_discovery.o
    0x080007ec   0x00000002   Code   RO          257    i.SVC_Handler       stm32f4xx_it.o
    0x080007ee   0x00000002   PAD
    0x080007f0   0x00000028   Code   RO         2473    i.SYSCFG_EXTILineConfig  stm32f4xx_syscfg.o
    0x08000818   0x000000c0   Code   RO          351    i.SetSysClock       system_stm32f4xx.o
    0x080008d8   0x00000020   Code   RO          258    i.SysTick_Handler   stm32f4xx_it.o
    0x080008f8   0x00000050   Code   RO          353    i.SystemInit        system_stm32f4xx.o
    0x08000948   0x00000004   Code   RO          259    i.TIM2_IRQHandler   stm32f4xx_it.o
    0x0800094c   0x00000044   Code   RO          260    i.TIM4_IRQHandler   stm32f4xx_it.o
    0x08000990   0x00000014   Code   RO          677    i.TIM_ARRPreloadConfig  stm32f4xx_tim.o
    0x080009a4   0x00000006   Code   RO          684    i.TIM_ClearITPendingBit  stm32f4xx_tim.o
    0x080009aa   0x00000014   Code   RO          689    i.TIM_Cmd           stm32f4xx_tim.o
    0x080009be   0x00000004   Code   RO          704    i.TIM_GetCapture1   stm32f4xx_tim.o
    0x080009c2   0x00000016   Code   RO          710    i.TIM_GetITStatus   stm32f4xx_tim.o
    0x080009d8   0x00000010   Code   RO          714    i.TIM_ITConfig      stm32f4xx_tim.o
    0x080009e8   0x000000bc   Code   RO          640    i.TIM_LED_Config    main.o
    0x08000aa4   0x00000060   Code   RO          718    i.TIM_OC1Init       stm32f4xx_tim.o
    0x08000b04   0x0000000c   Code   RO          721    i.TIM_OC1PreloadConfig  stm32f4xx_tim.o
    0x08000b10   0x00000004   Code   RO          751    i.TIM_SetCompare1   stm32f4xx_tim.o
    0x08000b14   0x0000007c   Code   RO          761    i.TIM_TimeBaseInit  stm32f4xx_tim.o
    0x08000b90   0x00000014   Code   RO           15    i.TimingDelay_Decrement  rwfile.o
    0x08000ba4   0x00000034   Code   RO         3075    i.USBH_Alloc_Channel  usbh_hcs.o
    0x08000bd8   0x00000028   Code   RO         3119    i.USBH_BulkReceiveData  usbh_ioreq.o
    0x08000c00   0x0000002e   Code   RO         3120    i.USBH_BulkSendData  usbh_ioreq.o
    0x08000c2e   0x0000002e   Code   RO         2939    i.USBH_ClrFeature   usbh_stdreq.o
    0x08000c5c   0x00000012   Code   RO         3011    i.USBH_Connect      usbh_core.o
    0x08000c6e   0x00000024   Code   RO         3121    i.USBH_CtlReceiveData  usbh_ioreq.o
    0x08000c92   0x00000050   Code   RO         3122    i.USBH_CtlReq       usbh_ioreq.o
    0x08000ce2   0x00000002   PAD
    0x08000ce4   0x0000003a   Code   RO         3123    i.USBH_CtlSendData  usbh_ioreq.o
    0x08000d1e   0x00000028   Code   RO         3124    i.USBH_CtlSendSetup  usbh_ioreq.o
    0x08000d46   0x00000018   Code   RO         3076    i.USBH_DeAllocate_AllChannel  usbh_hcs.o
    0x08000d5e   0x00000034   Code   RO         3012    i.USBH_DeInit       usbh_core.o
    0x08000d92   0x00000012   Code   RO         3013    i.USBH_Disconnect   usbh_core.o
    0x08000da4   0x0000002c   Code   RO         3014    i.USBH_ErrorHandle  usbh_core.o
    0x08000dd0   0x0000001a   Code   RO         3077    i.USBH_Free_Channel  usbh_hcs.o
    0x08000dea   0x00000030   Code   RO         2940    i.USBH_GetDescriptor  usbh_stdreq.o
    0x08000e1a   0x0000000e   Code   RO         2941    i.USBH_GetNextDesc  usbh_stdreq.o
    0x08000e28   0x00000038   Code   RO         2942    i.USBH_Get_CfgDesc  usbh_stdreq.o
    0x08000e60   0x00000084   Code   RO         2943    i.USBH_Get_DevDesc  usbh_stdreq.o
    0x08000ee4   0x0000004a   Code   RO         2944    i.USBH_Get_StringDesc  usbh_stdreq.o
    0x08000f2e   0x00000002   PAD
    0x08000f30   0x000001d0   Code   RO         3015    i.USBH_HandleControl  usbh_core.o
    0x08001100   0x00000198   Code   RO         3016    i.USBH_HandleEnum   usbh_core.o
    0x08001298   0x00000058   Code   RO         3017    i.USBH_Init         usbh_core.o
    0x080012f0   0x00000038   Code   RO         3293    i.USBH_MSC_BOT_Abort  usbh_msc_bot.o
    0x08001328   0x0000000c   Code   RO         3338    i.USBH_MSC_ClassRequest  usbh_msc_core.o
    0x08001334   0x0000005c   Code   RO         3294    i.USBH_MSC_DecodeCSW  usbh_msc_bot.o
    0x08001390   0x00000034   Code   RO         3339    i.USBH_MSC_ErrorHandle  usbh_msc_core.o
    0x080013c4   0x00000168   Code   RO         3340    i.USBH_MSC_Handle   usbh_msc_core.o
    0x0800152c   0x00000204   Code   RO         3295    i.USBH_MSC_HandleBOTXfer  usbh_msc_bot.o
    0x08001730   0x0000003c   Code   RO         3296    i.USBH_MSC_Init     usbh_msc_bot.o
    0x0800176c   0x00000038   Code   RO         3341    i.USBH_MSC_InterfaceDeInit  usbh_msc_core.o
    0x080017a4   0x000000a0   Code   RO         3342    i.USBH_MSC_InterfaceInit  usbh_msc_core.o
    0x08001844   0x0000009c   Code   RO         3231    i.USBH_MSC_ModeSense6  usbh_msc_scsi.o
    0x080018e0   0x000000dc   Code   RO         3232    i.USBH_MSC_Read10   usbh_msc_scsi.o
    0x080019bc   0x000000a0   Code   RO         3233    i.USBH_MSC_ReadCapacity10  usbh_msc_scsi.o
    0x08001a5c   0x000000a0   Code   RO         3234    i.USBH_MSC_RequestSense  usbh_msc_scsi.o
    0x08001afc   0x00000080   Code   RO         3235    i.USBH_MSC_TestUnitReady  usbh_msc_scsi.o
    0x08001b7c   0x000000a8   Code   RO         3236    i.USBH_MSC_Write10  usbh_msc_scsi.o
    0x08001c24   0x00000032   Code   RO         3078    i.USBH_Modify_Channel  usbh_hcs.o
    0x08001c56   0x000000a8   Code   RO         2618    i.USBH_OTG_ISR_Handler  usb_hcd_int.o
    0x08001cfe   0x00000052   Code   RO         3079    i.USBH_Open_Channel  usbh_hcs.o
    0x08001d50   0x000000ea   Code   RO         2945    i.USBH_ParseCfgDesc  usbh_stdreq.o
    0x08001e3a   0x00000194   Code   RO         3018    i.USBH_Process      usbh_core.o
    0x08001fce   0x00000018   Code   RO         2946    i.USBH_SetAddress   usbh_stdreq.o
    0x08001fe6   0x00000018   Code   RO         2947    i.USBH_SetCfg       usbh_stdreq.o
    0x08001ffe   0x00000002   Code   RO          492    i.USBH_USR_Configuration_DescAvailable  usbh_usr.o
    0x08002000   0x0000000c   Code   RO          493    i.USBH_USR_DeInit   usbh_usr.o
    0x0800200c   0x00000002   Code   RO          494    i.USBH_USR_DeviceAddressAssigned  usbh_usr.o
    0x0800200e   0x00000002   PAD
    0x08002010   0x00000034   Code   RO          495    i.USBH_USR_DeviceAttached  usbh_usr.o
    0x08002044   0x00000048   Code   RO          496    i.USBH_USR_DeviceDisconnected  usbh_usr.o
    0x0800208c   0x00000002   Code   RO          497    i.USBH_USR_DeviceNotSupported  usbh_usr.o
    0x0800208e   0x00000002   Code   RO          498    i.USBH_USR_DeviceSpeedDetected  usbh_usr.o
    0x08002090   0x00000002   Code   RO          499    i.USBH_USR_Device_DescAvailable  usbh_usr.o
    0x08002092   0x00000012   Code   RO          500    i.USBH_USR_EnumerationDone  usbh_usr.o
    0x080020a4   0x00000002   Code   RO          501    i.USBH_USR_Init     usbh_usr.o
    0x080020a6   0x00000002   PAD
    0x080020a8   0x00000048   Code   RO          502    i.USBH_USR_MSC_Application  usbh_usr.o
    0x080020f0   0x00000002   Code   RO          503    i.USBH_USR_Manufacturer_String  usbh_usr.o
    0x080020f2   0x00000002   Code   RO          504    i.USBH_USR_OverCurrentDetected  usbh_usr.o
    0x080020f4   0x00000002   Code   RO          505    i.USBH_USR_Product_String  usbh_usr.o
    0x080020f6   0x00000002   Code   RO          506    i.USBH_USR_ResetDevice  usbh_usr.o
    0x080020f8   0x00000002   Code   RO          507    i.USBH_USR_SerialNum_String  usbh_usr.o
    0x080020fa   0x00000002   Code   RO          508    i.USBH_USR_UnrecoveredError  usbh_usr.o
    0x080020fc   0x00000004   Code   RO          509    i.USBH_USR_UserInput  usbh_usr.o
    0x08002100   0x00000040   Code   RO          391    i.USB_OTG_BSP_ConfigVBUS  usb_bsp.o
    0x08002140   0x00000018   Code   RO          392    i.USB_OTG_BSP_DriveVBUS  usb_bsp.o
    0x08002158   0x00000040   Code   RO          393    i.USB_OTG_BSP_EnableInterrupt  usb_bsp.o
    0x08002198   0x000000b8   Code   RO          394    i.USB_OTG_BSP_Init  usb_bsp.o
    0x08002250   0x00000038   Code   RO          395    i.USB_OTG_BSP_TimerIRQ  usb_bsp.o
    0x08002288   0x00000006   Code   RO          396    i.USB_OTG_BSP_mDelay  usb_bsp.o
    0x0800228e   0x00000006   Code   RO          397    i.USB_OTG_BSP_uDelay  usb_bsp.o
    0x08002294   0x000000da   Code   RO         2688    i.USB_OTG_CoreInit  usb_core.o
    0x0800236e   0x00000002   PAD
    0x08002370   0x00000096   Code   RO         2689    i.USB_OTG_CoreInitHost  usb_core.o
    0x08002406   0x00000002   PAD
    0x08002408   0x00000058   Code   RO         2690    i.USB_OTG_CoreReset  usb_core.o
    0x08002460   0x00000010   Code   RO         2691    i.USB_OTG_DisableGlobalInt  usb_core.o
    0x08002470   0x0000003c   Code   RO         2692    i.USB_OTG_DriveVbus  usb_core.o
    0x080024ac   0x00000010   Code   RO         2693    i.USB_OTG_EnableGlobalInt  usb_core.o
    0x080024bc   0x00000044   Code   RO         2694    i.USB_OTG_EnableHostInt  usb_core.o
    0x08002500   0x00000038   Code   RO         2695    i.USB_OTG_FlushRxFifo  usb_core.o
    0x08002538   0x00000040   Code   RO         2696    i.USB_OTG_FlushTxFifo  usb_core.o
    0x08002578   0x0000002a   Code   RO         2698    i.USB_OTG_HC_DoPing  usb_core.o
    0x080025a2   0x0000003c   Code   RO         2699    i.USB_OTG_HC_Halt   usb_core.o
    0x080025de   0x00000002   PAD
    0x080025e0   0x000000e6   Code   RO         2700    i.USB_OTG_HC_Init   usb_core.o
    0x080026c6   0x00000102   Code   RO         2701    i.USB_OTG_HC_StartXfer  usb_core.o
    0x080027c8   0x0000000c   Code   RO         2702    i.USB_OTG_InitFSLSPClkSel  usb_core.o
    0x080027d4   0x0000000c   Code   RO         2704    i.USB_OTG_IsEvenFrame  usb_core.o
    0x080027e0   0x00000010   Code   RO         2705    i.USB_OTG_IsHostMode  usb_core.o
    0x080027f0   0x0000000a   Code   RO         2706    i.USB_OTG_ReadCoreItr  usb_core.o
    0x080027fa   0x0000000c   Code   RO         2707    i.USB_OTG_ReadHPRT0  usb_core.o
    0x08002806   0x00000006   Code   RO         2708    i.USB_OTG_ReadHostAllChannels_intr  usb_core.o
    0x0800280c   0x00000020   Code   RO         2710    i.USB_OTG_ReadPacket  usb_core.o
    0x0800282c   0x0000002a   Code   RO         2711    i.USB_OTG_ResetPort  usb_core.o
    0x08002856   0x00000002   PAD
    0x08002858   0x000000c0   Code   RO         2712    i.USB_OTG_SelectCore  usb_core.o
    0x08002918   0x0000002a   Code   RO         2713    i.USB_OTG_SetCurrentMode  usb_core.o
    0x08002942   0x0000002e   Code   RO         2619    i.USB_OTG_USBH_handle_Disconnect_ISR  usb_hcd_int.o
    0x08002970   0x00000046   Code   RO         2620    i.USB_OTG_USBH_handle_IncompletePeriodicXfer_ISR  usb_hcd_int.o
    0x080029b6   0x00000056   Code   RO         2621    i.USB_OTG_USBH_handle_hc_ISR  usb_hcd_int.o
    0x08002a0c   0x00000428   Code   RO         2622    i.USB_OTG_USBH_handle_hc_n_In_ISR  usb_hcd_int.o
    0x08002e34   0x00000388   Code   RO         2623    i.USB_OTG_USBH_handle_hc_n_Out_ISR  usb_hcd_int.o
    0x080031bc   0x00000128   Code   RO         2624    i.USB_OTG_USBH_handle_nptxfempty_ISR  usb_hcd_int.o
    0x080032e4   0x00000118   Code   RO         2625    i.USB_OTG_USBH_handle_port_ISR  usb_hcd_int.o
    0x080033fc   0x0000012a   Code   RO         2626    i.USB_OTG_USBH_handle_ptxfempty_ISR  usb_hcd_int.o
    0x08003526   0x0000013e   Code   RO         2627    i.USB_OTG_USBH_handle_rx_qlvl_ISR  usb_hcd_int.o
    0x08003664   0x0000001c   Code   RO         2628    i.USB_OTG_USBH_handle_sof_ISR  usb_hcd_int.o
    0x08003680   0x00000028   Code   RO         2715    i.USB_OTG_WritePacket  usb_core.o
    0x080036a8   0x00000002   Code   RO          261    i.UsageFault_Handler  stm32f4xx_it.o
    0x080036aa   0x0000000e   Code   RO         3825    i.__scatterload_copy  mc_w.l(handlers.o)
    0x080036b8   0x00000002   Code   RO         3826    i.__scatterload_null  mc_w.l(handlers.o)
    0x080036ba   0x0000000e   Code   RO         3827    i.__scatterload_zeroinit  mc_w.l(handlers.o)
    0x080036c8   0x0000005c   Code   RO         3410    i.check_fs          ff.o
    0x08003724   0x000001e4   Code   RO         3411    i.chk_mounted       ff.o
    0x08003908   0x00000018   Code   RO         3412    i.clust2sect        ff.o
    0x08003920   0x00000096   Code   RO         3413    i.create_chain      ff.o
    0x080039b6   0x00000002   PAD
    0x080039b8   0x000000f8   Code   RO         3414    i.create_name       ff.o
    0x08003ab0   0x00000106   Code   RO         3415    i.dir_next          ff.o
    0x08003bb6   0x00000066   Code   RO         3417    i.dir_register      ff.o
    0x08003c1c   0x000000a0   Code   RO         3419    i.dir_seek          ff.o
    0x08003cbc   0x00000020   Code   RO         3181    i.disk_initialize   usbh_msc_fatfs.o
    0x08003cdc   0x00000040   Code   RO         3182    i.disk_ioctl        usbh_msc_fatfs.o
    0x08003d1c   0x00000064   Code   RO         3183    i.disk_read         usbh_msc_fatfs.o
    0x08003d80   0x00000010   Code   RO         3184    i.disk_status       usbh_msc_fatfs.o
    0x08003d90   0x0000006c   Code   RO         3185    i.disk_write        usbh_msc_fatfs.o
    0x08003dfc   0x00000020   Code   RO         3427    i.f_mount           ff.o
    0x08003e1c   0x0000014a   Code   RO         3428    i.f_open            ff.o
    0x08003f66   0x0000004e   Code   RO         3429    i.f_opendir         ff.o
    0x08003fb4   0x00000174   Code   RO         3433    i.f_read            ff.o
    0x08004128   0x000000bc   Code   RO         3442    i.follow_path       ff.o
    0x080041e4   0x000000ce   Code   RO         3443    i.get_fat           ff.o
    0x080042b2   0x00000004   Code   RO         3387    i.get_fattime       fattime.o
    0x080042b6   0x00000002   PAD
    0x080042b8   0x00000090   Code   RO          641    i.main              main.o
    0x08004348   0x00000012   Code   RO         3445    i.mem_cpy           ff.o
    0x0800435a   0x0000000e   Code   RO         3446    i.mem_set           ff.o
    0x08004368   0x0000006a   Code   RO         3447    i.move_window       ff.o
    0x080043d2   0x00000134   Code   RO         3448    i.put_fat           ff.o
    0x08004506   0x00000062   Code   RO         3449    i.remove_chain      ff.o
    0x08004568   0x00000020   Code   RO         3451    i.validate          ff.o
    0x08004588   0x000000c2   Data   RO         3452    .constdata          ff.o
    0x0800464a   0x00000002   PAD
    0x0800464c   0x00000024   Data   RO         3761    .constdata          stm32f4_discovery.o
    0x08004670   0x00000020   Data   RO         3823    Region$$Table       anon$$obj.o


    Execution Region RW_IRAM1 (Base: 0x20000000, Size: 0x00001d38, Max: 0x00020000, ABSOLUTE)

    Base Addr    Size         Type   Attr      Idx    E Section Name        Object

    0x20000000   0x0000000c   Data   RW           17    .data               rwfile.o
    0x2000000c   0x00000006   Data   RW          262    .data               stm32f4xx_it.o
    0x20000012   0x00000001   Data   RW          263    .data               stm32f4xx_it.o
    0x20000013   0x00000001   PAD
    0x20000014   0x00000014   Data   RW          354    .data               system_stm32f4xx.o
    0x20000028   0x00000004   Data   RW          398    .data               usb_bsp.o
    0x2000002c   0x00000002   Data   RW          515    .data               usbh_usr.o
    0x2000002e   0x00000002   PAD
    0x20000030   0x00000048   Data   RW          516    .data               usbh_usr.o
    0x20000078   0x00000001   Data   RW          643    .data               main.o
    0x20000079   0x00000001   PAD
    0x2000007a   0x00000002   Data   RW          644    .data               main.o
    0x2000007c   0x00000001   Data   RW          645    .data               main.o
    0x2000007d   0x00000010   Data   RW         2070    .data               stm32f4xx_rcc.o
    0x2000008d   0x00000003   PAD
    0x20000090   0x00000010   Data   RW         3019    .data               usbh_core.o
    0x200000a0   0x00000001   Data   RW         3186    .data               usbh_msc_fatfs.o
    0x200000a1   0x00000001   Data   RW         3239    .data               usbh_msc_scsi.o
    0x200000a2   0x00000002   PAD
    0x200000a4   0x00000010   Data   RW         3298    .data               usbh_msc_bot.o
    0x200000b4   0x00000002   Data   RW         3344    .data               usbh_msc_core.o
    0x200000b6   0x00000002   PAD
    0x200000b8   0x00000010   Data   RW         3345    .data               usbh_msc_core.o
    0x200000c8   0x00000008   Data   RW         3453    .data               ff.o
    0x200000d0   0x00000014   Data   RW         3762    .data               stm32f4_discovery.o
    0x200000e4   0x00000800   Zero   RW           16    .bss                rwfile.o
    0x200008e4   0x00000430   Zero   RW          510    .bss                usbh_usr.o
    0x20000d14   0x00000424   Zero   RW          512    .bss                usbh_usr.o
    0x20001138   0x0000001c   Zero   RW          513    .bss                usbh_usr.o
    0x20001154   0x00000544   Zero   RW          642    .bss                main.o
    0x20001698   0x00000210   Zero   RW         3237    .bss                usbh_msc_scsi.o
    0x200018a8   0x00000040   Zero   RW         3297    .bss                usbh_msc_bot.o
    0x200018e8   0x0000004a   Zero   RW         3343    .bss                usbh_msc_core.o
    0x20001932   0x00000006   PAD
    0x20001938   0x00000400   Zero   RW            1    STACK               startup_stm32f4xx.o


==============================================================================

Image component sizes


      Code (inc. data)   RO Data    RW Data    ZI Data      Debug   Object Name

         4          0          0          0          0        354   fattime.o
      3304         40        194          8          0      18119   ff.o
       332         36          0          4       1348      17221   main.o
       140         26          0          0          0       1613   misc.o
       140         42          0         12       2048     284691   rwfile.o
        52         14        392          0       1024        724   startup_stm32f4xx.o
       300         42         36         20          0       4378   stm32f4_discovery.o
       156         14          0          0          0       1748   stm32f4xx_exti.o
       164          0          0          0          0       2299   stm32f4xx_gpio.o
       202         34          0          7          0       5667   stm32f4xx_it.o
       244         38          0         16          0       4276   stm32f4xx_rcc.o
        40          6          0          0          0        552   stm32f4xx_syscfg.o
       324         36          0          0          0       6369   stm32f4xx_tim.o
       272         42          0         20          0       1437   system_stm32f4xx.o
       546         24          0          4          0     215900   usb_bsp.o
      1742         22          0          0          0      14607   usb_core.o
       160          0          0          0          0       3943   usb_hcd.o
      3558          0          0          0          0       8883   usb_hcd_int.o
      1496         52          0         16          0       6125   usbh_core.o
       234          0          0          0          0       3328   usbh_hcs.o
       300          0          0          0          0       4350   usbh_ioreq.o
       724         64          0         16         64       5865   usbh_msc_bot.o
       640         48          0         18         74       4841   usbh_msc_core.o
       320         46          0          1          0       4306   usbh_msc_fatfs.o
       992         74          0          1        528       6276   usbh_msc_scsi.o
       652          0          0          0          0      14123   usbh_stdreq.o
       254         48          0         74       2160      11787   usbh_usr.o

    ----------------------------------------------------------------------
     17322        748        656        228       7252     653782   Object Totals
         0          0         32          0          0          0   (incl. Generated)
        30          0          2         11          6          0   (incl. Padding)

    ----------------------------------------------------------------------

      Code (inc. data)   RO Data    RW Data    ZI Data      Debug   Library Member Name

         0          0          0          0          0          0   entry.o
         8          4          0          0          0          0   entry2.o
         4          0          0          0          0          0   entry5.o
         0          0          0          0          0          0   entry7b.o
         8          4          0          0          0          0   entry8.o
        30          0          0          0          0          0   handlers.o
        36          8          0          0          0         68   init.o

    ----------------------------------------------------------------------
        86         16          0          0          0         68   Library Totals
         0          0          0          0          0          0   (incl. Padding)

    ----------------------------------------------------------------------

      Code (inc. data)   RO Data    RW Data    ZI Data      Debug   Library Name

        86         16          0          0          0         68   mc_w.l

    ----------------------------------------------------------------------
        86         16          0          0          0         68   Library Totals

    ----------------------------------------------------------------------

==============================================================================


      Code (inc. data)   RO Data    RW Data    ZI Data      Debug   

     17408        764        656        228       7252     644178   Grand Totals
     17408        764        656        228       7252     644178   ELF Image Totals
     17408        764        656        228          0          0   ROM Totals

==============================================================================

    Total RO  Size (Code + RO Data)                18064 (  17.64kB)
    Total RW  Size (RW Data + ZI Data)              7480 (   7.30kB)
    Total ROM Size (Code + RO Data + RW Data)      18292 (  17.86kB)

==============================================================================

